Microchip MPLAB XC8 Compiler V2.40

Linker command line:

-W-3 \
  --edf=C:\Program Files\Microchip\xc8\v2.40\pic\dat\20220703182018_en.msgs \
  -pivt0x8=08h -cn \
  -h+dist/default/production\bete_travabici_teste_recarga.production.sym \
  --cmf=dist/default/production\bete_travabici_teste_recarga.production.cmf \
  -z -Q18F26K83 -oC:\Users\FERNAN~1.FER\AppData\Local\Temp\xcAs33k.4 \
  --defsym=__MPLAB_BUILD=1 --fixupoverflow=error \
  -Mdist/default/production/bete_travabici_teste_recarga.production.map \
  --md=C:\Users\FERNAN~1.FER\AppData\Local\Temp\xcAs33k.dat -E1 \
  -ver=XC8 Compiler --acfsm=1493 -ACODE=00h-0FFFFh -ACONST=00h-0FFFFh \
  -ASMALLCONST=01000h-010FFhx240 -AMEDIUMCONST=01000h-0FFFFh \
  -ACOMRAM=01h-05Fh -AABS1=00h-0FFFh -ABIGRAM=01h-0FFFh \
  -ARAM=060h-0FFh,0100h-01FFhx15 -ABANK0=060h-0FFh -ABANK1=0100h-01FFh \
  -ABANK2=0200h-02FFh -ABANK3=0300h-03FFh -ABANK4=0400h-04FFh \
  -ABANK5=0500h-05FFh -ABANK6=0600h-06FFh -ABANK7=0700h-07FFh \
  -ABANK8=0800h-08FFh -ABANK9=0900h-09FFh -ABANK10=0A00h-0AFFh \
  -ABANK11=0B00h-0BFFh -ABANK12=0C00h-0CFFh -ABANK13=0D00h-0DFFh \
  -ABANK14=0E00h-0EFFh -ABANK15=0F00h-0FFFh \
  -ASFR=03700h-037FFhx8,03F00h-03F5Fh,03F60h-03FFFh -ABIGSFR=03700h-03FFFh \
  -ACONFIG=0300000h-0300009h -AIDLOC=0200000h-020000Fh \
  -AEEDATA=0310000h-03103FFh -peeprom_data=EEDATA -preset_vec=00h \
  -ppowerup=CODE,init -pramtop=01000h -psmallconst=SMALLCONST \
  -pmediumconst=MEDIUMCONST -pconst=CONST -AFARRAM=00h-00h \
  -prdata=COMRAM,nvrram=COMRAM,nvbit=COMRAM,rbss=COMRAM,rbit=COMRAM \
  -pfarbss=FARRAM,fardata=FARRAM,nvFARRAM=FARRAM \
  -pintsave_regs=BIGRAM,bigbss=BIGRAM,bigdata=BIGRAM -pbss=RAM \
  -pidata=CODE,irdata=CODE,ibigdata=CODE,ifardata=CODE -prparam=COMRAM \
  C:\Users\FERNAN~1.FER\AppData\Local\Temp\xcAs33k.o \
  dist/default/production\bete_travabici_teste_recarga.production.o 

Object code version is 3.11

Machine type is 18F26K83



                Name                               Link     Load   Length Selector   Space Scale
C:\Users\FERNAN~1.FER\AppData\Local\Temp\xcAs33k.o
                idloc                            200000   200000       10        0       5
                config                           300000   300000        A        0       4
                init                                 1A       1A        4        4       0
                reset_vec                             0        0        4        0       0
dist/default/production\bete_travabici_teste_recarga.production.o
                idloc                            200000   200000       10        0       5
                config                           300000   300000        A        0       4
                mediumconst                        FD72     FD72      28E     7EB9       0
                ivt0x8                                8        8       12        4       0
                text104                            1FC8     1FC8        2        4       0
                text103                             E44      E44       9C        4       0
                text102                            1AAE     1AAE       3C        4       0
                text101                            1790     1790       5C        4       0
                text100                            1D34     1D34       22        4       0
                text99                             1FC4     1FC4        4        4       0
                text98                             1DFA     1DFA       18        4       0
                text97                             159C     159C       6A        4       0
                text96                             1CEE     1CEE       24        4       0
                text95                             1F46     1F46        A        4       0
                text94                             1A72     1A72       3C        4       0
                text93                             1D92     1D92       1E        4       0
                text92                             1F3C     1F3C        A        4       0
                text91                             1F32     1F32        A        4       0
                text90                             1F28     1F28        A        4       0
                text89                             1532     1532       6A        4       0
                text88                             1CA4     1CA4       26        4       0
                text87                             1F70     1F70        8        4       0
                text86                             1EF4     1EF4        C        4       0
                text85                             1D74     1D74       1E        4       0
                text84                             1C28     1C28       2C        4       0
                text83                             1FAE     1FAE        6        4       0
                text82                             1FA8     1FA8        6        4       0
                text81                             1FA2     1FA2        6        4       0
                text80                             1E96     1E96       16        4       0
                text79                             1E80     1E80       16        4       0
                text78                             1E6A     1E6A       16        4       0
                text77                             1894     1894       52        4       0
                text76                             1CCA     1CCA       24        4       0
                text75                             1006     1006       82        4       0
                text74                             1DE2     1DE2       18        4       0
                text73                             1BFC     1BFC       2C        4       0
                text72                             1BD0     1BD0       2C        4       0
                text71                             1BA4     1BA4       2C        4       0
                text70                             1B78     1B78       2C        4       0
                text69                             18E6     18E6       4C        4       0
                text68                             1FC0     1FC0        4        4       0
                text67                             1FBC     1FBC        4        4       0
                text66                             1F1E     1F1E        A        4       0
                text65                             1F9C     1F9C        6        4       0
                text64                             1F96     1F96        6        4       0
                text63                             1F14     1F14        A        4       0
                text62                             1F0A     1F0A        A        4       0
                text61                             1F90     1F90        6        4       0
                text60                             1E54     1E54       16        4       0
                text59                             1F8A     1F8A        6        4       0
                text58                             1F84     1F84        6        4       0
                text57                             1F7E     1F7E        6        4       0
                text56                             1F78     1F78        6        4       0
                text55                             1E3E     1E3E       16        4       0
                text54                             1E28     1E28       16        4       0
                text53                             1F68     1F68        8        4       0
                text52                             1EE8     1EE8        C        4       0
                text51                             1B4A     1B4A       2E        4       0
                text50                             1E12     1E12       16        4       0
                text49                              A6E      A6E      122        4       0
                text48                              DA6      DA6       9E        4       0
                text47                             1202     1202       7C        4       0
                text46                              C64      C64       A2        4       0
                text45                             1EDA     1EDA        E        4       0
                text44                             1FB8     1FB8        4        4       0
                text43                             1FB4     1FB4        4        4       0
                text42                             1C7C     1C7C       28        4       0
                text41                             1F60     1F60        8        4       0
                text40                             1ECC     1ECC        E        4       0
                text39                             1F58     1F58        8        4       0
                text38                             1EBC     1EBC       10        4       0
                text37                             166E     166E       68        4       0
                text36                             1458     1458       70        4       0
                text35                             1EAC     1EAC       10        4       0
                text34                             12F8     12F8       7A        4       0
                text33                             1734     1734       5C        4       0
                text32                             1D56     1D56       1E        4       0
                text31                             1842     1842       52        4       0
                text30                             1F50     1F50        8        4       0
                text29                             1D12     1D12       22        4       0
                text28                              F76      F76       90        4       0
                text27                             1DCA     1DCA       18        4       0
                text26                             13E6     13E6       72        4       0
                text25                              782      782      188        4       0
                text24                              90A      90A      164        4       0
                text23                             19B6     19B6       40        4       0
                text22                             1DB0     1DB0       1A        4       0
                text21                             1F00     1F00        A        4       0
                text20                              EE0      EE0       96        4       0
                text19                             1932     1932       44        4       0
                text18                             127E     127E       7A        4       0
                text17                              36C      36C      280        4       0
                text16                              5EC      5EC      196        4       0
                text15                             17EC     17EC       56        4       0
                text14                             1C54     1C54       28        4       0
                text13                             1088     1088       80        4       0
                text12                             1108     1108       7E        4       0
                text11                             1A34     1A34       3E        4       0
                text10                             19F6     19F6       3E        4       0
                text9                               B90      B90       D4        4       0
                text8                              1AEA     1AEA       32        4       0
                text7                              1372     1372       74        4       0
                text6                              1186     1186       7C        4       0
                text5                              16D6     16D6       5E        4       0
                text4                                1E       1E      34E        4       0
                text3                              1976     1976       40        4       0
                text2                              14C8     14C8       6A        4       0
                text1                               D06      D06       A0        4       0
                text0                              1606     1606       68        4       0
                cstackCOMRAM                          1        1       59        1       1
                cstackBANK0                          CE       CE       13       60       1
                bssBANK1                            100      100       6F      100       1
                bssBANK0                             60       60       6E       60       1
                bssCOMRAM                            5C       5C        2        1       1
                cinit                              1B1C     1B1C       2E        4       0
                nvBANK0                              E1       E1        8       60       1
                nvCOMRAM                             5A       5A        2        1       1

TOTAL           Name                               Link     Load   Length     Space
        CLASS   CODE           
                init                                 1A       1A        4         0
                reset_vec                             0        0        4         0
                ivt0x8                                8        8       12         0
                text104                            1FC8     1FC8        2         0
                text103                             E44      E44       9C         0
                text102                            1AAE     1AAE       3C         0
                text101                            1790     1790       5C         0
                text100                            1D34     1D34       22         0
                text99                             1FC4     1FC4        4         0
                text98                             1DFA     1DFA       18         0
                text97                             159C     159C       6A         0
                text96                             1CEE     1CEE       24         0
                text95                             1F46     1F46        A         0
                text94                             1A72     1A72       3C         0
                text93                             1D92     1D92       1E         0
                text92                             1F3C     1F3C        A         0
                text91                             1F32     1F32        A         0
                text90                             1F28     1F28        A         0
                text89                             1532     1532       6A         0
                text88                             1CA4     1CA4       26         0
                text87                             1F70     1F70        8         0
                text86                             1EF4     1EF4        C         0
                text85                             1D74     1D74       1E         0
                text84                             1C28     1C28       2C         0
                text83                             1FAE     1FAE        6         0
                text82                             1FA8     1FA8        6         0
                text81                             1FA2     1FA2        6         0
                text80                             1E96     1E96       16         0
                text79                             1E80     1E80       16         0
                text78                             1E6A     1E6A       16         0
                text77                             1894     1894       52         0
                text76                             1CCA     1CCA       24         0
                text75                             1006     1006       82         0
                text74                             1DE2     1DE2       18         0
                text73                             1BFC     1BFC       2C         0
                text72                             1BD0     1BD0       2C         0
                text71                             1BA4     1BA4       2C         0
                text70                             1B78     1B78       2C         0
                text69                             18E6     18E6       4C         0
                text68                             1FC0     1FC0        4         0
                text67                             1FBC     1FBC        4         0
                text66                             1F1E     1F1E        A         0
                text65                             1F9C     1F9C        6         0
                text64                             1F96     1F96        6         0
                text63                             1F14     1F14        A         0
                text62                             1F0A     1F0A        A         0
                text61                             1F90     1F90        6         0
                text60                             1E54     1E54       16         0
                text59                             1F8A     1F8A        6         0
                text58                             1F84     1F84        6         0
                text57                             1F7E     1F7E        6         0
                text56                             1F78     1F78        6         0
                text55                             1E3E     1E3E       16         0
                text54                             1E28     1E28       16         0
                text53                             1F68     1F68        8         0
                text52                             1EE8     1EE8        C         0
                text51                             1B4A     1B4A       2E         0
                text50                             1E12     1E12       16         0
                text49                              A6E      A6E      122         0
                text48                              DA6      DA6       9E         0
                text47                             1202     1202       7C         0
                text46                              C64      C64       A2         0
                text45                             1EDA     1EDA        E         0
                text44                             1FB8     1FB8        4         0
                text43                             1FB4     1FB4        4         0
                text42                             1C7C     1C7C       28         0
                text41                             1F60     1F60        8         0
                text40                             1ECC     1ECC        E         0
                text39                             1F58     1F58        8         0
                text38                             1EBC     1EBC       10         0
                text37                             166E     166E       68         0
                text36                             1458     1458       70         0
                text35                             1EAC     1EAC       10         0
                text34                             12F8     12F8       7A         0
                text33                             1734     1734       5C         0
                text32                             1D56     1D56       1E         0
                text31                             1842     1842       52         0
                text30                             1F50     1F50        8         0
                text29                             1D12     1D12       22         0
                text28                              F76      F76       90         0
                text27                             1DCA     1DCA       18         0
                text26                             13E6     13E6       72         0
                text25                              782      782      188         0
                text24                              90A      90A      164         0
                text23                             19B6     19B6       40         0
                text22                             1DB0     1DB0       1A         0
                text21                             1F00     1F00        A         0
                text20                              EE0      EE0       96         0
                text19                             1932     1932       44         0
                text18                             127E     127E       7A         0
                text17                              36C      36C      280         0
                text16                              5EC      5EC      196         0
                text15                             17EC     17EC       56         0
                text14                             1C54     1C54       28         0
                text13                             1088     1088       80         0
                text12                             1108     1108       7E         0
                text11                             1A34     1A34       3E         0
                text10                             19F6     19F6       3E         0
                text9                               B90      B90       D4         0
                text8                              1AEA     1AEA       32         0
                text7                              1372     1372       74         0
                text6                              1186     1186       7C         0
                text5                              16D6     16D6       5E         0
                text4                                1E       1E      34E         0
                text3                              1976     1976       40         0
                text2                              14C8     14C8       6A         0
                text1                               D06      D06       A0         0
                text0                              1606     1606       68         0
                cinit                              1B1C     1B1C       2E         0

        CLASS   CONST          

        CLASS   SMALLCONST     

        CLASS   MEDIUMCONST    
                mediumconst                        FD72     FD72      28E         0

        CLASS   COMRAM         
                cstackCOMRAM                          1        1       59         1
                bssCOMRAM                            5C       5C        2         1
                nvCOMRAM                             5A       5A        2         1

        CLASS   ABS1           

        CLASS   BIGRAM         

        CLASS   RAM            

        CLASS   BANK0          
                cstackBANK0                          CE       CE       13         1
                bssBANK0                             60       60       6E         1
                nvBANK0                              E1       E1        8         1

        CLASS   BANK1          
                bssBANK1                            100      100       6F         1

        CLASS   BANK2          

        CLASS   BANK3          

        CLASS   BANK4          

        CLASS   BANK5          

        CLASS   BANK6          

        CLASS   BANK7          

        CLASS   BANK8          

        CLASS   BANK9          

        CLASS   BANK10         

        CLASS   BANK11         

        CLASS   BANK12         

        CLASS   BANK13         

        CLASS   BANK14         

        CLASS   BANK15         

        CLASS   SFR            

        CLASS   BIGSFR         

        CLASS   CONFIG         
                config                           300000   300000        A         4

        CLASS   IDLOC          
                idloc                            200000   200000       10         5

        CLASS   EEDATA         

        CLASS   FARRAM         

        CLASS   HEAP           

        CLASS   STACK          



SEGMENTS        Name                           Load    Length   Top    Selector   Space  Class

                reset_vec                      000000  000004  000004         0       0  CODE    
                cstackCOMRAM                   000001  00005D  00005E         1       1  COMRAM  
                ivt0x8                         000008  001FC2  001FCA         4       0  CODE    
                bssBANK0                       000060  000089  0000E9        60       1  BANK0   
                bssBANK1                       000100  00006F  00016F       100       1  BANK1   
                mediumconst                    00FD72  00028E  010000      7EB9       0  MEDIUMCO


UNUSED ADDRESS RANGES

        Name                Unused          Largest block    Delta
        BANK0            0000E9-0000FF               17
        BANK1            00016F-0001FF               91
        BANK10           000A00-000AFF              100
        BANK11           000B00-000BFF              100
        BANK12           000C00-000CFF              100
        BANK13           000D00-000DFF              100
        BANK14           000E00-000EFF              100
        BANK15           000F00-000FFF              100
        BANK2            000200-0002FF              100
        BANK3            000300-0003FF              100
        BANK4            000400-0004FF              100
        BANK5            000500-0005FF              100
        BANK6            000600-0006FF              100
        BANK7            000700-0007FF              100
        BANK8            000800-0008FF              100
        BANK9            000900-0009FF              100
        BIGRAM           00005E-00005F                2
                         0000E9-0000FF               17
                         00016F-000FFF              E91
        BIGSFR           003700-003FFF              900
        CODE             000004-000007                4
                         001FCA-00FD71             DDA8
        COMRAM           00005E-00005F                2
        CONST            000004-000007                4
                         001FCA-00FD71             DDA8
        EEDATA           310000-3103FF              400
        MEDIUMCONST      001FCA-00FD71             DDA8
        RAM              0000E9-0000FF               17
                         00016F-000FFF              100
        SFR              003700-003FFF              100
        SMALLCONST       001FCA-00FD71              100

                                  Symbol Table

?_ADCC_GetSingleConversion                    cstackCOMRAM 000003
?___aodiv                                     cstackCOMRAM 000003
?___aomod                                     cstackCOMRAM 000003
?___lwdiv                                     cstackCOMRAM 000003
?_abs                                         cstackCOMRAM 000015
?_printf                                      cstackBANK0  0000D4
?_vfprintf                                    cstackBANK0  0000CE
ADCC_GetSingleConversion@channel              cstackCOMRAM 000007
I2C1_CallbackReturnReset@funPtr               cstackCOMRAM 00000C
I2C1_Close@returnValue                        cstackCOMRAM 000003
I2C1_DO_RX@retFsmState                        cstackCOMRAM 000012
I2C1_DO_TX@dataTx                             cstackCOMRAM 000012
I2C1_DO_TX@retFsmState                        cstackCOMRAM 000013
I2C1_MasterOperation@read                     cstackCOMRAM 000016
I2C1_MasterOperation@returnValue              cstackCOMRAM 000017
I2C1_MasterSendTxData@data                    cstackCOMRAM 000003
I2C1_MasterSetCounter@counter                 cstackCOMRAM 000003
I2C1_Open@address                             cstackCOMRAM 000003
I2C1_Open@returnValue                         cstackCOMRAM 000004
I2C1_SetAddressNackCallback@cb                cstackCOMRAM 000008
I2C1_SetAddressNackCallback@ptr               cstackCOMRAM 00000A
I2C1_SetBuffer@buffer                         cstackCOMRAM 000003
I2C1_SetBuffer@bufferSize                     cstackCOMRAM 000005
I2C1_SetCallback@cb                           cstackCOMRAM 000003
I2C1_SetCallback@idx                          cstackCOMRAM 000007
I2C1_SetCallback@ptr                          cstackCOMRAM 000005
I2C1_SetDataCompleteCallback@cb               cstackCOMRAM 000008
I2C1_SetDataCompleteCallback@ptr              cstackCOMRAM 00000A
I2C1_Write1ByteRegister@address               cstackCOMRAM 00001A
I2C1_Write1ByteRegister@data                  cstackCOMRAM 000019
I2C1_Write1ByteRegister@reg                   cstackCOMRAM 000018
IO_ConfigPorts@ioStruct                       cstackCOMRAM 00001B
IO_ConfigPorts@port                           cstackCOMRAM 00001D
IO_ResetPin@ioStruct                          cstackBANK0  0000DA
IO_ResetPin@mask                              cstackCOMRAM 000059
IO_ResetPin@pin                               cstackBANK0  0000DC
IO_SetPin@ioStruct                            cstackBANK0  0000DA
IO_SetPin@mask                                cstackCOMRAM 000059
IO_SetPin@pin                                 cstackBANK0  0000DC
IVTBASEH                                      (abs)        003FD6
IVTBASEL                                      (abs)        003FD5
IVTBASEU                                      (abs)        003FD7
TMR0_ISR@counter_1s                           bssBANK0     0000C8
TMR0_SetInterruptHandler@InterruptHandler     cstackCOMRAM 000003
UART2_SetErrorHandler@interruptHandler        cstackCOMRAM 000003
UART2_SetFramingErrorHandler@interruptHandler cstackCOMRAM 000003
UART2_SetOverrunErrorHandler@interruptHandler cstackCOMRAM 000003
UART2_Write@txData                            cstackCOMRAM 000003
_ADACCH                                       (abs)        003EE9
_ADACCL                                       (abs)        003EE8
_ADACCU                                       (abs)        003EEA
_ADACQH                                       (abs)        003EF4
_ADACQL                                       (abs)        003EF3
_ADACT                                        (abs)        003EFE
_ADCAP                                        (abs)        003EF5
_ADCC_GetSingleConversion                     text8        001AEA
_ADCC_Initialize                              text101      001790
_ADCLK                                        (abs)        003EFF
_ADCNT                                        (abs)        003EEB
_ADCON0                                       (abs)        003EF8
_ADCON0bits                                   (abs)        003EF8
_ADCON1                                       (abs)        003EF9
_ADCON1bits                                   (abs)        003EF9
_ADCON2                                       (abs)        003EFA
_ADCON2bits                                   (abs)        003EFA
_ADCON3                                       (abs)        003EFB
_ADCON3bits                                   (abs)        003EFB
_ADERRH                                       (abs)        003EE3
_ADERRL                                       (abs)        003EE2
_ADFLTRH                                      (abs)        003EE7
_ADFLTRL                                      (abs)        003EE6
_ADLTHH                                       (abs)        003EDF
_ADLTHL                                       (abs)        003EDE
_ADPCH                                        (abs)        003EF1
_ADPREH                                       (abs)        003EF7
_ADPREL                                       (abs)        003EF6
_ADPREVH                                      (abs)        003EEE
_ADPREVL                                      (abs)        003EED
_ADREF                                        (abs)        003EFD
_ADRESH                                       (abs)        003EF0
_ADRESL                                       (abs)        003EEF
_ADRPT                                        (abs)        003EEC
_ADSTAT                                       (abs)        003EFC
_ADSTATbits                                   (abs)        003EFC
_ADSTPTH                                      (abs)        003EE5
_ADSTPTL                                      (abs)        003EE4
_ADUTHH                                       (abs)        003EE1
_ADUTHL                                       (abs)        003EE0
_ANSELA                                       (abs)        003A40
_ANSELB                                       (abs)        003A50
_ANSELC                                       (abs)        003A60
_I2C1CLK                                      (abs)        003D7B
_I2C1CNT                                      (abs)        003D6C
_I2C1CON0                                     (abs)        003D73
_I2C1CON0bits                                 (abs)        003D73
_I2C1CON1                                     (abs)        003D74
_I2C1CON1bits                                 (abs)        003D74
_I2C1CON2                                     (abs)        003D75
_I2C1ERR                                      (abs)        003D76
_I2C1ERRbits                                  (abs)        003D76
_I2C1PIE                                      (abs)        003D7A
_I2C1PIEbits                                  (abs)        003D7A
_I2C1PIR                                      (abs)        003D79
_I2C1PIRbits                                  (abs)        003D79
_I2C1RXB                                      (abs)        003D6A
_I2C1SCLPPS                                   (abs)        003AE3
_I2C1SDAPPS                                   (abs)        003AE4
_I2C1STAT1bits                                (abs)        003D78
_I2C1TXB                                      (abs)        003D6B
_I2C1_CallbackReturnReset                     text67       001FBC
_I2C1_CallbackReturnStop                      text68       001FC0
_I2C1_ClearInterruptFlags                     text77       001894
_I2C1_Close                                   text84       001C28
_I2C1_DO_ADDRESS_NACK                         text37       00166E
_I2C1_DO_BUS_COLLISION                        text36       001458
_I2C1_DO_BUS_ERROR                            text35       001EAC
_I2C1_DO_IDLE                                 text52       001EE8
_I2C1_DO_RESET                                text38       001EBC
_I2C1_DO_RX                                   text48       000DA6
_I2C1_DO_RX_ACK                               text41       001F60
_I2C1_DO_RX_EMPTY                             text46       000C64
_I2C1_DO_RX_NACK_RESTART                      text39       001F58
_I2C1_DO_RX_NACK_STOP                         text40       001ECC
_I2C1_DO_SEND_ADR_READ                        text51       001B4A
_I2C1_DO_SEND_ADR_WRITE                       text50       001E12
_I2C1_DO_SEND_RESTART                         text43       001FB4
_I2C1_DO_SEND_RESTART_READ                    text45       001EDA
_I2C1_DO_SEND_RESTART_WRITE                   text44       001FB8
_I2C1_DO_SEND_STOP                            text42       001C7C
_I2C1_DO_TX                                   text49       000A6E
_I2C1_DO_TX$1983                              cstackCOMRAM 000010
_I2C1_DO_TX_ACK                               text53       001F68
_I2C1_DO_TX_EMPTY                             text47       001202
_I2C1_Initialize                              text100      001D34
_I2C1_MasterClearCountFlag                    text83       001FAE
_I2C1_MasterClearIrq                          text87       001F70
_I2C1_MasterClearNackFlag                     text82       001FA8
_I2C1_MasterClearStopFlag                     text81       001FA2
_I2C1_MasterClose                             text86       001EF4
_I2C1_MasterDisableIrq                        text85       001D74
_I2C1_MasterDisableRestart                    text65       001F9C
_I2C1_MasterEnableRestart                     text64       001F96
_I2C1_MasterFsm                               text34       0012F8
_I2C1_MasterGetCounter                        text56       001F78
_I2C1_MasterGetRxData                         text61       001F90
_I2C1_MasterIsCountFlagSet                    text80       001E96
_I2C1_MasterIsNack                            text55       001E3E
_I2C1_MasterIsNackFlagSet                     text79       001E80
_I2C1_MasterIsRxBufFull                       text60       001E54
_I2C1_MasterIsStopFlagSet                     text78       001E6A
_I2C1_MasterIsTxBufEmpty                      text54       001E28
_I2C1_MasterOpen                              text29       001D12
_I2C1_MasterOperation                         text31       001842
_I2C1_MasterResetBus                          text66       001F1E
_I2C1_MasterSendAck                           text59       001F8A
_I2C1_MasterSendNack                          text58       001F84
_I2C1_MasterSendTxData                        text62       001F0A
_I2C1_MasterSetCounter                        text63       001F14
_I2C1_MasterStop                              text57       001F7E
_I2C1_MasterWaitForEvent                      text33       001734
_I2C1_MasterWrite                             text30       001F50
_I2C1_Open                                    text28       000F76
_I2C1_Poller                                  text32       001D56
_I2C1_SetAddressNackCallback                  text27       001DCA
_I2C1_SetBuffer                               text76       001CCA
_I2C1_SetCallback                             text75       001006
_I2C1_SetDataCompleteCallback                 text74       001DE2
_I2C1_Status                                  bssBANK0     000060
_I2C1_Write1ByteRegister                      text26       0013E6
_INLVLA                                       (abs)        003A44
_INLVLB                                       (abs)        003A54
_INLVLC                                       (abs)        003A64
_INLVLE                                       (abs)        003A84
_INTCON0bits                                  (abs)        003FD2
_INTERRUPT_Initialize                         text99       001FC4
_INTERRUPT_InterruptManager                   text102      001AAE
_IO_ConfigPorts                               text2        0014C8
_IO_ResetPin                                  text13       001088
_IO_SetPin                                    text12       001108
_LATA                                         (abs)        003FBA
_LATAbits                                     (abs)        003FBA
_LATB                                         (abs)        003FBB
_LATC                                         (abs)        003FBC
_LATCbits                                     (abs)        003FBC
_NVMADRH                                      (abs)        0039E1
_NVMADRL                                      (abs)        0039E0
_NVMCON1bits                                  (abs)        0039E5
_NVMCON2                                      (abs)        0039E6
_NVMDAT                                       (abs)        0039E3
_ODCONA                                       (abs)        003A42
_ODCONB                                       (abs)        003A52
_ODCONC                                       (abs)        003A62
_OSCCON1                                      (abs)        0039D9
_OSCCON3                                      (abs)        0039DB
_OSCEN                                        (abs)        0039DD
_OSCFRQ                                       (abs)        0039DF
_OSCILLATOR_Initialize                        text98       001DFA
_OSCTUNE                                      (abs)        0039DE
_PIE2bits                                     (abs)        003992
_PIE3bits                                     (abs)        003993
_PIN_MANAGER_Initialize                       text97       00159C
_PIR0bits                                     (abs)        0039A0
_PIR2bits                                     (abs)        0039A2
_PIR3bits                                     (abs)        0039A3
_PIR4bits                                     (abs)        0039A4
_PIR7bits                                     (abs)        0039A7
_PMD0                                         (abs)        0039C0
_PMD1                                         (abs)        0039C1
_PMD2                                         (abs)        0039C2
_PMD3                                         (abs)        0039C3
_PMD4                                         (abs)        0039C4
_PMD5                                         (abs)        0039C5
_PMD6                                         (abs)        0039C6
_PMD7                                         (abs)        0039C7
_PMD_Initialize                               text96       001CEE
_PORTCbits                                    (abs)        003FCC
_PR2                                          (abs)        003FAB
_RB0PPS                                       (abs)        003A08
_RB1PPS                                       (abs)        003A09
_RB5PPS                                       (abs)        003A0D
_SLRCONA                                      (abs)        003A43
_SLRCONB                                      (abs)        003A53
_SLRCONC                                      (abs)        003A63
_SYSTEM_Initialize                            text88       001CA4
_T0CON0                                       (abs)        003FB8
_T0CON0bits                                   (abs)        003FB8
_T0CON1                                       (abs)        003FB9
_T2CLKCON                                     (abs)        003FAE
_T2CON                                        (abs)        003FAC
_T2CONbits                                    (abs)        003FAC
_T2HLT                                        (abs)        003FAD
_T2HLTbits                                    (abs)        003FAD
_T2PR                                         (abs)        003FAB
_T2RST                                        (abs)        003FAF
_T2RSTbits                                    (abs)        003FAF
_T2TMR                                        (abs)        003FAA
_TABLAT                                       (abs)        003FF5
_TBLPTRH                                      (abs)        003FF7
_TBLPTRL                                      (abs)        003FF6
_TBLPTRU                                      (abs)        003FF8
_TMR0H                                        (abs)        003FB7
_TMR0L                                        (abs)        003FB6
_TMR0_DefaultInterruptHandler                 text104      001FC8
_TMR0_ISR                                     text103      000E44
_TMR0_Initialize                              text94       001A72
_TMR0_InterruptHandler                        nvBANK0      0000E1
_TMR0_SetInterruptHandler                     text95       001F46
_TMR2                                         (abs)        003FAA
_TMR2_Initialize                              text93       001D92
_TRISA                                        (abs)        003FC2
_TRISB                                        (abs)        003FC3
_TRISC                                        (abs)        003FC4
_U2BRGH                                       (abs)        003DDE
_U2BRGL                                       (abs)        003DDD
_U2CON0                                       (abs)        003DDA
_U2CON0bits                                   (abs)        003DDA
_U2CON1                                       (abs)        003DDB
_U2CON2                                       (abs)        003DDC
_U2ERRIE                                      (abs)        003DE2
_U2ERRIR                                      (abs)        003DE1
_U2ERRIRbits                                  (abs)        003DE1
_U2FIFO                                       (abs)        003DDF
_U2P1H                                        (abs)        003DD5
_U2P1L                                        (abs)        003DD4
_U2P2H                                        (abs)        003DD7
_U2P2L                                        (abs)        003DD6
_U2P3H                                        (abs)        003DD9
_U2P3L                                        (abs)        003DD8
_U2RXB                                        (abs)        003DD0
_U2RXPPS                                      (abs)        003AEA
_U2TXB                                        (abs)        003DD2
_U2UIR                                        (abs)        003DE0
_UART2_DefaultErrorHandler                    (abs)        000000
_UART2_DefaultFramingErrorHandler             (abs)        000000
_UART2_DefaultOverrunErrorHandler             (abs)        000000
_UART2_ErrorHandler                           nvBANK0      0000E3
_UART2_FramingErrorHandler                    nvBANK0      0000E7
_UART2_Initialize                             text89       001532
_UART2_OverrunErrorHandler                    nvBANK0      0000E5
_UART2_SetErrorHandler                        text92       001F3C
_UART2_SetFramingErrorHandler                 text91       001F32
_UART2_SetOverrunErrorHandler                 text90       001F28
_UART2_Write                                  text22       001DB0
_WPUA                                         (abs)        003A41
_WPUB                                         (abs)        003A51
_WPUC                                         (abs)        003A61
_WPUE                                         (abs)        003A81
__HRAM                                        (abs)        000000
__Habs1                                       abs1         000000
__Hbank0                                      bank0        000000
__Hbank1                                      bank1        000000
__Hbank10                                     bank10       000000
__Hbank11                                     bank11       000000
__Hbank12                                     bank12       000000
__Hbank13                                     bank13       000000
__Hbank14                                     bank14       000000
__Hbank15                                     bank15       000000
__Hbank2                                      bank2        000000
__Hbank3                                      bank3        000000
__Hbank4                                      bank4        000000
__Hbank5                                      bank5        000000
__Hbank6                                      bank6        000000
__Hbank7                                      bank7        000000
__Hbank8                                      bank8        000000
__Hbank9                                      bank9        000000
__Hbigbss                                     bigbss       000000
__Hbigdata                                    bigdata      000000
__Hbigram                                     bigram       000000
__Hbigsfr                                     bigsfr       000000
__Hbss                                        bss          000000
__HbssBANK0                                   bssBANK0     000000
__HbssBANK1                                   bssBANK1     000000
__HbssCOMRAM                                  bssCOMRAM    000000
__Hcinit                                      cinit        000000
__Hclrtext                                    clrtext      000000
__Hcomram                                     comram       000000
__Hconfig                                     config       30000A
__Hconst                                      const        000000
__HcstackBANK0                                cstackBANK0  000000
__HcstackCOMRAM                               cstackCOMRAM 000000
__Hdata                                       data         000000
__Heeprom_data                                eeprom_data  000000
__Hfarbss                                     farbss       000000
__Hfardata                                    fardata      000000
__Hheap                                       heap         000000
__Hibigdata                                   ibigdata     000000
__Hidata                                      idata        000000
__Hidloc                                      idloc        200010
__Hifardata                                   ifardata     000000
__Hinit                                       init         00001E
__Hintsave_regs                               intsave_regs 000000
__Hirdata                                     irdata       000000
__Hivt0x8                                     ivt0x8       00001A
__Hmediumconst                                mediumconst  010000
__HnvBANK0                                    nvBANK0      000000
__HnvCOMRAM                                   nvCOMRAM     000000
__HnvFARRAM                                   nvFARRAM     000000
__Hnvbit                                      nvbit        000000
__Hnvrram                                     nvrram       000000
__Hparam                                      rparam       000000
__Hpowerup                                    powerup      000000
__Hram                                        ram          000000
__Hramtop                                     ramtop       001000
__Hrbit                                       rbit         000000
__Hrbss                                       rbss         000000
__Hrdata                                      rdata        000000
__Hreset_vec                                  reset_vec    000004
__Hrparam                                     rparam       000000
__Hsfr                                        sfr          000000
__Hsmallconst                                 smallconst   000000
__Hspace_0                                    (abs)        010000
__Hspace_1                                    (abs)        00016F
__Hspace_2                                    (abs)        000000
__Hspace_4                                    (abs)        60000A
__Hstack                                      stack        000000
__Hstruct                                     struct       000000
__Htemp                                       temp         000000
__Htext                                       text         000000
__Htext0                                      text0        000000
__Htext1                                      text1        000000
__Htext10                                     text10       000000
__Htext100                                    text100      000000
__Htext101                                    text101      000000
__Htext102                                    text102      000000
__Htext103                                    text103      000000
__Htext104                                    text104      000000
__Htext105                                    text105      000000
__Htext11                                     text11       000000
__Htext12                                     text12       000000
__Htext13                                     text13       000000
__Htext14                                     text14       000000
__Htext15                                     text15       000000
__Htext16                                     text16       000000
__Htext17                                     text17       000000
__Htext18                                     text18       000000
__Htext19                                     text19       000000
__Htext2                                      text2        000000
__Htext20                                     text20       000000
__Htext21                                     text21       000000
__Htext22                                     text22       000000
__Htext23                                     text23       000000
__Htext24                                     text24       000000
__Htext25                                     text25       000000
__Htext26                                     text26       000000
__Htext27                                     text27       000000
__Htext28                                     text28       000000
__Htext29                                     text29       000000
__Htext3                                      text3        000000
__Htext30                                     text30       000000
__Htext31                                     text31       000000
__Htext32                                     text32       000000
__Htext33                                     text33       000000
__Htext34                                     text34       000000
__Htext35                                     text35       000000
__Htext36                                     text36       000000
__Htext37                                     text37       000000
__Htext38                                     text38       000000
__Htext39                                     text39       000000
__Htext4                                      text4        000000
__Htext40                                     text40       000000
__Htext41                                     text41       000000
__Htext42                                     text42       000000
__Htext43                                     text43       000000
__Htext44                                     text44       000000
__Htext45                                     text45       000000
__Htext46                                     text46       000000
__Htext47                                     text47       000000
__Htext48                                     text48       000000
__Htext49                                     text49       000000
__Htext5                                      text5        000000
__Htext50                                     text50       000000
__Htext51                                     text51       000000
__Htext52                                     text52       000000
__Htext53                                     text53       000000
__Htext54                                     text54       000000
__Htext55                                     text55       000000
__Htext56                                     text56       000000
__Htext57                                     text57       000000
__Htext58                                     text58       000000
__Htext59                                     text59       000000
__Htext6                                      text6        000000
__Htext60                                     text60       000000
__Htext61                                     text61       000000
__Htext62                                     text62       000000
__Htext63                                     text63       000000
__Htext64                                     text64       000000
__Htext65                                     text65       000000
__Htext66                                     text66       000000
__Htext67                                     text67       000000
__Htext68                                     text68       000000
__Htext69                                     text69       000000
__Htext7                                      text7        000000
__Htext70                                     text70       000000
__Htext71                                     text71       000000
__Htext72                                     text72       000000
__Htext73                                     text73       000000
__Htext74                                     text74       000000
__Htext75                                     text75       000000
__Htext76                                     text76       000000
__Htext77                                     text77       000000
__Htext78                                     text78       000000
__Htext79                                     text79       000000
__Htext8                                      text8        000000
__Htext80                                     text80       000000
__Htext81                                     text81       000000
__Htext82                                     text82       000000
__Htext83                                     text83       000000
__Htext84                                     text84       000000
__Htext85                                     text85       000000
__Htext86                                     text86       000000
__Htext87                                     text87       000000
__Htext88                                     text88       000000
__Htext89                                     text89       000000
__Htext9                                      text9        000000
__Htext90                                     text90       000000
__Htext91                                     text91       000000
__Htext92                                     text92       000000
__Htext93                                     text93       000000
__Htext94                                     text94       000000
__Htext95                                     text95       000000
__Htext96                                     text96       000000
__Htext97                                     text97       000000
__Htext98                                     text98       000000
__Htext99                                     text99       000000
__LRAM                                        (abs)        000001
__Labs1                                       abs1         000000
__Lbank0                                      bank0        000000
__Lbank1                                      bank1        000000
__Lbank10                                     bank10       000000
__Lbank11                                     bank11       000000
__Lbank12                                     bank12       000000
__Lbank13                                     bank13       000000
__Lbank14                                     bank14       000000
__Lbank15                                     bank15       000000
__Lbank2                                      bank2        000000
__Lbank3                                      bank3        000000
__Lbank4                                      bank4        000000
__Lbank5                                      bank5        000000
__Lbank6                                      bank6        000000
__Lbank7                                      bank7        000000
__Lbank8                                      bank8        000000
__Lbank9                                      bank9        000000
__Lbigbss                                     bigbss       000000
__Lbigdata                                    bigdata      000000
__Lbigram                                     bigram       000000
__Lbigsfr                                     bigsfr       000000
__Lbss                                        bss          000000
__LbssBANK0                                   bssBANK0     000000
__LbssBANK1                                   bssBANK1     000000
__LbssCOMRAM                                  bssCOMRAM    000000
__Lcinit                                      cinit        000000
__Lclrtext                                    clrtext      000000
__Lcomram                                     comram       000000
__Lconfig                                     config       000000
__Lconst                                      const        000000
__LcstackBANK0                                cstackBANK0  000000
__LcstackCOMRAM                               cstackCOMRAM 000000
__Ldata                                       data         000000
__Leeprom_data                                eeprom_data  000000
__Lfarbss                                     farbss       000000
__Lfardata                                    fardata      000000
__Lheap                                       heap         000000
__Libigdata                                   ibigdata     000000
__Lidata                                      idata        000000
__Lidloc                                      idloc        000000
__Lifardata                                   ifardata     000000
__Linit                                       init         00001A
__Lintsave_regs                               intsave_regs 000000
__Lirdata                                     irdata       000000
__Livt0x8                                     ivt0x8       000008
__Lmediumconst                                mediumconst  00FD72
__LnvBANK0                                    nvBANK0      000000
__LnvCOMRAM                                   nvCOMRAM     000000
__LnvFARRAM                                   nvFARRAM     000000
__Lnvbit                                      nvbit        000000
__Lnvrram                                     nvrram       000000
__Lparam                                      rparam       000000
__Lpowerup                                    powerup      000000
__Lram                                        ram          000000
__Lramtop                                     ramtop       001000
__Lrbit                                       rbit         000000
__Lrbss                                       rbss         000000
__Lrdata                                      rdata        000000
__Lreset_vec                                  reset_vec    000000
__Lrparam                                     rparam       000000
__Lsfr                                        sfr          000000
__Lsmallconst                                 smallconst   000000
__Lspace_0                                    (abs)        000000
__Lspace_1                                    (abs)        000000
__Lspace_2                                    (abs)        000000
__Lspace_4                                    (abs)        000000
__Lstack                                      stack        000000
__Lstruct                                     struct       000000
__Ltemp                                       temp         000000
__Ltext                                       text         000000
__Ltext0                                      text0        000000
__Ltext1                                      text1        000000
__Ltext10                                     text10       000000
__Ltext100                                    text100      000000
__Ltext101                                    text101      000000
__Ltext102                                    text102      000000
__Ltext103                                    text103      000000
__Ltext104                                    text104      000000
__Ltext105                                    text105      000000
__Ltext11                                     text11       000000
__Ltext12                                     text12       000000
__Ltext13                                     text13       000000
__Ltext14                                     text14       000000
__Ltext15                                     text15       000000
__Ltext16                                     text16       000000
__Ltext17                                     text17       000000
__Ltext18                                     text18       000000
__Ltext19                                     text19       000000
__Ltext2                                      text2        000000
__Ltext20                                     text20       000000
__Ltext21                                     text21       000000
__Ltext22                                     text22       000000
__Ltext23                                     text23       000000
__Ltext24                                     text24       000000
__Ltext25                                     text25       000000
__Ltext26                                     text26       000000
__Ltext27                                     text27       000000
__Ltext28                                     text28       000000
__Ltext29                                     text29       000000
__Ltext3                                      text3        000000
__Ltext30                                     text30       000000
__Ltext31                                     text31       000000
__Ltext32                                     text32       000000
__Ltext33                                     text33       000000
__Ltext34                                     text34       000000
__Ltext35                                     text35       000000
__Ltext36                                     text36       000000
__Ltext37                                     text37       000000
__Ltext38                                     text38       000000
__Ltext39                                     text39       000000
__Ltext4                                      text4        000000
__Ltext40                                     text40       000000
__Ltext41                                     text41       000000
__Ltext42                                     text42       000000
__Ltext43                                     text43       000000
__Ltext44                                     text44       000000
__Ltext45                                     text45       000000
__Ltext46                                     text46       000000
__Ltext47                                     text47       000000
__Ltext48                                     text48       000000
__Ltext49                                     text49       000000
__Ltext5                                      text5        000000
__Ltext50                                     text50       000000
__Ltext51                                     text51       000000
__Ltext52                                     text52       000000
__Ltext53                                     text53       000000
__Ltext54                                     text54       000000
__Ltext55                                     text55       000000
__Ltext56                                     text56       000000
__Ltext57                                     text57       000000
__Ltext58                                     text58       000000
__Ltext59                                     text59       000000
__Ltext6                                      text6        000000
__Ltext60                                     text60       000000
__Ltext61                                     text61       000000
__Ltext62                                     text62       000000
__Ltext63                                     text63       000000
__Ltext64                                     text64       000000
__Ltext65                                     text65       000000
__Ltext66                                     text66       000000
__Ltext67                                     text67       000000
__Ltext68                                     text68       000000
__Ltext69                                     text69       000000
__Ltext7                                      text7        000000
__Ltext70                                     text70       000000
__Ltext71                                     text71       000000
__Ltext72                                     text72       000000
__Ltext73                                     text73       000000
__Ltext74                                     text74       000000
__Ltext75                                     text75       000000
__Ltext76                                     text76       000000
__Ltext77                                     text77       000000
__Ltext78                                     text78       000000
__Ltext79                                     text79       000000
__Ltext8                                      text8        000000
__Ltext80                                     text80       000000
__Ltext81                                     text81       000000
__Ltext82                                     text82       000000
__Ltext83                                     text83       000000
__Ltext84                                     text84       000000
__Ltext85                                     text85       000000
__Ltext86                                     text86       000000
__Ltext87                                     text87       000000
__Ltext88                                     text88       000000
__Ltext89                                     text89       000000
__Ltext9                                      text9        000000
__Ltext90                                     text90       000000
__Ltext91                                     text91       000000
__Ltext92                                     text92       000000
__Ltext93                                     text93       000000
__Ltext94                                     text94       000000
__Ltext95                                     text95       000000
__Ltext96                                     text96       000000
__Ltext97                                     text97       000000
__Ltext98                                     text98       000000
__Ltext99                                     text99       000000
__S0                                          (abs)        010000
__S1                                          (abs)        00016F
__S4                                          (abs)        000000
__S5                                          (abs)        000000
___aodiv                                      text25       000782
___aodiv@counter                              cstackCOMRAM 000013
___aodiv@dividend                             cstackCOMRAM 000003
___aodiv@divisor                              cstackCOMRAM 00000B
___aodiv@quotient                             cstackCOMRAM 000015
___aodiv@sign                                 cstackCOMRAM 000014
___aomod                                      text24       00090A
___aomod@counter                              cstackCOMRAM 000013
___aomod@dividend                             cstackCOMRAM 000003
___aomod@divisor                              cstackCOMRAM 00000B
___aomod@sign                                 cstackCOMRAM 000014
___heap_hi                                    (abs)        000000
___heap_lo                                    (abs)        000000
___inthi_sp                                   stack        000000
___intlo_sp                                   stack        000000
___lwdiv                                      text7        001372
___lwdiv@counter                              cstackCOMRAM 000009
___lwdiv@dividend                             cstackCOMRAM 000003
___lwdiv@divisor                              cstackCOMRAM 000005
___lwdiv@quotient                             cstackCOMRAM 000007
___param_bank                                 (abs)        000000
___rparam_used                                (abs)        000001
___sp                                         stack        000000
__accesstop                                   (abs)        000060
__activetblptr                                (abs)        000003
__end_of_ADCC_GetSingleConversion             text8        001B1C
__end_of_ADCC_Initialize                      text101      0017EC
__end_of_I2C1_CallbackReturnReset             text67       001FC0
__end_of_I2C1_CallbackReturnStop              text68       001FC4
__end_of_I2C1_ClearInterruptFlags             text77       0018E6
__end_of_I2C1_Close                           text84       001C54
__end_of_I2C1_DO_ADDRESS_NACK                 text37       0016D6
__end_of_I2C1_DO_BUS_COLLISION                text36       0014C8
__end_of_I2C1_DO_BUS_ERROR                    text35       001EBC
__end_of_I2C1_DO_IDLE                         text52       001EF4
__end_of_I2C1_DO_RESET                        text38       001ECC
__end_of_I2C1_DO_RX                           text48       000E44
__end_of_I2C1_DO_RX_ACK                       text41       001F68
__end_of_I2C1_DO_RX_EMPTY                     text46       000D06
__end_of_I2C1_DO_RX_NACK_RESTART              text39       001F60
__end_of_I2C1_DO_RX_NACK_STOP                 text40       001EDA
__end_of_I2C1_DO_SEND_ADR_READ                text51       001B78
__end_of_I2C1_DO_SEND_ADR_WRITE               text50       001E28
__end_of_I2C1_DO_SEND_RESTART                 text43       001FB8
__end_of_I2C1_DO_SEND_RESTART_READ            text45       001EE8
__end_of_I2C1_DO_SEND_RESTART_WRITE           text44       001FBC
__end_of_I2C1_DO_SEND_STOP                    text42       001CA4
__end_of_I2C1_DO_TX                           text49       000B90
__end_of_I2C1_DO_TX_ACK                       text53       001F70
__end_of_I2C1_DO_TX_EMPTY                     text47       00127E
__end_of_I2C1_Initialize                      text100      001D56
__end_of_I2C1_MasterClearCountFlag            text83       001FB4
__end_of_I2C1_MasterClearIrq                  text87       001F78
__end_of_I2C1_MasterClearNackFlag             text82       001FAE
__end_of_I2C1_MasterClearStopFlag             text81       001FA8
__end_of_I2C1_MasterClose                     text86       001F00
__end_of_I2C1_MasterDisableIrq                text85       001D92
__end_of_I2C1_MasterDisableRestart            text65       001FA2
__end_of_I2C1_MasterEnableRestart             text64       001F9C
__end_of_I2C1_MasterFsm                       text34       001372
__end_of_I2C1_MasterGetCounter                text56       001F7E
__end_of_I2C1_MasterGetRxData                 text61       001F96
__end_of_I2C1_MasterIsCountFlagSet            text80       001EAC
__end_of_I2C1_MasterIsNack                    text55       001E54
__end_of_I2C1_MasterIsNackFlagSet             text79       001E96
__end_of_I2C1_MasterIsRxBufFull               text60       001E6A
__end_of_I2C1_MasterIsStopFlagSet             text78       001E80
__end_of_I2C1_MasterIsTxBufEmpty              text54       001E3E
__end_of_I2C1_MasterOpen                      text29       001D34
__end_of_I2C1_MasterOperation                 text31       001894
__end_of_I2C1_MasterResetBus                  text66       001F28
__end_of_I2C1_MasterSendAck                   text59       001F90
__end_of_I2C1_MasterSendNack                  text58       001F8A
__end_of_I2C1_MasterSendTxData                text62       001F14
__end_of_I2C1_MasterSetCounter                text63       001F1E
__end_of_I2C1_MasterStop                      text57       001F84
__end_of_I2C1_MasterWaitForEvent              text33       001790
__end_of_I2C1_MasterWrite                     text30       001F58
__end_of_I2C1_Open                            text28       001006
__end_of_I2C1_Poller                          text32       001D74
__end_of_I2C1_SetAddressNackCallback          text27       001DE2
__end_of_I2C1_SetBuffer                       text76       001CEE
__end_of_I2C1_SetCallback                     text75       001088
__end_of_I2C1_SetDataCompleteCallback         text74       001DFA
__end_of_I2C1_Write1ByteRegister              text26       001458
__end_of_INTERRUPT_Initialize                 text99       001FC8
__end_of_INTERRUPT_InterruptManager           text102      001AEA
__end_of_IO_ConfigPorts                       text2        001532
__end_of_IO_ResetPin                          text13       001108
__end_of_IO_SetPin                            text12       001186
__end_of_OSCILLATOR_Initialize                text98       001E12
__end_of_PIN_MANAGER_Initialize               text97       001606
__end_of_PMD_Initialize                       text96       001D12
__end_of_SYSTEM_Initialize                    text88       001CCA
__end_of_TMR0_DefaultInterruptHandler         text104      001FCA
__end_of_TMR0_ISR                             text103      000EE0
__end_of_TMR0_Initialize                      text94       001AAE
__end_of_TMR0_SetInterruptHandler             text95       001F50
__end_of_TMR2_Initialize                      text93       001DB0
__end_of_UART2_Initialize                     text89       00159C
__end_of_UART2_SetErrorHandler                text92       001F46
__end_of_UART2_SetFramingErrorHandler         text91       001F3C
__end_of_UART2_SetOverrunErrorHandler         text90       001F32
__end_of_UART2_Write                          text22       001DCA
__end_of___aodiv                              text25       00090A
__end_of___aomod                              text24       000A6E
__end_of___lwdiv                              text7        0013E6
__end_of__initialization                      cinit        001B44
__end_of_abs                                  text23       0019F6
__end_of_control_system                       text4        00036C
__end_of_control_wdt                          text3        0019B6
__end_of_dtoa                                 text17       0005EC
__end_of_fputc                                text20       000F76
__end_of_fputs                                text19       001976
__end_of_fx_led_green_fast                    text11       001A72
__end_of_fx_led_green_slow                    text10       001A34
__end_of_fx_led_show_fail                     text9        000C64
__end_of_fx_read_adc                          text6        001202
__end_of_fx_read_button                       text5        001734
__end_of_fx_system_start                      text1        000DA6
__end_of_i2c1_fsmStateTable                   mediumconst  00FD99
__end_of_main                                 text0        00166E
__end_of_pad                                  text18       0012F8
__end_of_printf                               text14       001C7C
__end_of_putch                                text21       001F0A
__end_of_rd1RegCompleteHandler                text72       001BFC
__end_of_rd2RegCompleteHandler                text71       001BD0
__end_of_rdBlkRegCompleteHandler              text69       001932
__end_of_vfpfcnvrt                            text16       000782
__end_of_vfprintf                             text15       001842
__end_of_wr1RegCompleteHandler                text70       001BA4
__end_of_wr2RegCompleteHandler                text73       001C28
__initialization                              cinit        001B1C
__mediumconst                                 mediumconst  00FD72
__pbssBANK0                                   bssBANK0     000060
__pbssBANK1                                   bssBANK1     000100
__pbssCOMRAM                                  bssCOMRAM    00005C
__pcinit                                      cinit        001B1C
__pcstackBANK0                                cstackBANK0  0000CE
__pcstackCOMRAM                               cstackCOMRAM 000001
__pivt0x8                                     ivt0x8       000008
__pmediumconst                                mediumconst  00FD72
__pnvBANK0                                    nvBANK0      0000E1
__pnvCOMRAM                                   nvCOMRAM     00005A
__ptext0                                      text0        001606
__ptext1                                      text1        000D06
__ptext10                                     text10       0019F6
__ptext100                                    text100      001D34
__ptext101                                    text101      001790
__ptext102                                    text102      001AAE
__ptext103                                    text103      000E44
__ptext104                                    text104      001FC8
__ptext105                                    text105      000000
__ptext11                                     text11       001A34
__ptext12                                     text12       001108
__ptext13                                     text13       001088
__ptext14                                     text14       001C54
__ptext15                                     text15       0017EC
__ptext16                                     text16       0005EC
__ptext17                                     text17       00036C
[...]
__ptext35                                     text35       001EAC
__ptext36                                     text36       001458
__ptext37                                     text37       00166E
__ptext38                                     text38       001EBC
__ptext39                                     text39       001F58
__ptext4                                      text4        00001E
__ptext40                                     text40       001ECC
__ptext41                                     text41       001F60
__ptext42                                     text42       001C7C
__ptext43                                     text43       001FB4
__ptext44                                     text44       001FB8
__ptext45                                     text45       001EDA
__ptext46                                     text46       000C64
__ptext47                                     text47       001202
__ptext48                                     text48       000DA6
__ptext49                                     text49       000A6E
__ptext5                                      text5        0016D6
__ptext50                                     text50       001E12
__ptext51                                     text51       001B4A
__ptext52                                     text52       001EE8
__ptext53                                     text53       001F68
__ptext54                                     text54       001E28
__ptext55                                     text55       001E3E
__ptext56                                     text56       001F78
__ptext57                                     text57       001F7E
__ptext58                                     text58       001F84
__ptext59                                     text59       001F8A
__ptext6                                      text6        001186
__ptext60                                     text60       001E54
__ptext61                                     text61       001F90
__ptext62                                     text62       001F0A
__ptext63                                     text63       001F14
__ptext64                                     text64       001F96
__ptext65                                     text65       001F9C
__ptext66                                     text66       001F1E
__ptext67                                     text67       001FBC
__ptext68                                     text68       001FC0
__ptext69                                     text69       0018E6
__ptext7                                      text7        001372
__ptext70                                     text70       001B78
__ptext71                                     text71       001BA4
__ptext72                                     text72       001BD0
__ptext73                                     text73       001BFC
__ptext74                                     text74       001DE2
__ptext75                                     text75       001006
__ptext76                                     text76       001CCA
__ptext77                                     text77       001894
__ptext78                                     text78       001E6A
__ptext79                                     text79       001E80
__ptext8                                      text8        001AEA
__ptext80                                     text80       001E96
__ptext81                                     text81       001FA2
__ptext82                                     text82       001FA8
__ptext83                                     text83       001FAE
__ptext84                                     text84       001C28
__ptext85                                     text85       001D74
__ptext86                                     text86       001EF4
__ptext87                                     text87       001F70
__ptext88                                     text88       001CA4
__ptext89                                     text89       001532
__ptext9                                      text9        000B90
__ptext90                                     text90       001F28
__ptext91                                     text91       001F32
__ptext92                                     text92       001F3C
__ptext93                                     text93       001D92
__ptext94                                     text94       001A72
__ptext95                                     text95       001F46
__ptext96                                     text96       001CEE
__ptext97                                     text97       00159C
__ptext98                                     text98       001DFA
__ptext99                                     text99       001FC4
__ramtop                                      ramtop       001000
__smallconst                                  smallconst   000000
_abs                                          text23       0019B6
_control_system                               text4        00001E
_control_wdt                                  text3        001976
_dbuf                                         bssBANK1     00014F
_dtoa                                         text17       00036C
_dtoa$3426                                    cstackCOMRAM 000032
_flags                                        bssBANK0     0000BD
_fputc                                        text20       000EE0
_fputs                                        text19       001932
_fx_led_green_fast                            text11       001A34
_fx_led_green_slow                            text10       0019F6
_fx_led_show_fail                             text9        000B90
_fx_read_adc                                  text6        001186
_fx_read_button                               text5        0016D6
_fx_system_start                              text1        000D06
_g_adc_1                                      bssBANK0     0000B7
_g_adc_2                                      bssBANK0     0000B5
_g_bike_status                                bssBANK0     0000B9
_g_can_messages                               bssBANK1     00011C
_g_can_validation_messages                    bssBANK0     000084
_g_fail_code                                  bssBANK0     0000C7
_g_flag_timer_100ms                           bssCOMRAM    00005D
_g_flag_timer_1s                              bssCOMRAM    00005C
_g_hall_current                               bssBANK0     000090
_g_hall_start                                 bssBANK0     00009A
_g_io_expander1                               bssBANK0     0000CA
_g_lock_config                                bssBANK1     000136
_g_lock_serial                                bssBANK0     0000A4
_g_lock_status                                bssBANK1     000100
_g_state_machine                              bssBANK0     0000C6
_g_wait_time                                  bssBANK0     0000BB
_i2c1_fsmStateTable                           mediumconst  00FD73
_main                                         text0        001606
_pad                                          text18       00127E
_prec                                         bssBANK0     0000AD
_printf                                       text14       001C54
_putch                                        text21       001F00
_rd1RegCompleteHandler                        text72       001BD0
_rd2RegCompleteHandler                        text71       001BA4
_rdBlkRegCompleteHandler                      text69       0018E6
_timer0ReloadVal16bit                         nvCOMRAM     00005A
_uart2RxLastError                             bssBANK0     0000C9
_vfpfcnvrt                                    text16       0005EC
_vfprintf                                     text15       0017EC
_width                                        bssBANK0     0000AB
_wr1RegCompleteHandler                        text70       001B78
_wr2RegCompleteHandler                        text73       001BFC
abs@a                                         cstackCOMRAM 000015
control_system@flag_fail                      bssBANK0     0000C4
control_wdt@last_flag                         bssBANK0     0000C3
dtoa@d                                        cstackCOMRAM 000022
dtoa@fp                                       cstackCOMRAM 000020
dtoa@i                                        cstackCOMRAM 000040
dtoa@n                                        cstackCOMRAM 000038
dtoa@p                                        cstackCOMRAM 000034
dtoa@s                                        cstackCOMRAM 000042
dtoa@w                                        cstackCOMRAM 000036
end_of_initialization                         cinit        001B44
fputc@c                                       cstackCOMRAM 000005
fputc@fp                                      cstackCOMRAM 000007
fputs@c                                       cstackCOMRAM 000012
fputs@fp                                      cstackCOMRAM 000010
fputs@i                                       cstackCOMRAM 000013
fputs@s                                       cstackCOMRAM 00000E
fx_led_green_fast@flag_led                    bssBANK0     0000C1
fx_led_green_slow@flag_led                    bssBANK0     0000C0
fx_led_show_fail@blink_counter                bssBANK0     0000AF
fx_led_show_fail@fail_code                    cstackCOMRAM 000003
fx_led_show_fail@flag_led                     bssBANK0     0000BF
fx_led_show_fail@flag_time                    bssBANK0     0000BE
fx_led_show_fail@time_led                     bssBANK0     0000B1
fx_read_adc@adc_1                             cstackCOMRAM 00000A
fx_read_adc@adc_2                             cstackCOMRAM 00000C
fx_read_adc@i                                 cstackCOMRAM 00000E
fx_read_button@button_pressed                 bssBANK0     0000C2
fx_read_button@counter                        bssBANK0     0000B3
intlevel0                                     text         000000
intlevel1                                     text         000000
intlevel2                                     text         000000
intlevel3                                     text         000000
isa$std                                       (abs)        000001
isa$xinst                                     (abs)        000000
ivt0x8_base                                   ivt0x8       000008
main@flag_debug                               bssBANK0     0000C5
pad@buf                                       cstackCOMRAM 000017
pad@fp                                        cstackCOMRAM 000015
pad@i                                         cstackCOMRAM 00001C
pad@p                                         cstackCOMRAM 000019
pad@w                                         cstackCOMRAM 00001E
printf@ap                                     cstackCOMRAM 000057
printf@fmt                                    cstackBANK0  0000D4
putch@txData                                  cstackCOMRAM 000004
rd1RegCompleteHandler@ptr                     cstackCOMRAM 00000C
rd2RegCompleteHandler@ptr                     cstackCOMRAM 00000C
rdBlkRegCompleteHandler@ptr                   cstackCOMRAM 00000C
stackhi                                       (abs)        000000
stacklo                                       (abs)        000000
start                                         init         00001A
start_initialization                          cinit        001B1C
vfpfcnvrt@ap                                  cstackCOMRAM 000047
vfpfcnvrt@convarg                             cstackCOMRAM 00004B
vfpfcnvrt@cp                                  cstackCOMRAM 000053
vfpfcnvrt@fmt                                 cstackCOMRAM 000045
vfpfcnvrt@fp                                  cstackCOMRAM 000043
vfprintf@ap                                   cstackBANK0  0000D2
vfprintf@cfmt                                 cstackCOMRAM 000055
vfprintf@fmt                                  cstackBANK0  0000D0
vfprintf@fp                                   cstackBANK0  0000CE
wr1RegCompleteHandler@ptr                     cstackCOMRAM 00000C
wr2RegCompleteHandler@ptr                     cstackCOMRAM 00000C


MODULE INFORMATION

Module		Function		Class		Link	Load	Size
C:\Program Files\Microchip\xc8\v2.40\pic\sources\c99\common\nf_fputc.c
		_fputc         		CODE           	0EE0	0000	150

C:\Program Files\Microchip\xc8\v2.40\pic\sources\c99\common\nf_fputc.c estimated size: 150

mcc_generated_files/uart2.c
		_putch         		CODE           	1F00	0000	10
		_UART2_Write   		CODE           	1DB0	0000	26
		_UART2_SetFramingErrorHandler		CODE           	1F32	0000	10
		_UART2_SetOverrunErrorHandler		CODE           	1F28	0000	10
		_UART2_Initialize		CODE           	1532	0000	106
		_UART2_SetErrorHandler		CODE           	1F3C	0000	10

mcc_generated_files/uart2.c estimated size: 172

mcc_generated_files/examples/i2c1_master_example.c
		_wr1RegCompleteHandler		CODE           	1B78	0000	44
		_wr2RegCompleteHandler		CODE           	1BFC	0000	44
		_I2C1_Write1ByteRegister		CODE           	13E6	0000	114
		_rdBlkRegCompleteHandler		CODE           	18E6	0000	76
		_rd1RegCompleteHandler		CODE           	1BD0	0000	44
		_rd2RegCompleteHandler		CODE           	1BA4	0000	44

mcc_generated_files/examples/i2c1_master_example.c estimated size: 366

C:\Program Files\Microchip\xc8\v2.40\pic\sources\c99\common\lwdiv.c
		___lwdiv       		CODE           	1372	0000	116

C:\Program Files\Microchip\xc8\v2.40\pic\sources\c99\common\lwdiv.c estimated size: 116

mcc_generated_files/i2c1_master.c
		_I2C1_DO_SEND_RESTART		CODE           	1FB4	0000	4
		_I2C1_MasterIsNackFlagSet		CODE           	1E80	0000	22
		_I2C1_DO_RX_EMPTY		CODE           	0C64	0000	162
		_I2C1_DO_TX_EMPTY		CODE           	1202	0000	124
		_I2C1_DO_SEND_RESTART_READ		CODE           	1EDA	0000	14
		_I2C1_MasterClearNackFlag		CODE           	1FA8	0000	6
		_I2C1_CallbackReturnStop		CODE           	1FC0	0000	4
		_I2C1_DO_RX    		CODE           	0DA6	0000	158
		_I2C1_DO_TX    		CODE           	0A6E	0000	290
		_I2C1_SetAddressNackCallback		CODE           	1DCA	0000	24
		_I2C1_DO_IDLE  		CODE           	1EE8	0000	12
		_I2C1_MasterOpen		CODE           	1D12	0000	34
		_I2C1_MasterSendTxData		CODE           	1F0A	0000	10
		_I2C1_MasterStop		CODE           	1F7E	0000	6
		_I2C1_MasterIsStopFlagSet		CODE           	1E6A	0000	22
		_I2C1_CallbackReturnReset		CODE           	1FBC	0000	4
		_I2C1_DO_RESET 		CODE           	1EBC	0000	16
		_I2C1_Poller   		CODE           	1D56	0000	30
		_I2C1_DO_RX_ACK		CODE           	1F60	0000	8
		_I2C1_DO_TX_ACK		CODE           	1F68	0000	8
		_I2C1_MasterWaitForEvent		CODE           	1734	0000	92
		_I2C1_MasterSendNack		CODE           	1F84	0000	6
		_I2C1_DO_RX_NACK_RESTART		CODE           	1F58	0000	8
		_I2C1_MasterDisableIrq		CODE           	1D74	0000	30
		_I2C1_ClearInterruptFlags		CODE           	1894	0000	82
		_I2C1_MasterOperation		CODE           	1842	0000	82
		_I2C1_MasterClearStopFlag		CODE           	1FA2	0000	6
		_I2C1_SetCallback		CODE           	1006	0000	130
		_I2C1_MasterEnableRestart		CODE           	1F96	0000	6
		_I2C1_MasterGetCounter		CODE           	1F78	0000	6
		_I2C1_MasterSetCounter		CODE           	1F14	0000	10
		_I2C1_Open     		CODE           	0F76	0000	144
		_I2C1_DO_ADDRESS_NACK		CODE           	166E	0000	104
		_I2C1_MasterDisableRestart		CODE           	1F9C	0000	6
		_I2C1_MasterClearCountFlag		CODE           	1FAE	0000	6
		_I2C1_SetBuffer		CODE           	1CCA	0000	36
		_I2C1_DO_SEND_RESTART_WRITE		CODE           	1FB8	0000	4
		_I2C1_MasterIsTxBufEmpty		CODE           	1E28	0000	22
		_I2C1_MasterClose		CODE           	1EF4	0000	12
		_I2C1_MasterWrite		CODE           	1F50	0000	8
		_I2C1_Initialize		CODE           	1D34	0000	34
		_I2C1_Close    		CODE           	1C28	0000	44
		_I2C1_MasterIsRxBufFull		CODE           	1E54	0000	22
		_I2C1_MasterIsNack		CODE           	1E3E	0000	22
		_I2C1_DO_SEND_ADR_WRITE		CODE           	1E12	0000	22
		_I2C1_MasterClearIrq		CODE           	1F70	0000	8
		_I2C1_SetDataCompleteCallback		CODE           	1DE2	0000	24
		_I2C1_DO_SEND_STOP		CODE           	1C7C	0000	40
		_I2C1_DO_BUS_COLLISION		CODE           	1458	0000	112
		_I2C1_DO_BUS_ERROR		CODE           	1EAC	0000	16
		_I2C1_MasterSendAck		CODE           	1F8A	0000	6
		_I2C1_MasterFsm		CODE           	12F8	0000	122
		_I2C1_MasterGetRxData		CODE           	1F90	0000	6
		_I2C1_MasterResetBus		CODE           	1F1E	0000	10
		_I2C1_MasterIsCountFlagSet		CODE           	1E96	0000	22
		_I2C1_DO_SEND_ADR_READ		CODE           	1B4A	0000	46
		_I2C1_DO_RX_NACK_STOP		CODE           	1ECC	0000	14

mcc_generated_files/i2c1_master.c estimated size: 2328

mcc_generated_files/tmr2.c
		_TMR2_Initialize		CODE           	1D92	0000	30

mcc_generated_files/tmr2.c estimated size: 30

mcc_generated_files/interrupt_manager.c
		_INTERRUPT_Initialize		CODE           	1FC4	0000	4
		_INTERRUPT_InterruptManager		CODE           	1AAE	0000	60

mcc_generated_files/interrupt_manager.c estimated size: 64

C:\Program Files\Microchip\xc8\v2.40\pic\sources\c99\common\abs.c
		_abs           		CODE           	19B6	0000	64

C:\Program Files\Microchip\xc8\v2.40\pic\sources\c99\common\abs.c estimated size: 64

mcc_generated_files/tmr0.c
		_TMR0_SetInterruptHandler		CODE           	1F46	0000	10
		_TMR0_DefaultInterruptHandler		CODE           	1FC8	0000	2
		_TMR0_ISR      		CODE           	0E44	0000	156
		_TMR0_Initialize		CODE           	1A72	0000	60

mcc_generated_files/tmr0.c estimated size: 228

C:\Program Files\Microchip\xc8\v2.40\pic\sources\c99\common\printf.c
		_printf        		CODE           	1C54	0000	40

C:\Program Files\Microchip\xc8\v2.40\pic\sources\c99\common\printf.c estimated size: 40

mcc_generated_files/pin_manager.c
		_PIN_MANAGER_Initialize		CODE           	159C	0000	106

mcc_generated_files/pin_manager.c estimated size: 106

C:\Program Files\Microchip\xc8\v2.40\pic\sources\c99\common\nf_fputs.c
		_fputs         		CODE           	1932	0000	68

C:\Program Files\Microchip\xc8\v2.40\pic\sources\c99\common\nf_fputs.c estimated size: 68

C:\Program Files\Microchip\xc8\v2.40\pic\sources\c99\common\aomod.c
		___aomod       		CODE           	090A	0000	356

C:\Program Files\Microchip\xc8\v2.40\pic\sources\c99\common\aomod.c estimated size: 356

shared
		__initialization		CODE           	1B1C	0000	40
		_i2c1_fsmStateTable		MEDIUMCONST    	FD73	0000	38

shared estimated size: 78

header_files/tca9534.c
		_IO_SetPin     		CODE           	1108	0000	126
		_IO_ResetPin   		CODE           	1088	0000	128
		_IO_ConfigPorts		CODE           	14C8	0000	106

header_files/tca9534.c estimated size: 360

mcc_generated_files/mcc.c
		_PMD_Initialize		CODE           	1CEE	0000	36
		_OSCILLATOR_Initialize		CODE           	1DFA	0000	24
		_SYSTEM_Initialize		CODE           	1CA4	0000	38

mcc_generated_files/mcc.c estimated size: 98

C:\Program Files\Microchip\xc8\v2.40\pic\sources\c99\common\doprnt.c
		_vfpfcnvrt     		CODE           	05EC	0000	406
		_pad           		CODE           	127E	0000	122
		_dtoa          		CODE           	036C	0000	640
		_vfprintf      		CODE           	17EC	0000	86

C:\Program Files\Microchip\xc8\v2.40\pic\sources\c99\common\doprnt.c estimated size: 1254

mcc_generated_files/adcc.c
		_ADCC_GetSingleConversion		CODE           	1AEA	0000	50
		_ADCC_Initialize		CODE           	1790	0000	92

mcc_generated_files/adcc.c estimated size: 142

main.c
		_fx_read_adc   		CODE           	1186	0000	124
		_main          		CODE           	1606	0000	104
		_control_wdt   		CODE           	1976	0000	64
		_fx_led_show_fail		CODE           	0B90	0000	212
		_fx_read_button		CODE           	16D6	0000	94
		_fx_system_start		CODE           	0D06	0000	160
		_control_system		CODE           	001E	0000	846
		_fx_led_green_fast		CODE           	1A34	0000	62
		_fx_led_green_slow		CODE           	19F6	0000	62

main.c estimated size: 1728

C:\Program Files\Microchip\xc8\v2.40\pic\sources\c99\common\aodiv.c
		___aodiv       		CODE           	0782	0000	392

C:\Program Files\Microchip\xc8\v2.40\pic\sources\c99\common\aodiv.c estimated size: 392

