Microchip MPLAB XC8 Compiler V2.41

Linker command line:

-W-3 \
  --edf=C:\Program Files\Microchip\xc8\v2.41\pic\dat\20230208172133_en.msgs \
  -pivt0x8=08h -cn \
  -h+dist/default/production\bete_travabici_fw.production.sym \
  --cmf=dist/default/production\bete_travabici_fw.production.cmf -z \
  -Q18F26K83 -oC:\Users\Fernando\AppData\Local\Temp\xcAs9kg.\driver_tmp_3.o \
  --defsym=__MPLAB_BUILD=1 --fixupoverflow=error \
  -Mdist/default/production/bete_travabici_fw.production.map \
  --md=C:\Users\Fernando\AppData\Local\Temp\xcAs9kg.\driver_tmp_0.dat -E1 \
  -ver=XC8 Compiler --acfsm=1493 -ACODE=00h-0FFFFh -ACONST=00h-0FFFFh \
  -ASMALLCONST=01000h-010FFhx240 -AMEDIUMCONST=01000h-0FFFFh \
  -ACOMRAM=01h-05Fh -AABS1=00h-0FFFh -ABIGRAM=01h-0FFFh \
  -ARAM=060h-0FFh,0100h-01FFhx15 -ABANK0=060h-0FFh -ABANK1=0100h-01FFh \
  -ABANK2=0200h-02FFh -ABANK3=0300h-03FFh -ABANK4=0400h-04FFh \
  -ABANK5=0500h-05FFh -ABANK6=0600h-06FFh -ABANK7=0700h-07FFh \
  -ABANK8=0800h-08FFh -ABANK9=0900h-09FFh -ABANK10=0A00h-0AFFh \
  -ABANK11=0B00h-0BFFh -ABANK12=0C00h-0CFFh -ABANK13=0D00h-0DFFh \
  -ABANK14=0E00h-0EFFh -ABANK15=0F00h-0FFFh \
  -ASFR=03700h-037FFhx8,03F00h-03F5Fh,03F60h-03FFFh -ABIGSFR=03700h-03FFFh \
  -ACONFIG=0300000h-0300009h -AIDLOC=0200000h-020000Fh \
  -AEEDATA=0310000h-03103FFh -peeprom_data=EEDATA -preset_vec=00h \
  -ppowerup=CODE,init -pramtop=01000h -psmallconst=SMALLCONST \
  -pmediumconst=MEDIUMCONST -pconst=CONST -AFARRAM=00h-00h \
  -prdata=COMRAM,nvrram=COMRAM,nvbit=COMRAM,rbss=COMRAM,rbit=COMRAM \
  -pfarbss=FARRAM,fardata=FARRAM,nvFARRAM=FARRAM \
  -pintsave_regs=BIGRAM,bigbss=BIGRAM,bigdata=BIGRAM -pbss=RAM \
  -pidata=CODE,irdata=CODE,ibigdata=CODE,ifardata=CODE -prparam=COMRAM \
  C:\Users\Fernando\AppData\Local\Temp\xcAs9kg.\driver_tmp_14.o \
  dist/default/production\bete_travabici_fw.production.o 

Object code version is 3.11

Machine type is 18F26K83



                Name                               Link     Load   Length Selector   Space Scale
C:\Users\Fernando\AppData\Local\Temp\xcAs9kg.\driver_tmp_14.o
                idloc                            200000   200000       10        0       5
                config                           300000   300000        A        0       4
                init                                 1A       1A        4        4       0
                reset_vec                             0        0        4        0       0
dist/default/production\bete_travabici_fw.production.o
                idloc                            200000   200000       10        0       5
                config                           300000   300000        A        0       4
                mediumconst                        EFF4     EFF4     100C     77FA       0
                ivt0x8                                8        8       12        4       0
                text193                            93A4     93A4        2     49A9       0
                text192                            8FD8     8FD8       20        4       0
                text191                            93A2     93A2        2     49A9       0
                text190                            2C02     2C02      3DE        4       0
                text189                            840A     840A       60        4       0
                text188                            8580     8580       5C        4       0
                text187                            9310     9310        A        4       0
                text186                            6FB0     6FB0       D8        4       0
                text185                            8F96     8F96       22        4       0
                text184                            939E     939E        4     49A9       0
                text183                            919A     919A       18        4       0
                text182                            7966     7966       8A        4       0
                text181                            8F0C     8F0C       24        4       0
                text180                            9182     9182       18        4       0
                text179                            916A     916A       18        4       0
                text178                            90D8     90D8       1A        4       0
                text177                            9306     9306        A        4       0
                text176                            8B02     8B02       3C        4       0
                text175                            9052     9052       1E        4       0
                text174                            92FC     92FC        A        4       0
                text173                            92F2     92F2        A        4       0
                text172                            92E8     92E8        A        4       0
                text171                            826E     826E       6A        4       0
                text170                            8B76     8B76       36        4       0
                text169                            9342     9342        8        4       0
                text168                            92B4     92B4        C        4       0
                text167                            9034     9034       1E        4       0
                text166                            8D7C     8D7C       2C        4       0
                text165                            9388     9388        6     49A9       0
                text164                            9382     9382        6     49A9       0
                text163                            937C     937C        6     49A9       0
                text162                            9236     9236       16        4       0
                text161                            9220     9220       16        4       0
                text160                            920A     920A       16        4       0
                text159                            87DC     87DC       52        4       0
                text158                            8EE8     8EE8       24        4       0
                text157                            7BFA     7BFA       7E        4       0
                text156                            9152     9152       18        4       0
                text155                            8D50     8D50       2C        4       0
                text154                            8D24     8D24       2C        4       0
                text153                            8CF8     8CF8       2C        4       0
                text152                            8CCC     8CCC       2C        4       0
                text151                            88CE     88CE       4C        4       0
                text150                            939A     939A        4     49A9       0
                text149                            9396     9396        4     49A9       0
                text148                            92DE     92DE        A        4       0
                text147                            9376     9376        6     49A9       0
                text146                            9370     9370        6     49A9       0
                text145                            92D4     92D4        A        4       0
                text144                            92CA     92CA        A        4       0
                text143                            936A     936A        6     49A9       0
                text142                            91F4     91F4       16        4       0
                text141                            9364     9364        6     49A9       0
                text140                            935E     935E        6     49A9       0
                text139                            9358     9358        6     49A9       0
                text138                            9352     9352        6     49A9       0
                text137                            91DE     91DE       16        4       0
                text136                            91C8     91C8       16        4       0
                text135                            933A     933A        8        4       0
                text134                            92A8     92A8        C        4       0
                text133                            8C72     8C72       2E        4       0
                text132                            91B2     91B2       16        4       0
                text131                            657C     657C      122        4       0
                text130                            7710     7710       9E        4       0
                text129                            7CF4     7CF4       7C        4       0
                text128                            766E     766E       A2        4       0
                text127                            929A     929A        E        4       0
                text126                            9392     9392        4     49A9       0
                text125                            938E     938E        4     49A9       0
                text124                            8E76     8E76       28        4       0
                text123                            9332     9332        8        4       0
                text122                            928C     928C        E        4       0
                text121                            932A     932A        8        4       0
                text120                            926E     926E       10        4       0
                text119                            82D8     82D8       68        4       0
                text118                            8126     8126       70        4       0
                text117                            925E     925E       10        4       0
                text116                            7DEA     7DEA       7A        4       0
                text115                            8524     8524       5C        4       0
                text114                            9016     9016       1E        4       0
                text113                            878A     878A       52        4       0
                text112                            9322     9322        8        4       0
                text111                            8F74     8F74       22        4       0
                text110                            784A     784A       90        4       0
                text109                            913A     913A       18        4       0
                text108                            7F54     7F54       78        4       0
                text107                            927E     927E        E        4       0
                text106                            931A     931A        8        4       0
                text105                            5D4E     5D4E      188        4       0
                text104                            6040     6040      164        4       0
                text103                            8AC2     8AC2       40        4       0
                text102                            90BE     90BE       1A        4       0
                text101                            92C0     92C0        A        4       0
                text100                            6ED8     6ED8       D8        4       0
                text99                             8A3C     8A3C       44        4       0
                text98                             7D70     7D70       7A        4       0
                text97                             512A     512A      252        4       0
                text96                             868C     868C       58        4       0
                text95                             62FC     62FC      146        4       0
                text94                             67A4     67A4      106        4       0
                text93                             68AA     68AA       F0        4       0
                text92                             7088     7088       D0        4       0
                text91                             5A2C     5A2C      194        4       0
                text90                             5ED6     5ED6      16A        4       0
                text89                              F58      F58      74C        4       0
                text88                             86E4     86E4       54        4       0
                text87                             8E4E     8E4E       28        4       0
                text86                             8040     8040       74        4       0
                text85                             6D26     6D26       DA        4       0
                text84                             3706     3706      37E        4       0
                text83                             90A4     90A4       1A        4       0
                text82                             908A     908A       1A        4       0
                text81                             8DFC     8DFC       2A        4       0
                text80                             6442     6442      13A        4       0
                text79                             7EDC     7EDC       78        4       0
                text78                             498E     498E      2B8        4       0
                text77                             5898     5898      194        4       0
                text76                             3A84     3A84      360        4       0
                text75                             6E00     6E00       D8        4       0
                text74                             80B4     80B4       72        4       0
                text73                             7AFC     7AFC       80        4       0
                text72                             7B7C     7B7C       7E        4       0
                text71                             8738     8738       52        4       0
                text70                             8CA0     8CA0       2C        4       0
                text69                             887E     887E       50        4       0
                text68                             699A     699A       EE        4       0
                text67                             8A80     8A80       42        4       0
                text66                             2FE0     2FE0      39A        4       0
                text65                             669E     669E      106        4       0
                text64                             5548     5548      1B4        4       0
                text63                             84C8     84C8       5C        4       0
                text62                             89F4     89F4       48        4       0
                text61                             891A     891A       4A        4       0
                text60                             8E9E     8E9E       26        4       0
                text59                             8C44     8C44       2E        4       0
                text58                             7A76     7A76       86        4       0
                text57                             8C12     8C12       32        4       0
                text56                             7FCC     7FCC       74        4       0
                text55                             5BC0     5BC0      18E        4       0
                text54                             4EBC     4EBC      26E        4       0
                text53                               1E       1E      F3A        4       0
                text52                             1CF2     1CF2      5B2        4       0
                text51                             7C78     7C78       7C        4       0
                text50                             22A4     22A4      4C8        4       0
                text49                             8BAC     8BAC       34        4       0
                text48                             4C46     4C46      276        4       0
                text47                             9122     9122       18        4       0
                text46                             924C     924C       12        4       0
                text45                             4126     4126      2E2        4       0
                text44                             61A4     61A4      158        4       0
                text43                             8204     8204       6A        4       0
                text42                             8196     8196       6E        4       0
                text41                             77AE     77AE       9C        4       0
                text40                             882E     882E       50        4       0
                text39                             8634     8634       58        4       0
                text38                             85DC     85DC       58        4       0
                text37                             4408     4408      2C4        4       0
                text36                             8EC4     8EC4       24        4       0
                text35                             8F52     8F52       22        4       0
                text34                             8FB8     8FB8       20        4       0
                text33                             8DD2     8DD2       2A        4       0
                text32                             89AC     89AC       48        4       0
                text31                             6C4A     6C4A       DC        4       0
                text30                             746A     746A       AE        4       0
                text29                             9070     9070       1A        4       0
                text28                             8964     8964       48        4       0
                text27                             7518     7518       AC        4       0
                text26                             6A88     6A88       E2        4       0
                text25                             910A     910A       18        4       0
                text24                             3DE4     3DE4      342        4       0
                text23                             8B3E     8B3E       38        4       0
                text22                             72E4     72E4       C4        4       0
                text21                             90F2     90F2       18        4       0
                text20                             83A6     83A6       64        4       0
                text19                             7220     7220       C4        4       0
                text18                             16A4     16A4      64E        4       0
                text17                             8E26     8E26       28        4       0
                text16                             337A     337A      38C        4       0
                text15                             46CC     46CC      2C2        4       0
                text14                             6B6A     6B6A       E0        4       0
                text13                             8DA8     8DA8       2A        4       0
                text12                             56FC     56FC      19C        4       0
                text11                             276C     276C      496        4       0
                text10                             79F0     79F0       86        4       0
                text9                              8340     8340       66        4       0
                text8                              8F30     8F30       22        4       0
                text7                              7158     7158       C8        4       0
                text6                              75C4     75C4       AA        4       0
                text5                              8FF8     8FF8       1E        4       0
                text4                              8BE0     8BE0       32        4       0
                text3                              846A     846A       5E        4       0
                text2                              537C     537C      1CC        4       0
                text1                              73A8     73A8       C2        4       0
                text0                              78DA     78DA       8C        4       0
                cstackCOMRAM                          1        1       57        1       1
                cstackBANK0                          60       60       5F       60       1
                dataBANK2                           25B      25B        7      200       1
                bssBANK2                            200      200       5B      200       1
                dataBANK1                           1FB      1FB        1      100       1
                bssBANK1                            100      100       F3      100       1
                bssBANK0                             BF       BF       3E       60       1
                bssCOMRAM                            58       58        6        1       1
                cinit                              7E64     7E64       78        4       0
                nvBANK1                             1F3      1F3        8      100       1
                idataBANK2                         934A     934A        7        4       0
                idataBANK1                         93A6     93A6        1     49A9       0

TOTAL           Name                               Link     Load   Length     Space
        CLASS   CODE           
                init                                 1A       1A        4         0
                reset_vec                             0        0        4         0
                ivt0x8                                8        8       12         0
                text193                            93A4     93A4        2         0
                text192                            8FD8     8FD8       20         0
                text191                            93A2     93A2        2         0
                text190                            2C02     2C02      3DE         0
                text189                            840A     840A       60         0
                text188                            8580     8580       5C         0
                text187                            9310     9310        A         0
                text186                            6FB0     6FB0       D8         0
                text185                            8F96     8F96       22         0
                text184                            939E     939E        4         0
                text183                            919A     919A       18         0
                text182                            7966     7966       8A         0
                text181                            8F0C     8F0C       24         0
                text180                            9182     9182       18         0
                text179                            916A     916A       18         0
                text178                            90D8     90D8       1A         0
                text177                            9306     9306        A         0
                text176                            8B02     8B02       3C         0
                text175                            9052     9052       1E         0
                text174                            92FC     92FC        A         0
                text173                            92F2     92F2        A         0
                text172                            92E8     92E8        A         0
                text171                            826E     826E       6A         0
                text170                            8B76     8B76       36         0
                text169                            9342     9342        8         0
                text168                            92B4     92B4        C         0
                text167                            9034     9034       1E         0
                text166                            8D7C     8D7C       2C         0
                text165                            9388     9388        6         0
                text164                            9382     9382        6         0
                text163                            937C     937C        6         0
                text162                            9236     9236       16         0
                text161                            9220     9220       16         0
                text160                            920A     920A       16         0
                text159                            87DC     87DC       52         0
                text158                            8EE8     8EE8       24         0
                text157                            7BFA     7BFA       7E         0
                text156                            9152     9152       18         0
                text155                            8D50     8D50       2C         0
                text154                            8D24     8D24       2C         0
                text153                            8CF8     8CF8       2C         0
                text152                            8CCC     8CCC       2C         0
                text151                            88CE     88CE       4C         0
                text150                            939A     939A        4         0
                text149                            9396     9396        4         0
                text148                            92DE     92DE        A         0
                text147                            9376     9376        6         0
                text146                            9370     9370        6         0
                text145                            92D4     92D4        A         0
                text144                            92CA     92CA        A         0
                text143                            936A     936A        6         0
                text142                            91F4     91F4       16         0
                text141                            9364     9364        6         0
                text140                            935E     935E        6         0
                text139                            9358     9358        6         0
                text138                            9352     9352        6         0
                text137                            91DE     91DE       16         0
                text136                            91C8     91C8       16         0
                text135                            933A     933A        8         0
                text134                            92A8     92A8        C         0
                text133                            8C72     8C72       2E         0
                text132                            91B2     91B2       16         0
                text131                            657C     657C      122         0
                text130                            7710     7710       9E         0
                text129                            7CF4     7CF4       7C         0
                text128                            766E     766E       A2         0
                text127                            929A     929A        E         0
                text126                            9392     9392        4         0
                text125                            938E     938E        4         0
                text124                            8E76     8E76       28         0
                text123                            9332     9332        8         0
                text122                            928C     928C        E         0
                text121                            932A     932A        8         0
                text120                            926E     926E       10         0
                text119                            82D8     82D8       68         0
                text118                            8126     8126       70         0
                text117                            925E     925E       10         0
                text116                            7DEA     7DEA       7A         0
                text115                            8524     8524       5C         0
                text114                            9016     9016       1E         0
                text113                            878A     878A       52         0
                text112                            9322     9322        8         0
                text111                            8F74     8F74       22         0
                text110                            784A     784A       90         0
                text109                            913A     913A       18         0
                text108                            7F54     7F54       78         0
                text107                            927E     927E        E         0
                text106                            931A     931A        8         0
                text105                            5D4E     5D4E      188         0
                text104                            6040     6040      164         0
                text103                            8AC2     8AC2       40         0
                text102                            90BE     90BE       1A         0
                text101                            92C0     92C0        A         0
                text100                            6ED8     6ED8       D8         0
                text99                             8A3C     8A3C       44         0
                text98                             7D70     7D70       7A         0
                text97                             512A     512A      252         0
                text96                             868C     868C       58         0
                text95                             62FC     62FC      146         0
                text94                             67A4     67A4      106         0
                text93                             68AA     68AA       F0         0
                text92                             7088     7088       D0         0
                text91                             5A2C     5A2C      194         0
                text90                             5ED6     5ED6      16A         0
                text89                              F58      F58      74C         0
                text88                             86E4     86E4       54         0
                text87                             8E4E     8E4E       28         0
                text86                             8040     8040       74         0
                text85                             6D26     6D26       DA         0
                text84                             3706     3706      37E         0
                text83                             90A4     90A4       1A         0
                text82                             908A     908A       1A         0
                text81                             8DFC     8DFC       2A         0
                text80                             6442     6442      13A         0
                text79                             7EDC     7EDC       78         0
                text78                             498E     498E      2B8         0
                text77                             5898     5898      194         0
                text76                             3A84     3A84      360         0
                text75                             6E00     6E00       D8         0
                text74                             80B4     80B4       72         0
                text73                             7AFC     7AFC       80         0
                text72                             7B7C     7B7C       7E         0
                text71                             8738     8738       52         0
                text70                             8CA0     8CA0       2C         0
                text69                             887E     887E       50         0
                text68                             699A     699A       EE         0
                text67                             8A80     8A80       42         0
                text66                             2FE0     2FE0      39A         0
                text65                             669E     669E      106         0
                text64                             5548     5548      1B4         0
                text63                             84C8     84C8       5C         0
                text62                             89F4     89F4       48         0
                text61                             891A     891A       4A         0
                text60                             8E9E     8E9E       26         0
                text59                             8C44     8C44       2E         0
                text58                             7A76     7A76       86         0
                text57                             8C12     8C12       32         0
                text56                             7FCC     7FCC       74         0
                text55                             5BC0     5BC0      18E         0
                text54                             4EBC     4EBC      26E         0
                text53                               1E       1E      F3A         0
                text52                             1CF2     1CF2      5B2         0
                text51                             7C78     7C78       7C         0
                text50                             22A4     22A4      4C8         0
                text49                             8BAC     8BAC       34         0
                text48                             4C46     4C46      276         0
                text47                             9122     9122       18         0
                text46                             924C     924C       12         0
                text45                             4126     4126      2E2         0
                text44                             61A4     61A4      158         0
                text43                             8204     8204       6A         0
                text42                             8196     8196       6E         0
                text41                             77AE     77AE       9C         0
                text40                             882E     882E       50         0
                text39                             8634     8634       58         0
                text38                             85DC     85DC       58         0
                text37                             4408     4408      2C4         0
                text36                             8EC4     8EC4       24         0
                text35                             8F52     8F52       22         0
                text34                             8FB8     8FB8       20         0
                text33                             8DD2     8DD2       2A         0
                text32                             89AC     89AC       48         0
                text31                             6C4A     6C4A       DC         0
                text30                             746A     746A       AE         0
                text29                             9070     9070       1A         0
                text28                             8964     8964       48         0
                text27                             7518     7518       AC         0
                text26                             6A88     6A88       E2         0
                text25                             910A     910A       18         0
                text24                             3DE4     3DE4      342         0
                text23                             8B3E     8B3E       38         0
                text22                             72E4     72E4       C4         0
                text21                             90F2     90F2       18         0
                text20                             83A6     83A6       64         0
                text19                             7220     7220       C4         0
                text18                             16A4     16A4      64E         0
                text17                             8E26     8E26       28         0
                text16                             337A     337A      38C         0
                text15                             46CC     46CC      2C2         0
                text14                             6B6A     6B6A       E0         0
                text13                             8DA8     8DA8       2A         0
                text12                             56FC     56FC      19C         0
                text11                             276C     276C      496         0
                text10                             79F0     79F0       86         0
                text9                              8340     8340       66         0
                text8                              8F30     8F30       22         0
                text7                              7158     7158       C8         0
                text6                              75C4     75C4       AA         0
                text5                              8FF8     8FF8       1E         0
                text4                              8BE0     8BE0       32         0
                text3                              846A     846A       5E         0
                text2                              537C     537C      1CC         0
                text1                              73A8     73A8       C2         0
                text0                              78DA     78DA       8C         0
                cinit                              7E64     7E64       78         0
                idataBANK2                         934A     934A        7         0
                idataBANK1                         93A6     93A6        1         0

        CLASS   CONST          

        CLASS   SMALLCONST     

        CLASS   MEDIUMCONST    
                mediumconst                        EFF4     EFF4     100C         0

        CLASS   COMRAM         
                cstackCOMRAM                          1        1       57         1
                bssCOMRAM                            58       58        6         1

        CLASS   ABS1           

        CLASS   BIGRAM         

        CLASS   RAM            

        CLASS   BANK0          
                cstackBANK0                          60       60       5F         1
                bssBANK0                             BF       BF       3E         1

        CLASS   BANK1          
                dataBANK1                           1FB      1FB        1         1
                bssBANK1                            100      100       F3         1
                nvBANK1                             1F3      1F3        8         1

        CLASS   BANK2          
                dataBANK2                           25B      25B        7         1
                bssBANK2                            200      200       5B         1

        CLASS   BANK3          

        CLASS   BANK4          

        CLASS   BANK5          

        CLASS   BANK6          

        CLASS   BANK7          

        CLASS   BANK8          

        CLASS   BANK9          

        CLASS   BANK10         

        CLASS   BANK11         

        CLASS   BANK12         

        CLASS   BANK13         

        CLASS   BANK14         

        CLASS   BANK15         

        CLASS   SFR            

        CLASS   BIGSFR         

        CLASS   CONFIG         
                config                           300000   300000        A         4

        CLASS   IDLOC          
                idloc                            200000   200000       10         5

        CLASS   EEDATA         

        CLASS   FARRAM         

        CLASS   HEAP           

        CLASS   STACK          



SEGMENTS        Name                           Load    Length   Top    Selector   Space  Class

                reset_vec                      000000  000004  000004         0       0  CODE    
                cstackCOMRAM                   000001  00005D  00005E         1       1  COMRAM  
                ivt0x8                         000008  009349  009351         4       0  CODE    
                cstackBANK0                    000060  00009D  0000FD        60       1  BANK0   
                bssBANK1                       000100  0000FC  0001FC       100       1  BANK1   
                bssBANK2                       000200  000062  000262       200       1  BANK2   
                text138                        009352  000055  0093A7      49A9       0  CODE    
                mediumconst                    00EFF4  00100C  010000      77FA       0  MEDIUMCO


UNUSED ADDRESS RANGES

        Name                Unused          Largest block    Delta
        BANK0            0000FD-0000FF                3
        BANK1            0001FC-0001FF                4
        BANK10           000A00-000AFF              100
        BANK11           000B00-000BFF              100
        BANK12           000C00-000CFF              100
        BANK13           000D00-000DFF              100
        BANK14           000E00-000EFF              100
        BANK15           000F00-000FFF              100
        BANK2            000262-0002FF               9E
        BANK3            000300-0003FF              100
        BANK4            000400-0004FF              100
        BANK5            000500-0005FF              100
        BANK6            000600-0006FF              100
        BANK7            000700-0007FF              100
        BANK8            000800-0008FF              100
        BANK9            000900-0009FF              100
        BIGRAM           00005E-00005F                2
                         0000FD-0000FF                3
                         0001FC-0001FF                4
                         000262-000FFF              D9E
        BIGSFR           003700-003FFF              900
        CODE             000004-000007                4
                         009351-009351                1
                         0093A7-00EFF3             5C4D
        COMRAM           00005E-00005F                2
        CONST            000004-000007                4
                         009351-009351                1
                         0093A7-00EFF3             5C4D
        EEDATA           310000-3103FF              400
        MEDIUMCONST      009351-009351                1
                         0093A7-00EFF3             5C4D
        RAM              0000FD-0000FF                3
                         0001FC-0001FF                4
                         000262-000FFF              100
        SFR              003700-003FFF              100
        SMALLCONST       009351-009351                1
                         0093A7-00EFF3              100

                                  Symbol Table

?_ADCC_GetSingleConversion                         cstackCOMRAM 000003
?___aodiv                                          cstackCOMRAM 000003
?___aomod                                          cstackCOMRAM 000003
?___awdiv                                          cstackCOMRAM 000003
?___fldiv                                          cstackCOMRAM 000011
?___fltol                                          cstackCOMRAM 00002A
?___lmul                                           cstackCOMRAM 000003
?___lodiv                                          cstackCOMRAM 000003
?___lomod                                          cstackCOMRAM 000003
?___lwdiv                                          cstackCOMRAM 000003
?___xxtofl                                         cstackCOMRAM 000003
?_abs                                              cstackCOMRAM 000015
?_convertReg2ExtendedCANid                         cstackCOMRAM 000003
?_convertReg2StandardCANid                         cstackCOMRAM 000003
?_fx_eeprom_read_int16                             cstackCOMRAM 000005
?_fx_eeprom_read_int32                             cstackCOMRAM 00000C
?_fx_head_light_calc_potency                       cstackCOMRAM 000034
?_fx_random_generate                               cstackCOMRAM 000015
?_fx_serial_get_uid                                cstackBANK0  00007B
?_printf                                           cstackBANK0  00006D
?_rand                                             cstackCOMRAM 00000F
?_strlen                                           cstackCOMRAM 000003
?_strncmp                                          cstackCOMRAM 000003
?_vfprintf                                         cstackCOMRAM 00004F
ADCC_GetSingleConversion@channel                   cstackCOMRAM 000007
Accel_Config@threshold                             cstackBANK0  00007C
Accel_Config@value                                 cstackBANK0  00007B
Accel_ReadRegister@reg                             cstackCOMRAM 00001B
CAN_isRXErrorPassive@returnValue                   cstackCOMRAM 000003
CAN_isTXErrorPassive@returnValue                   cstackCOMRAM 000003
CAN_messagesInBuffer@messageCount                  cstackCOMRAM 000003
CAN_receive@returnValue                            cstackCOMRAM 000018
CAN_receive@tempCanMsg                             cstackCOMRAM 000016
CAN_transmit@returnValue                           cstackCOMRAM 000017
CAN_transmit@tempCanMsg                            cstackCOMRAM 000015
CAN_transmit@tempEIDH                              cstackCOMRAM 000018
CAN_transmit@tempEIDL                              cstackCOMRAM 000019
CAN_transmit@tempSIDH                              cstackCOMRAM 00001A
CAN_transmit@tempSIDL                              cstackCOMRAM 00001B
DATAEE_ReadByte@bAdd                               cstackCOMRAM 000003
DATAEE_WriteByte@GIEBitValue                       cstackCOMRAM 000006
DATAEE_WriteByte@bAdd                              cstackCOMRAM 000003
DATAEE_WriteByte@bData                             cstackCOMRAM 000005
ECAN_SetWakeUpInterruptHandler@handler             cstackCOMRAM 000003
FLASH_ReadByte@flashAddr                           cstackCOMRAM 000003
I2C1_CallbackReturnReset@funPtr                    cstackCOMRAM 00000C
I2C1_Close@returnValue                             cstackCOMRAM 000003
I2C1_DO_RX@retFsmState                             cstackCOMRAM 000012
I2C1_DO_TX@dataTx                                  cstackCOMRAM 000012
I2C1_DO_TX@retFsmState                             cstackCOMRAM 000013
I2C1_MasterOperation@read                          cstackCOMRAM 000016
I2C1_MasterOperation@returnValue                   cstackCOMRAM 000017
I2C1_MasterSendTxData@data                         cstackCOMRAM 000003
I2C1_MasterSetCounter@counter                      cstackCOMRAM 000003
I2C1_Open@address                                  cstackCOMRAM 000003
I2C1_Open@returnValue                              cstackCOMRAM 000004
I2C1_Read1ByteRegister@address                     cstackCOMRAM 000019
I2C1_Read1ByteRegister@reg                         cstackCOMRAM 000018
I2C1_Read1ByteRegister@returnValue                 cstackCOMRAM 00001A
I2C1_SetAddressNackCallback@cb                     cstackCOMRAM 000008
I2C1_SetAddressNackCallback@ptr                    cstackCOMRAM 00000A
I2C1_SetBuffer@buffer                              cstackCOMRAM 000003
I2C1_SetBuffer@bufferSize                          cstackCOMRAM 000005
I2C1_SetCallback@cb                                cstackCOMRAM 000003
I2C1_SetCallback@idx                               cstackCOMRAM 000007
I2C1_SetCallback@ptr                               cstackCOMRAM 000005
I2C1_SetDataCompleteCallback@cb                    cstackCOMRAM 000008
I2C1_SetDataCompleteCallback@ptr                   cstackCOMRAM 00000A
I2C1_Write1ByteRegister@address                    cstackCOMRAM 00001A
I2C1_Write1ByteRegister@data                       cstackCOMRAM 000019
I2C1_Write1ByteRegister@reg                        cstackCOMRAM 000018
IO_ConfigPorts@ioStruct                            cstackCOMRAM 00001B
IO_ConfigPorts@port                                cstackCOMRAM 00001D
IO_ReadPin@ioStruct                                cstackBANK0  00007B
IO_ReadPin@mask                                    cstackBANK0  000080
IO_ReadPin@pin                                     cstackBANK0  00007D
IO_ReadPin@registerValue                           cstackBANK0  000081
IO_ResetPin@ioStruct                               cstackBANK0  00007B
IO_ResetPin@mask                                   cstackCOMRAM 000057
IO_ResetPin@pin                                    cstackBANK0  00007D
IO_SetPin@ioStruct                                 cstackBANK0  00007B
IO_SetPin@mask                                     cstackCOMRAM 000057
IO_SetPin@pin                                      cstackBANK0  00007D
IVTBASEH                                           (abs)        003FD6
IVTBASEL                                           (abs)        003FD5
IVTBASEU                                           (abs)        003FD7
PCD_AntennaOn@value                                cstackCOMRAM 000006
PCD_CalculateCRC@data                              cstackCOMRAM 000009
PCD_CalculateCRC@i                                 cstackCOMRAM 00000F
PCD_CalculateCRC@length                            cstackCOMRAM 00000B
PCD_CalculateCRC@n                                 cstackCOMRAM 00000E
PCD_CalculateCRC@result                            cstackCOMRAM 00000C
PCD_ClearRegisterBitMask@mask                      cstackCOMRAM 000006
PCD_ClearRegisterBitMask@reg                       cstackCOMRAM 000008
PCD_ClearRegisterBitMask@tmp                       cstackCOMRAM 000007
PCD_CommunicateWithPICC@_validBits                 cstackCOMRAM 00002E
PCD_CommunicateWithPICC@backData                   cstackCOMRAM 000015
PCD_CommunicateWithPICC@backLen                    cstackCOMRAM 000017
PCD_CommunicateWithPICC@bitFraming                 cstackCOMRAM 000024
PCD_CommunicateWithPICC@checkCRC                   cstackCOMRAM 00001C
PCD_CommunicateWithPICC@command                    cstackCOMRAM 000027
PCD_CommunicateWithPICC@controlBuffer              cstackCOMRAM 000025
PCD_CommunicateWithPICC@errorRegValue              cstackCOMRAM 000029
PCD_CommunicateWithPICC@i                          cstackCOMRAM 00002B
PCD_CommunicateWithPICC@n                          cstackCOMRAM 000028
PCD_CommunicateWithPICC@n_4668                     cstackCOMRAM 00002D
PCD_CommunicateWithPICC@rxAlign                    cstackCOMRAM 00001B
PCD_CommunicateWithPICC@sendData                   cstackCOMRAM 000012
PCD_CommunicateWithPICC@sendLen                    cstackCOMRAM 000014
PCD_CommunicateWithPICC@status                     cstackCOMRAM 00002A
PCD_CommunicateWithPICC@txLastBits                 cstackCOMRAM 000023
PCD_CommunicateWithPICC@validBits                  cstackCOMRAM 000019
PCD_CommunicateWithPICC@waitIRq                    cstackCOMRAM 000011
PCD_Init@hardReset                                 cstackCOMRAM 000009
PCD_ReadRegister@addr                              cstackCOMRAM 000004
PCD_ReadRegister@value                             cstackCOMRAM 000005
PCD_ReadRegisters@addr                             cstackCOMRAM 00000C
PCD_ReadRegisters@count                            cstackCOMRAM 000004
PCD_ReadRegisters@index                            cstackCOMRAM 00000D
PCD_ReadRegisters@mask                             cstackCOMRAM 00000B
PCD_ReadRegisters@rxAlign                          cstackCOMRAM 000007
PCD_ReadRegisters@value                            cstackCOMRAM 00000A
PCD_ReadRegisters@values                           cstackCOMRAM 000005
PCD_Reset@count                                    cstackCOMRAM 000007
PCD_SetRegisterBitMask@mask                        cstackCOMRAM 000006
PCD_SetRegisterBitMask@reg                         cstackCOMRAM 000008
PCD_SetRegisterBitMask@tmp                         cstackCOMRAM 000007
PCD_TransceiveData@backData                        cstackCOMRAM 000032
PCD_TransceiveData@backLen                         cstackCOMRAM 000034
PCD_TransceiveData@checkCRC                        cstackCOMRAM 000039
PCD_TransceiveData@rxAlign                         cstackCOMRAM 000038
PCD_TransceiveData@sendData                        cstackCOMRAM 00002F
PCD_TransceiveData@sendLen                         cstackCOMRAM 000031
PCD_TransceiveData@validBits                       cstackCOMRAM 000036
PCD_WriteRegister@addr                             cstackCOMRAM 000005
PCD_WriteRegister@value                            cstackCOMRAM 000004
PCD_WriteRegisters@addr                            cstackCOMRAM 000007
PCD_WriteRegisters@count                           cstackCOMRAM 000004
PCD_WriteRegisters@index                           cstackCOMRAM 000008
PCD_WriteRegisters@values                          cstackCOMRAM 000005
PICC_IsNewCardPresent@bufferATQA                   cstackCOMRAM 000046
PICC_IsNewCardPresent@bufferSize                   cstackCOMRAM 000049
PICC_IsNewCardPresent@result                       cstackCOMRAM 000048
PICC_REQA_or_WUPA@bufferATQA                       cstackCOMRAM 00003A
PICC_REQA_or_WUPA@bufferSize                       cstackCOMRAM 00003C
PICC_REQA_or_WUPA@command                          cstackCOMRAM 00003F
PICC_REQA_or_WUPA@status                           cstackCOMRAM 000040
PICC_REQA_or_WUPA@validBits                        cstackCOMRAM 000041
PICC_ReadCardSerial@result                         cstackCOMRAM 000042
PICC_RequestA@bufferATQA                           cstackCOMRAM 000042
PICC_RequestA@bufferSize                           cstackCOMRAM 000044
PICC_Select@buffer                                 cstackBANK0  000070
PICC_Select@bufferUsed                             cstackBANK0  000069
PICC_Select@bytesToCopy                            cstackBANK0  00007D
PICC_Select@cascadeLevel                           cstackBANK0  00006F
PICC_Select@checkBit                               cstackBANK0  000066
PICC_Select@collisionPos                           cstackBANK0  000079
PICC_Select@count                                  cstackBANK0  000081
PICC_Select@currentLevelKnownBits                  cstackBANK0  000084
PICC_Select@index                                  cstackBANK0  000083
PICC_Select@maxBytes                               cstackBANK0  00006D
PICC_Select@responseBuffer                         cstackBANK0  00007E
PICC_Select@responseLength                         cstackBANK0  00007C
PICC_Select@result                                 cstackBANK0  000082
PICC_Select@rxAlign                                cstackBANK0  00006C
PICC_Select@selectDone                             cstackBANK0  000068
PICC_Select@txLastBits                             cstackBANK0  000080
PICC_Select@uid                                    cstackCOMRAM 00003A
PICC_Select@uidComplete                            cstackBANK0  000067
PICC_Select@uidIndex                               cstackBANK0  00007B
PICC_Select@useCascadeTag                          cstackBANK0  00007A
PICC_Select@validBits                              cstackCOMRAM 00003C
PICC_Select@valueOfCollReg                         cstackBANK0  00006E
PWM5_LoadDutyValue@dutyValue                       cstackCOMRAM 000003
SPI1_ExchangeByte@data                             cstackCOMRAM 000003
SPI1_Open@spi1UniqueConfiguration                  cstackCOMRAM 000004
TMR0_ISR@counter_1s                                bssBANK1     0001CE
TMR0_SetInterruptHandler@InterruptHandler          cstackCOMRAM 000003
UART2_SetErrorHandler@interruptHandler             cstackCOMRAM 000003
UART2_SetFramingErrorHandler@interruptHandler      cstackCOMRAM 000003
UART2_SetOverrunErrorHandler@interruptHandler      cstackCOMRAM 000003
UART2_Write@txData                                 cstackCOMRAM 000003
_ADACCH                                            (abs)        003EE9
_ADACCL                                            (abs)        003EE8
_ADACCU                                            (abs)        003EEA
_ADACQH                                            (abs)        003EF4
_ADACQL                                            (abs)        003EF3
_ADACT                                             (abs)        003EFE
_ADCAP                                             (abs)        003EF5
_ADCC_GetSingleConversion                          text57       008C12
_ADCC_Initialize                                   text188      008580
_ADCLK                                             (abs)        003EFF
_ADCNT                                             (abs)        003EEB
_ADCON0                                            (abs)        003EF8
_ADCON0bits                                        (abs)        003EF8
_ADCON1                                            (abs)        003EF9
_ADCON1bits                                        (abs)        003EF9
_ADCON2                                            (abs)        003EFA
_ADCON2bits                                        (abs)        003EFA
_ADCON3                                            (abs)        003EFB
_ADCON3bits                                        (abs)        003EFB
_ADERRH                                            (abs)        003EE3
_ADERRL                                            (abs)        003EE2
_ADFLTRH                                           (abs)        003EE7
_ADFLTRL                                           (abs)        003EE6
_ADLTHH                                            (abs)        003EDF
_ADLTHL                                            (abs)        003EDE
_ADPCH                                             (abs)        003EF1
_ADPREH                                            (abs)        003EF7
_ADPREL                                            (abs)        003EF6
_ADPREVH                                           (abs)        003EEE
_ADPREVL                                           (abs)        003EED
_ADREF                                             (abs)        003EFD
_ADRESH                                            (abs)        003EF0
_ADRESL                                            (abs)        003EEF
_ADRPT                                             (abs)        003EEC
_ADSTAT                                            (abs)        003EFC
_ADSTATbits                                        (abs)        003EFC
_ADSTPTH                                           (abs)        003EE5
_ADSTPTL                                           (abs)        003EE4
_ADUTHH                                            (abs)        003EE1
_ADUTHL                                            (abs)        003EE0
_ANSELA                                            (abs)        003A40
_ANSELB                                            (abs)        003A50
_ANSELC                                            (abs)        003A60
_Accel_ClearInterrupt                              text106      00931A
_Accel_Config                                      text14       006B6A
_Accel_ReadRegister                                text107      00927E
_BRGCON1                                           (abs)        003703
_BRGCON2                                           (abs)        003704
_BRGCON3                                           (abs)        003705
_CANCON                                            (abs)        003F8F
_CANRXPPS                                          (abs)        003AED
_CANSTAT                                           (abs)        003F8E
_CAN_ID_TX_VALIDATION_M4                           mediumconst  00F028
_CAN_ID_TX_VALIDATION_M6                           mediumconst  00F020
_CAN_isRXErrorPassive                              text83       0090A4
_CAN_isTXErrorPassive                              text82       00908A
_CAN_messagesInBuffer                              text81       008DFC
_CAN_receive                                       text78       00498E
_CAN_transmit                                      text76       003A84
_CCPTMRS1bits                                      (abs)        003F5F
_CIOCON                                            (abs)        003700
_COMSTATbits                                       (abs)        003F90
_DATAEE_ReadByte                                   text5        008FF8
_DATAEE_WriteByte                                  text61       00891A
_ECANCON                                           (abs)        003F91
_ECAN_Initialize                                   text186      006FB0
_ECAN_SetWakeUpInterruptHandler                    text187      009310
_ECAN_WAKI_ISR                                     text192      008FD8
_FLASH_ReadByte                                    text8        008F30
_FM17522_firmware_reference                        mediumconst  00F060
_I2C1CLK                                           (abs)        003D7B
_I2C1CNT                                           (abs)        003D6C
_I2C1CON0                                          (abs)        003D73
_I2C1CON0bits                                      (abs)        003D73
_I2C1CON1                                          (abs)        003D74
_I2C1CON1bits                                      (abs)        003D74
_I2C1CON2                                          (abs)        003D75
_I2C1ERR                                           (abs)        003D76
_I2C1ERRbits                                       (abs)        003D76
_I2C1PIE                                           (abs)        003D7A
_I2C1PIEbits                                       (abs)        003D7A
_I2C1PIR                                           (abs)        003D79
_I2C1PIRbits                                       (abs)        003D79
_I2C1RXB                                           (abs)        003D6A
_I2C1SCLPPS                                        (abs)        003AE3
_I2C1SDAPPS                                        (abs)        003AE4
_I2C1STAT1bits                                     (abs)        003D78
_I2C1TXB                                           (abs)        003D6B
_I2C1_CallbackReturnReset                          text149      009396
_I2C1_CallbackReturnStop                           text150      00939A
_I2C1_ClearInterruptFlags                          text159      0087DC
_I2C1_Close                                        text166      008D7C
_I2C1_DO_ADDRESS_NACK                              text119      0082D8
_I2C1_DO_BUS_COLLISION                             text118      008126
_I2C1_DO_BUS_ERROR                                 text117      00925E
_I2C1_DO_IDLE                                      text134      0092A8
_I2C1_DO_RESET                                     text120      00926E
_I2C1_DO_RX                                        text130      007710
_I2C1_DO_RX_ACK                                    text123      009332
_I2C1_DO_RX_EMPTY                                  text128      00766E
_I2C1_DO_RX_NACK_RESTART                           text121      00932A
_I2C1_DO_RX_NACK_STOP                              text122      00928C
_I2C1_DO_SEND_ADR_READ                             text133      008C72
_I2C1_DO_SEND_ADR_WRITE                            text132      0091B2
_I2C1_DO_SEND_RESTART                              text125      00938E
_I2C1_DO_SEND_RESTART_READ                         text127      00929A
_I2C1_DO_SEND_RESTART_WRITE                        text126      009392
_I2C1_DO_SEND_STOP                                 text124      008E76
_I2C1_DO_TX                                        text131      00657C
_I2C1_DO_TX$2868                                   cstackCOMRAM 000010
_I2C1_DO_TX_ACK                                    text135      00933A
_I2C1_DO_TX_EMPTY                                  text129      007CF4
_I2C1_Initialize                                   text185      008F96
_I2C1_MasterClearCountFlag                         text165      009388
_I2C1_MasterClearIrq                               text169      009342
_I2C1_MasterClearNackFlag                          text164      009382
_I2C1_MasterClearStopFlag                          text163      00937C
_I2C1_MasterClose                                  text168      0092B4
_I2C1_MasterDisableIrq                             text167      009034
_I2C1_MasterDisableRestart                         text147      009376
_I2C1_MasterEnableRestart                          text146      009370
_I2C1_MasterFsm                                    text116      007DEA
_I2C1_MasterGetCounter                             text138      009352
_I2C1_MasterGetRxData                              text143      00936A
_I2C1_MasterIsCountFlagSet                         text162      009236
_I2C1_MasterIsNack                                 text137      0091DE
_I2C1_MasterIsNackFlagSet                          text161      009220
_I2C1_MasterIsRxBufFull                            text142      0091F4
_I2C1_MasterIsStopFlagSet                          text160      00920A
_I2C1_MasterIsTxBufEmpty                           text136      0091C8
_I2C1_MasterOpen                                   text111      008F74
_I2C1_MasterOperation                              text113      00878A
_I2C1_MasterResetBus                               text148      0092DE
_I2C1_MasterSendAck                                text141      009364
_I2C1_MasterSendNack                               text140      00935E
_I2C1_MasterSendTxData                             text144      0092CA
_I2C1_MasterSetCounter                             text145      0092D4
_I2C1_MasterStop                                   text139      009358
_I2C1_MasterWaitForEvent                           text115      008524
_I2C1_MasterWrite                                  text112      009322
_I2C1_Open                                         text110      00784A
_I2C1_Poller                                       text114      009016
_I2C1_Read1ByteRegister                            text108      007F54
_I2C1_SetAddressNackCallback                       text109      00913A
_I2C1_SetBuffer                                    text158      008EE8
_I2C1_SetCallback                                  text157      007BFA
_I2C1_SetDataCompleteCallback                      text156      009152
_I2C1_Status                                       bssBANK1     000100
_I2C1_Write1ByteRegister                           text74       0080B4
_INLVLA                                            (abs)        003A44
_INLVLB                                            (abs)        003A54
_INLVLC                                            (abs)        003A64
_INLVLE                                            (abs)        003A84
_INTCON0bits                                       (abs)        003FD2
_INTERRUPT_Initialize                              text184      00939E
_INTERRUPT_InterruptManager                        text189      00840A
_IO_ConfigPorts                                    text9        008340
_IO_ReadPin                                        text86       008040
_IO_ResetPin                                       text73       007AFC
_IO_SetPin                                         text72       007B7C
_LATA                                              (abs)        003FBA
_LATAbits                                          (abs)        003FBA
_LATB                                              (abs)        003FBB
_LATC                                              (abs)        003FBC
_LATCbits                                          (abs)        003FBC
_MFRC522_firmware_referenceV0_0                    mediumconst  00F120
_MFRC522_firmware_referenceV1_0                    mediumconst  00F0E0
_MFRC522_firmware_referenceV2_0                    mediumconst  00F0A0
_NVMADRH                                           (abs)        0039E1
_NVMADRL                                           (abs)        0039E0
_NVMCON1bits                                       (abs)        0039E5
_NVMCON2                                           (abs)        0039E6
_NVMDAT                                            (abs)        0039E3
_ODCONA                                            (abs)        003A42
_ODCONB                                            (abs)        003A52
_ODCONC                                            (abs)        003A62
_OSCCON1                                           (abs)        0039D9
_OSCCON3                                           (abs)        0039DB
_OSCEN                                             (abs)        0039DD
_OSCFRQ                                            (abs)        0039DF
_OSCILLATOR_Initialize                             text183      00919A
_OSCTUNE                                           (abs)        0039DE
_PCD_AntennaOn                                     text33       008DD2
_PCD_CalculateCRC                                  text27       007518
_PCD_ClearRegisterBitMask                          text29       009070
_PCD_CommunicateWithPICC                           text24       003DE4
_PCD_CommunicateWithPICC$4662                      cstackCOMRAM 000021
_PCD_Init                                          text30       00746A
_PCD_ReadRegister                                  text35       008F52
_PCD_ReadRegisters                                 text26       006A88
_PCD_Reset                                         text32       0089AC
_PCD_SetRegisterBitMask                            text25       00910A
_PCD_TransceiveData                                text23       008B3E
_PCD_WriteRegister                                 text34       008FB8
_PCD_WriteRegisters                                text28       008964
_PICC_IsNewCardPresent                             text20       0083A6
_PICC_REQA_or_WUPA                                 text22       0072E4
_PICC_ReadCardSerial                               text17       008E26
_PICC_RequestA                                     text21       0090F2
_PICC_Select                                       text18       0016A4
_PICC_Select$4707                                  cstackBANK0  00006A
_PICC_Select$4708                                  cstackBANK0  00006B
_PICC_Select$4711                                  cstackBANK0  000060
_PICC_Select$4714                                  cstackBANK0  000062
_PICC_Select$4715                                  cstackBANK0  000064
_PIE2bits                                          (abs)        003992
_PIE3bits                                          (abs)        003993
_PIE5bits                                          (abs)        003995
_PIN_MANAGER_Initialize                            text182      007966
_PIR0bits                                          (abs)        0039A0
_PIR2bits                                          (abs)        0039A2
_PIR3bits                                          (abs)        0039A3
_PIR4bits                                          (abs)        0039A4
_PIR5bits                                          (abs)        0039A5
_PIR7bits                                          (abs)        0039A7
_PMD0                                              (abs)        0039C0
_PMD1                                              (abs)        0039C1
_PMD2                                              (abs)        0039C2
_PMD3                                              (abs)        0039C3
_PMD4                                              (abs)        0039C4
_PMD5                                              (abs)        0039C5
_PMD6                                              (abs)        0039C6
_PMD7                                              (abs)        0039C7
_PMD_Initialize                                    text181      008F0C
_PORTBbits                                         (abs)        003FCB
_PORTCbits                                         (abs)        003FCC
_PR2                                               (abs)        003FAB
_PWM5CON                                           (abs)        003F6E
_PWM5DCH                                           (abs)        003F6D
_PWM5DCL                                           (abs)        003F6C
_PWM5_Initialize                                   text180      009182
_PWM5_LoadDutyValue                                text49       008BAC
_PWM6CON                                           (abs)        003F6A
_PWM6DCH                                           (abs)        003F69
_PWM6DCL                                           (abs)        003F68
_PWM6_Initialize                                   text179      00916A
_RA6PPS                                            (abs)        003A06
_RB0PPS                                            (abs)        003A08
_RB1PPS                                            (abs)        003A09
_RB2PPS                                            (abs)        003A0A
_RB5PPS                                            (abs)        003A0D
_RC2PPS                                            (abs)        003A12
_RC3PPS                                            (abs)        003A13
_RC5PPS                                            (abs)        003A15
_RXB0CONbits                                       (abs)        003F80
_RXB0D0                                            (abs)        003F86
_RXB0D1                                            (abs)        003F87
_RXB0D2                                            (abs)        003F88
_RXB0D3                                            (abs)        003F89
_RXB0D4                                            (abs)        003F8A
_RXB0D5                                            (abs)        003F8B
_RXB0D6                                            (abs)        003F8C
_RXB0D7                                            (abs)        003F8D
_RXB0DLC                                           (abs)        003F85
_RXB0EIDH                                          (abs)        003F83
_RXB0EIDL                                          (abs)        003F84
_RXB0SIDH                                          (abs)        003F81
_RXB0SIDL                                          (abs)        003F82
_RXB1CONbits                                       (abs)        0037F0
_RXB1D0                                            (abs)        0037F6
_RXB1D1                                            (abs)        0037F7
_RXB1D2                                            (abs)        0037F8
_RXB1D3                                            (abs)        0037F9
_RXB1D4                                            (abs)        0037FA
_RXB1D5                                            (abs)        0037FB
_RXB1D6                                            (abs)        0037FC
_RXB1D7                                            (abs)        0037FD
_RXB1DLC                                           (abs)        0037F5
_RXB1EIDH                                          (abs)        0037F3
_RXB1EIDL                                          (abs)        0037F4
_RXB1SIDH                                          (abs)        0037F1
_RXB1SIDL                                          (abs)        0037F2
_RXF0EIDH                                          (abs)        0037A2
_RXF0EIDL                                          (abs)        0037A3
_RXF0SIDH                                          (abs)        0037A0
_RXF0SIDL                                          (abs)        0037A1
_RXF1EIDH                                          (abs)        0037A6
_RXF1EIDL                                          (abs)        0037A7
_RXF1SIDH                                          (abs)        0037A4
_RXF1SIDL                                          (abs)        0037A5
_RXF2EIDH                                          (abs)        0037AA
_RXF2EIDL                                          (abs)        0037AB
_RXF2SIDH                                          (abs)        0037A8
_RXF2SIDL                                          (abs)        0037A9
_RXF3EIDH                                          (abs)        0037AE
_RXF3EIDL                                          (abs)        0037AF
_RXF3SIDH                                          (abs)        0037AC
_RXF3SIDL                                          (abs)        0037AD
_RXF4EIDH                                          (abs)        0037B2
_RXF4EIDL                                          (abs)        0037B3
_RXF4SIDH                                          (abs)        0037B0
_RXF4SIDL                                          (abs)        0037B1
_RXF5EIDH                                          (abs)        0037B6
_RXF5EIDL                                          (abs)        0037B7
_RXF5SIDH                                          (abs)        0037B4
_RXF5SIDL                                          (abs)        0037B5
_RXM0EIDH                                          (abs)        0037BA
_RXM0EIDL                                          (abs)        0037BB
_RXM0SIDH                                          (abs)        0037B8
_RXM0SIDL                                          (abs)        0037B9
_RXM1EIDH                                          (abs)        0037BE
_RXM1EIDL                                          (abs)        0037BF
_RXM1SIDH                                          (abs)        0037BC
_RXM1SIDL                                          (abs)        0037BD
_SLRCONA                                           (abs)        003A43
_SLRCONB                                           (abs)        003A53
_SLRCONC                                           (abs)        003A63
_SPI1BAUD                                          (abs)        003D19
_SPI1CLK                                           (abs)        003D1C
_SPI1CON0                                          (abs)        003D14
_SPI1CON0bits                                      (abs)        003D14
_SPI1CON1                                          (abs)        003D15
_SPI1CON2                                          (abs)        003D16
_SPI1RXB                                           (abs)        003D10
_SPI1SCKPPS                                        (abs)        003AE0
_SPI1SDIPPS                                        (abs)        003AE1
_SPI1TCNTL                                         (abs)        003D12
_SPI1TXB                                           (abs)        003D11
_SPI1_ExchangeByte                                 text36       008EC4
_SPI1_Initialize                                   text178      0090D8
_SPI1_Open                                         text31       006C4A
_SYSTEM_Initialize                                 text170      008B76
_T0CON0                                            (abs)        003FB8
_T0CON0bits                                        (abs)        003FB8
_T0CON1                                            (abs)        003FB9
_T2CLKCON                                          (abs)        003FAE
_T2CON                                             (abs)        003FAC
_T2CONbits                                         (abs)        003FAC
_T2HLT                                             (abs)        003FAD
_T2HLTbits                                         (abs)        003FAD
[...]
intlevel3                                          text         000000
isa$std                                            (abs)        000001
isa$xinst                                          (abs)        000000
ivt0x8_base                                        ivt0x8       000008
main@flag_debug                                    bssBANK1     0001C3
pad@buf                                            cstackCOMRAM 000017
pad@fp                                             cstackCOMRAM 000015
pad@i                                              cstackCOMRAM 00001C
pad@p                                              cstackCOMRAM 000019
pad@w                                              cstackCOMRAM 00001E
printf@ap                                          cstackBANK0  000079
printf@fmt                                         cstackBANK0  00006D
putch@txData                                       cstackCOMRAM 000004
rd1RegCompleteHandler@ptr                          cstackCOMRAM 00000C
rd2RegCompleteHandler@ptr                          cstackCOMRAM 00000C
rdBlkRegCompleteHandler@ptr                        cstackCOMRAM 00000C
stackhi                                            (abs)        000000
stacklo                                            (abs)        000000
start                                              init         00001A
start_initialization                               cinit        007E64
stoa@F1156                                         dataBANK2    00025B
stoa@cp                                            cstackCOMRAM 00001E
stoa@fp                                            cstackCOMRAM 00000E
stoa@i                                             cstackCOMRAM 00001C
stoa@l                                             cstackCOMRAM 000020
stoa@nuls                                          cstackCOMRAM 000013
stoa@p                                             cstackCOMRAM 000022
stoa@s                                             cstackCOMRAM 000010
stoa@w                                             cstackCOMRAM 00001A
strlen@a                                           cstackCOMRAM 000005
strlen@s                                           cstackCOMRAM 000003
strncmp@_l                                         cstackCOMRAM 000003
strncmp@_r                                         cstackCOMRAM 000005
strncmp@l                                          cstackCOMRAM 00000A
strncmp@n                                          cstackCOMRAM 000007
strncmp@r                                          cstackCOMRAM 00000C
utoa@d                                             cstackCOMRAM 000022
utoa@fp                                            cstackCOMRAM 000020
utoa@i                                             cstackCOMRAM 000036
utoa@p                                             cstackCOMRAM 000034
utoa@w                                             cstackCOMRAM 000032
vfpfcnvrt@ap                                       cstackCOMRAM 00003F
vfpfcnvrt@c                                        cstackBANK0  000062
vfpfcnvrt@convarg                                  cstackBANK0  000063
vfpfcnvrt@cp                                       cstackBANK0  00006B
vfpfcnvrt@fmt                                      cstackCOMRAM 00003D
vfpfcnvrt@fp                                       cstackCOMRAM 00003B
vfprintf@ap                                        cstackCOMRAM 000053
vfprintf@cfmt                                      cstackCOMRAM 000055
vfprintf@fmt                                       cstackCOMRAM 000051
vfprintf@fp                                        cstackCOMRAM 00004F
wr1RegCompleteHandler@ptr                          cstackCOMRAM 00000C
wr2RegCompleteHandler@ptr                          cstackCOMRAM 00000C
xtoa@c                                             cstackCOMRAM 00003A
xtoa@d                                             cstackCOMRAM 000022
xtoa@fp                                            cstackCOMRAM 000020
xtoa@i                                             cstackCOMRAM 000038
xtoa@p                                             cstackCOMRAM 000036
xtoa@w                                             cstackCOMRAM 000032


MODULE INFORMATION

Module		Function		Class		Link	Load	Size
mcc_generated_files/uart2.c
		_putch         		CODE           	92C0	0000	10
		_UART2_Write   		CODE           	90BE	0000	26
		_UART2_SetFramingErrorHandler		CODE           	92F2	0000	10
		_UART2_SetOverrunErrorHandler		CODE           	92E8	0000	10
		_UART2_Initialize		CODE           	826E	0000	106
		_UART2_SetErrorHandler		CODE           	92FC	0000	10

mcc_generated_files/uart2.c estimated size: 172

mcc_generated_files/examples/i2c1_master_example.c
		_wr1RegCompleteHandler		CODE           	8CCC	0000	44
		_wr2RegCompleteHandler		CODE           	8D50	0000	44
		_I2C1_Write1ByteRegister		CODE           	80B4	0000	114
		_rdBlkRegCompleteHandler		CODE           	88CE	0000	76
		_rd1RegCompleteHandler		CODE           	8D24	0000	44
		_rd2RegCompleteHandler		CODE           	8CF8	0000	44
		_I2C1_Read1ByteRegister		CODE           	7F54	0000	120

mcc_generated_files/examples/i2c1_master_example.c estimated size: 486

C:\Program Files\Microchip\xc8\v2.41\pic\sources\c99\common\Umul32.c
		___lmul        		CODE           	8204	0000	106

C:\Program Files\Microchip\xc8\v2.41\pic\sources\c99\common\Umul32.c estimated size: 106

mcc_generated_files/pwm6.c
		_PWM6_Initialize		CODE           	916A	0000	24

mcc_generated_files/pwm6.c estimated size: 24

C:\Program Files\Microchip\xc8\v2.41\pic\sources\c99\common\fltol.c
		___fltol       		CODE           	669E	0000	262

C:\Program Files\Microchip\xc8\v2.41\pic\sources\c99\common\fltol.c estimated size: 262

mcc_generated_files/i2c1_master.c
		_I2C1_DO_SEND_RESTART		CODE           	938E	0000	4
		_I2C1_MasterIsNackFlagSet		CODE           	9220	0000	22
		_I2C1_DO_RX_EMPTY		CODE           	766E	0000	162
		_I2C1_DO_TX_EMPTY		CODE           	7CF4	0000	124
		_I2C1_DO_SEND_RESTART_READ		CODE           	929A	0000	14
		_I2C1_MasterClearNackFlag		CODE           	9382	0000	6
		_I2C1_CallbackReturnStop		CODE           	939A	0000	4
		_I2C1_DO_RX    		CODE           	7710	0000	158
		_I2C1_DO_TX    		CODE           	657C	0000	290
		_I2C1_SetAddressNackCallback		CODE           	913A	0000	24
		_I2C1_DO_IDLE  		CODE           	92A8	0000	12
		_I2C1_MasterOpen		CODE           	8F74	0000	34
		_I2C1_MasterSendTxData		CODE           	92CA	0000	10
		_I2C1_MasterStop		CODE           	9358	0000	6
		_I2C1_MasterIsStopFlagSet		CODE           	920A	0000	22
		_I2C1_CallbackReturnReset		CODE           	9396	0000	4
		_I2C1_DO_RESET 		CODE           	926E	0000	16
		_I2C1_Poller   		CODE           	9016	0000	30
		_I2C1_DO_RX_ACK		CODE           	9332	0000	8
		_I2C1_DO_TX_ACK		CODE           	933A	0000	8
		_I2C1_MasterWaitForEvent		CODE           	8524	0000	92
		_I2C1_MasterSendNack		CODE           	935E	0000	6
		_I2C1_DO_RX_NACK_RESTART		CODE           	932A	0000	8
		_I2C1_MasterDisableIrq		CODE           	9034	0000	30
		_I2C1_ClearInterruptFlags		CODE           	87DC	0000	82
		_I2C1_MasterOperation		CODE           	878A	0000	82
		_I2C1_MasterClearStopFlag		CODE           	937C	0000	6
		_I2C1_SetCallback		CODE           	7BFA	0000	126
		_I2C1_MasterEnableRestart		CODE           	9370	0000	6
		_I2C1_MasterGetCounter		CODE           	9352	0000	6
		_I2C1_MasterSetCounter		CODE           	92D4	0000	10
		_I2C1_Open     		CODE           	784A	0000	144
		_I2C1_DO_ADDRESS_NACK		CODE           	82D8	0000	104
		_I2C1_MasterDisableRestart		CODE           	9376	0000	6
		_I2C1_MasterClearCountFlag		CODE           	9388	0000	6
		_I2C1_SetBuffer		CODE           	8EE8	0000	36
		_I2C1_DO_SEND_RESTART_WRITE		CODE           	9392	0000	4
		_I2C1_MasterIsTxBufEmpty		CODE           	91C8	0000	22
		_I2C1_MasterClose		CODE           	92B4	0000	12
		_I2C1_MasterWrite		CODE           	9322	0000	8
		_I2C1_Initialize		CODE           	8F96	0000	34
		_I2C1_Close    		CODE           	8D7C	0000	44
		_I2C1_MasterIsRxBufFull		CODE           	91F4	0000	22
		_I2C1_MasterIsNack		CODE           	91DE	0000	22
		_I2C1_DO_SEND_ADR_WRITE		CODE           	91B2	0000	22
		_I2C1_MasterClearIrq		CODE           	9342	0000	8
		_I2C1_SetDataCompleteCallback		CODE           	9152	0000	24
		_I2C1_DO_SEND_STOP		CODE           	8E76	0000	40
		_I2C1_DO_BUS_COLLISION		CODE           	8126	0000	112
		_I2C1_DO_BUS_ERROR		CODE           	925E	0000	16
		_I2C1_MasterSendAck		CODE           	9364	0000	6
		_I2C1_MasterFsm		CODE           	7DEA	0000	122
		_I2C1_MasterGetRxData		CODE           	936A	0000	6
		_I2C1_MasterResetBus		CODE           	92DE	0000	10
		_I2C1_MasterIsCountFlagSet		CODE           	9236	0000	22
		_I2C1_DO_SEND_ADR_READ		CODE           	8C72	0000	46
		_I2C1_DO_RX_NACK_STOP		CODE           	928C	0000	14

mcc_generated_files/i2c1_master.c estimated size: 2324

C:\Program Files\Microchip\xc8\v2.41\pic\sources\c99\common\xxtofl.c
		___xxtofl      		CODE           	5548	0000	436

C:\Program Files\Microchip\xc8\v2.41\pic\sources\c99\common\xxtofl.c estimated size: 436

mcc_generated_files/tmr2.c
		_TMR2_Initialize		CODE           	9052	0000	30

mcc_generated_files/tmr2.c estimated size: 30

C:\Program Files\Microchip\xc8\v2.41\pic\sources\c99\common\lodiv.c
		___lodiv       		CODE           	68AA	0000	240

C:\Program Files\Microchip\xc8\v2.41\pic\sources\c99\common\lodiv.c estimated size: 240

mcc_generated_files/interrupt_manager.c
		_INTERRUPT_Initialize		CODE           	939E	0000	4
		_INTERRUPT_InterruptManager		CODE           	840A	0000	96

mcc_generated_files/interrupt_manager.c estimated size: 100

C:\Program Files\Microchip\xc8\v2.41\pic\sources\c99\common\aodiv.c
		___aodiv       		CODE           	5D4E	0000	392

C:\Program Files\Microchip\xc8\v2.41\pic\sources\c99\common\aodiv.c estimated size: 392

C:\Program Files\Microchip\xc8\v2.41\pic\sources\c99\common\rand.c
		_rand          		CODE           	8196	0000	110

C:\Program Files\Microchip\xc8\v2.41\pic\sources\c99\common\rand.c estimated size: 110

C:\Program Files\Microchip\xc8\v2.41\pic\sources\c99\common\strlen.c
		_strlen        		CODE           	868C	0000	88

C:\Program Files\Microchip\xc8\v2.41\pic\sources\c99\common\strlen.c estimated size: 88

C:\Program Files\Microchip\xc8\v2.41\pic\sources\c99\common\nf_fputc.c
		_fputc         		CODE           	6ED8	0000	216

C:\Program Files\Microchip\xc8\v2.41\pic\sources\c99\common\nf_fputc.c estimated size: 216

mcc_generated_files/tmr0.c
		_TMR0_SetInterruptHandler		CODE           	9306	0000	10
		_TMR0_DefaultInterruptHandler		CODE           	93A2	0000	2
		_TMR0_ISR      		CODE           	2C02	0000	990
		_TMR0_Initialize		CODE           	8B02	0000	60

mcc_generated_files/tmr0.c estimated size: 1062

mcc_generated_files/pin_manager.c
		_PIN_MANAGER_Initialize		CODE           	7966	0000	138

mcc_generated_files/pin_manager.c estimated size: 138

C:\Program Files\Microchip\xc8\v2.41\pic\sources\c99\common\lwdiv.c
		___lwdiv       		CODE           	7FCC	0000	116

C:\Program Files\Microchip\xc8\v2.41\pic\sources\c99\common\lwdiv.c estimated size: 116

C:\Program Files\Microchip\xc8\v2.41\pic\sources\c99\common\awdiv.c
		___awdiv       		CODE           	7220	0000	196

C:\Program Files\Microchip\xc8\v2.41\pic\sources\c99\common\awdiv.c estimated size: 196

mcc_generated_files/spi1.c
		_SPI1_Open     		CODE           	6C4A	0000	220
		_SPI1_Initialize		CODE           	90D8	0000	26
		_SPI1_ExchangeByte		CODE           	8EC4	0000	36

mcc_generated_files/spi1.c estimated size: 282

C:\Program Files\Microchip\xc8\v2.41\pic\sources\c99\common\abs.c
		_abs           		CODE           	8AC2	0000	64

C:\Program Files\Microchip\xc8\v2.41\pic\sources\c99\common\abs.c estimated size: 64

C:\Program Files\Microchip\xc8\v2.41\pic\sources\c99\common\doprnt.c
		_vfpfcnvrt     		CODE           	0F58	0000	1868
		_pad           		CODE           	7D70	0000	122
		_dtoa          		CODE           	512A	0000	594
		_vfprintf      		CODE           	86E4	0000	84
		_stoa          		CODE           	62FC	0000	326
		_utoa          		CODE           	5A2C	0000	404
		_xtoa          		CODE           	5ED6	0000	362

C:\Program Files\Microchip\xc8\v2.41\pic\sources\c99\common\doprnt.c estimated size: 3760

header_files/LIS2DW12.c
		_Accel_ReadRegister		CODE           	927E	0000	14
		_Accel_Config  		CODE           	6B6A	0000	224
		_Accel_ClearInterrupt		CODE           	931A	0000	8

header_files/LIS2DW12.c estimated size: 246

mcc_generated_files/ecan.c
		_ECAN_SetWakeUpInterruptHandler		CODE           	9310	0000	10
		_CAN_isRXErrorPassive		CODE           	90A4	0000	26
		_CAN_receive   		CODE           	498E	0000	696
		_ECAN_Initialize		CODE           	6FB0	0000	216
		_convertReg2ExtendedCANid		CODE           	6442	0000	314
		_CAN_isTXErrorPassive		CODE           	908A	0000	26
		_CAN_transmit  		CODE           	3A84	0000	864
		_convertReg2StandardCANid		CODE           	7EDC	0000	120
		_WakeUpDefaultInterruptHandler		CODE           	93A4	0000	2
		_convertCANid2Reg		CODE           	5898	0000	404
		_CAN_messagesInBuffer		CODE           	8DFC	0000	42
		_ECAN_WAKI_ISR 		CODE           	8FD8	0000	32

mcc_generated_files/ecan.c estimated size: 2752

shared
		_CAN_ID_TX_TAG_RFID		MEDIUMCONST    	0000	0000	0
		_CAN_ID_TX_ALARM_LOW		MEDIUMCONST    	0000	0000	0
		_CAN_ID_TX_BEAT		MEDIUMCONST    	0000	0000	0
		_CAN_ID_TX_VALIDATION_M3		MEDIUMCONST    	0000	0000	0
		_CAN_ID_TX_FAIL_HIGH		MEDIUMCONST    	0000	0000	0
		_CAN_ID_TX_FAIL_IHM		MEDIUMCONST    	0000	0000	0
		_CAN_ID_TX_VALIDATION_M6		MEDIUMCONST    	F020	0000	4
		_MFRC522_firmware_referenceV0_0		MEDIUMCONST    	F120	0000	64
		_MFRC522_firmware_referenceV1_0		MEDIUMCONST    	F0E0	0000	64
		_MFRC522_firmware_referenceV2_0		MEDIUMCONST    	F0A0	0000	64
		__initialization		CODE           	7E64	0000	114
		_CAN_ID_TX_ALARM_HIGH		MEDIUMCONST    	0000	0000	0
		_CAN_ID_TX_VALIDATION_M2		MEDIUMCONST    	0000	0000	0
		_CAN_ID_TX_ALARM_IHM		MEDIUMCONST    	0000	0000	0
		_CAN_ID_TX_FAIL_LOW		MEDIUMCONST    	0000	0000	0
		_CAN_ID_TX_VALIDATION_M5		MEDIUMCONST    	0000	0000	0
		_i2c1_fsmStateTable		MEDIUMCONST    	EFF5	0000	38
		_CAN_ID_TX_SERIAL		MEDIUMCONST    	0000	0000	0
		_FM17522_firmware_reference		MEDIUMCONST    	F060	0000	64
		_CAN_ID_TX_VALIDATION_M1		MEDIUMCONST    	0000	0000	0
		_CAN_ID_TX_STATUS		MEDIUMCONST    	0000	0000	0
		_spi1_configuration		MEDIUMCONST    	F01B	0000	5
		_CAN_ID_TX_VALIDATION_M4		MEDIUMCONST    	F028	0000	4

shared estimated size: 421

header_files/tca9534.c
		_IO_SetPin     		CODE           	7B7C	0000	126
		_IO_ResetPin   		CODE           	7AFC	0000	128
		_IO_ReadPin    		CODE           	8040	0000	116
		_IO_ConfigPorts		CODE           	8340	0000	102

header_files/tca9534.c estimated size: 472

mcc_generated_files/pwm5.c
		_PWM5_LoadDutyValue		CODE           	8BAC	0000	52
		_PWM5_Initialize		CODE           	9182	0000	24

mcc_generated_files/pwm5.c estimated size: 76

mcc_generated_files/mcc.c
		_PMD_Initialize		CODE           	8F0C	0000	36
		_OSCILLATOR_Initialize		CODE           	919A	0000	24
		_SYSTEM_Initialize		CODE           	8B76	0000	54

mcc_generated_files/mcc.c estimated size: 114

mcc_generated_files/memory.c
		_FLASH_ReadByte		CODE           	8F30	0000	34
		_DATAEE_WriteByte		CODE           	891A	0000	74
		_DATAEE_ReadByte		CODE           	8FF8	0000	30

mcc_generated_files/memory.c estimated size: 138

header_files/RC552.c
		_PCD_SetRegisterBitMask		CODE           	910A	0000	24
		_PCD_Init      		CODE           	746A	0000	174
		_PICC_IsNewCardPresent		CODE           	83A6	0000	100
		_PICC_ReadCardSerial		CODE           	8E26	0000	40
		_PCD_TransceiveData		CODE           	8B3E	0000	56
		_PCD_ReadRegister		CODE           	8F52	0000	34
		_PCD_WriteRegister		CODE           	8FB8	0000	32
		_PICC_RequestA 		CODE           	90F2	0000	24
		_PCD_AntennaOn 		CODE           	8DD2	0000	42
		_PCD_Reset     		CODE           	89AC	0000	72
		_PCD_ReadRegisters		CODE           	6A88	0000	226
		_PCD_CalculateCRC		CODE           	7518	0000	172
		_PICC_Select   		CODE           	16A4	0000	1614
		_PCD_ClearRegisterBitMask		CODE           	9070	0000	26
		_PCD_WriteRegisters		CODE           	8964	0000	72
		_PICC_REQA_or_WUPA		CODE           	72E4	0000	196
		_PCD_CommunicateWithPICC		CODE           	3DE4	0000	834

header_files/RC552.c estimated size: 3738

C:\Program Files\Microchip\xc8\v2.41\pic\sources\c99\common\nf_fputs.c
		_fputs         		CODE           	8A3C	0000	68

C:\Program Files\Microchip\xc8\v2.41\pic\sources\c99\common\nf_fputs.c estimated size: 68

mcc_generated_files/adcc.c
		_ADCC_GetSingleConversion		CODE           	8C12	0000	50
		_ADCC_Initialize		CODE           	8580	0000	92

mcc_generated_files/adcc.c estimated size: 142

C:\Program Files\Microchip\xc8\v2.41\pic\sources\c99\common\lomod.c
		___lomod       		CODE           	7088	0000	208

C:\Program Files\Microchip\xc8\v2.41\pic\sources\c99\common\lomod.c estimated size: 208

C:\Program Files\Microchip\xc8\v2.41\pic\sources\c99\common\aomod.c
		___aomod       		CODE           	6040	0000	356

C:\Program Files\Microchip\xc8\v2.41\pic\sources\c99\common\aomod.c estimated size: 356

main.c
		_fx_eeprom_read_int32		CODE           	846A	0000	94
		_fx_power_supply_request		CODE           	924C	0000	18
		_control_power_supply		CODE           	61A4	0000	344
		_fx_pin_check_status_close		CODE           	8634	0000	88
		_fx_accel_config		CODE           	8DA8	0000	42
		_main          		CODE           	78DA	0000	140
		_control_wdt   		CODE           	8A80	0000	66
		_fx_eeprom_read_int16		CODE           	8BE0	0000	50
		_fx_can_config 		CODE           	79F0	0000	134
		_control_motor_starting		CODE           	699A	0000	238
		_fx_eeprom_write_int32		CODE           	8C44	0000	46
		_fx_random_validate		CODE           	89F4	0000	72
		_fx_eeprom_start		CODE           	537C	0000	460
		_control_accel 		CODE           	6D26	0000	218
		_control_motor 		CODE           	4126	0000	738
		_fx_hall_read_sensors		CODE           	5BC0	0000	398
		_fx_random_generate		CODE           	77AE	0000	156
		_fx_hall_Manager		CODE           	4408	0000	708
		_fx_system_start		CODE           	73A8	0000	194
		_fx_power_supply_release		CODE           	9122	0000	24
		_control_random_number		CODE           	882E	0000	80
		_control_system		CODE           	276C	0000	1174
		_fx_start_lock 		CODE           	4EBC	0000	622
		_control_alarms		CODE           	3706	0000	894
		_control_canbus		CODE           	1CF2	0000	1458
		_control_lights		CODE           	4C46	0000	630
		_control_faults		CODE           	22A4	0000	1224
		_fx_motor_off  		CODE           	8CA0	0000	44
		_fx_default_values_start		CODE           	75C4	0000	170
		_fx_can_process_message		CODE           	001E	0000	3898
		_fx_rfid_manager		CODE           	337A	0000	908
		_fx_selftest_manager		CODE           	56FC	0000	412
		_fx_serial_set 		CODE           	7A76	0000	134
		_fx_motor_open 		CODE           	887E	0000	80
		_fx_head_manager_sensor		CODE           	7C78	0000	124
		_fx_serial_get_uid		CODE           	7158	0000	200
		_fx_can_config_buffer		CODE           	6E00	0000	216
		_fx_pin_check_status_open		CODE           	85DC	0000	88
		_fx_motor_close		CODE           	8738	0000	82
		_fx_head_light_calc_potency		CODE           	84C8	0000	92
		_fx_eeprom_write_int16		CODE           	8E9E	0000	38
		_control_sensors		CODE           	46CC	0000	706

main.c estimated size: 17502

C:\Program Files\Microchip\xc8\v2.41\pic\sources\c99\common\strncmp.c
		_strncmp       		CODE           	67A4	0000	262

C:\Program Files\Microchip\xc8\v2.41\pic\sources\c99\common\strncmp.c estimated size: 262

C:\Program Files\Microchip\xc8\v2.41\pic\sources\c99\common\printf.c
		_printf        		CODE           	8E4E	0000	40

C:\Program Files\Microchip\xc8\v2.41\pic\sources\c99\common\printf.c estimated size: 40

C:\Program Files\Microchip\xc8\v2.41\pic\sources\c99\common\sprcdiv.c
		___fldiv       		CODE           	2FE0	0000	922

C:\Program Files\Microchip\xc8\v2.41\pic\sources\c99\common\sprcdiv.c estimated size: 922

