Microchip MPLAB XC8 Compiler V2.45

Linker command line:

-W-3 \
  --edf=C:\Program Files\Microchip\xc8\v2.45\pic\dat\20230818022343_en.msgs \
  -pivt0x8=08h -cn \
  -h+dist/default/production\bete_travabici_teste_recarga.production.sym \
  --cmf=dist/default/production\bete_travabici_teste_recarga.production.cmf \
  -z -Q18F26K83 \
  -oC:\Users\Fernando\AppData\Local\Temp\xcAs3fc.\driver_tmp_3.o \
  --defsym=__MPLAB_BUILD=1 --fixupoverflow=error \
  -Mdist/default/production/bete_travabici_teste_recarga.production.map \
  --md=C:\Users\Fernando\AppData\Local\Temp\xcAs3fc.\driver_tmp_0.dat -E1 \
  -ver=XC8 Compiler --acfsm=1493 -ACODE=00h-0FFFFh -ACONST=00h-0FFFFh \
  -ASMALLCONST=01000h-010FFhx240 -AMEDIUMCONST=01000h-0FFFFh \
  -ACOMRAM=01h-05Fh -AABS1=00h-0FFFh -ABIGRAM=01h-0FFFh \
  -ARAM=060h-0FFh,0100h-01FFhx15 -ABANK0=060h-0FFh -ABANK1=0100h-01FFh \
  -ABANK2=0200h-02FFh -ABANK3=0300h-03FFh -ABANK4=0400h-04FFh \
  -ABANK5=0500h-05FFh -ABANK6=0600h-06FFh -ABANK7=0700h-07FFh \
  -ABANK8=0800h-08FFh -ABANK9=0900h-09FFh -ABANK10=0A00h-0AFFh \
  -ABANK11=0B00h-0BFFh -ABANK12=0C00h-0CFFh -ABANK13=0D00h-0DFFh \
  -ABANK14=0E00h-0EFFh -ABANK15=0F00h-0FFFh \
  -ASFR=03700h-037FFhx8,03F00h-03F5Fh,03F60h-03FFFh -ABIGSFR=03700h-03FFFh \
  -ACONFIG=0300000h-0300009h -AIDLOC=0200000h-020000Fh \
  -AEEDATA=0310000h-03103FFh -peeprom_data=EEDATA -preset_vec=00h \
  -ppowerup=CODE,init -pramtop=01000h -psmallconst=SMALLCONST \
  -pmediumconst=MEDIUMCONST -pconst=CONST -AFARRAM=00h-00h \
  -prdata=COMRAM,nvrram=COMRAM,nvbit=COMRAM,rbss=COMRAM,rbit=COMRAM \
  -pfarbss=FARRAM,fardata=FARRAM,nvFARRAM=FARRAM \
  -pintsave_regs=BIGRAM,bigbss=BIGRAM,bigdata=BIGRAM -pbss=RAM \
  -pidata=CODE,irdata=CODE,ibigdata=CODE,ifardata=CODE -prparam=COMRAM \
  C:\Users\Fernando\AppData\Local\Temp\xcAs3fc.\driver_tmp_14.o \
  dist/default/production\bete_travabici_teste_recarga.production.o 

Object code version is 3.11

Machine type is 18F26K83



                Name                               Link     Load   Length Selector   Space Scale
C:\Users\Fernando\AppData\Local\Temp\xcAs3fc.\driver_tmp_14.o
                idloc                            200000   200000       10        0       5
                config                           300000   300000        A        0       4
                init                                 1A       1A        4        4       0
                reset_vec                             0        0        4        0       0
dist/default/production\bete_travabici_teste_recarga.production.o
                idloc                            200000   200000       10        0       5
                config                           300000   300000        A        0       4
                mediumconst                        FDA4     FDA4      25C     7ED2       0
                ivt0x8                                8        8       12        4       0
                text101                            1A6E     1A6E        2        4       0
                text100                             A36      A36       98        4       0
                text99                             1522     1522       3C        4       0
                text98                             11EE     11EE       5C        4       0
                text97                             17BC     17BC       22        4       0
                text96                             1A6A     1A6A        4        4       0
                text95                             18A0     18A0       18        4       0
                text94                              FF4      FF4       6A        4       0
                text93                             1776     1776       24        4       0
                text92                             19EC     19EC        A        4       0
                text91                             14E6     14E6       3C        4       0
                text90                             1838     1838       1E        4       0
                text89                             19E2     19E2        A        4       0
                text88                             19D8     19D8        A        4       0
                text87                             19CE     19CE        A        4       0
                text86                             10C6     10C6       68        4       0
                text85                             172C     172C       26        4       0
                text84                             1A16     1A16        8        4       0
                text83                             199A     199A        C        4       0
                text82                             181A     181A       1E        4       0
                text81                             16D8     16D8       2C        4       0
                text80                             1A54     1A54        6        4       0
                text79                             1A4E     1A4E        6        4       0
                text78                             1A48     1A48        6        4       0
                text77                             193C     193C       16        4       0
                text76                             1926     1926       16        4       0
                text75                             1910     1910       16        4       0
                text74                             1348     1348       52        4       0
                text73                             1752     1752       24        4       0
                text72                              F86      F86       6E        4       0
                text71                             1888     1888       18        4       0
                text70                             16AC     16AC       2C        4       0
                text69                             1680     1680       2C        4       0
                text68                             1654     1654       2C        4       0
                text67                             1628     1628       2C        4       0
                text66                             13E6     13E6       4A        4       0
                text65                             1A66     1A66        4        4       0
                text64                             1A62     1A62        4        4       0
                text63                             19C4     19C4        A        4       0
                text62                             1A42     1A42        6        4       0
                text61                             1A3C     1A3C        6        4       0
                text60                             19BA     19BA        A        4       0
                text59                             19B0     19B0        A        4       0
                text58                             1A36     1A36        6        4       0
                text57                             18FA     18FA       16        4       0
                text56                             1A30     1A30        6        4       0
                text55                             1A2A     1A2A        6        4       0
                text54                             1A24     1A24        6        4       0
                text53                             1A1E     1A1E        6        4       0
                text52                             18E4     18E4       16        4       0
                text51                             18CE     18CE       16        4       0
                text50                             1A0E     1A0E        8        4       0
                text49                             198E     198E        C        4       0
                text48                             15FA     15FA       2E        4       0
                text47                             18B8     18B8       16        4       0
                text46                              4B8      4B8      122        4       0
                text45                              998      998       9E        4       0
                text44                              C5C      C5C       7C        4       0
                text43                              8F6      8F6       A2        4       0
                text42                             1980     1980        E        4       0
                text41                             1A5E     1A5E        4        4       0
                text40                             1A5A     1A5A        4        4       0
                text39                             1704     1704       28        4       0
                text38                             1A06     1A06        8        4       0
                text37                             1972     1972        E        4       0
                text36                             19FE     19FE        8        4       0
                text35                             1962     1962       10        4       0
                text34                             105E     105E       68        4       0
                text33                              EA8      EA8       70        4       0
                text32                             1952     1952       10        4       0
                text31                              CD8      CD8       7A        4       0
                text30                             1192     1192       5C        4       0
                text29                             17FC     17FC       1E        4       0
                text28                             12F6     12F6       52        4       0
                text27                             19F6     19F6        8        4       0
                text26                             179A     179A       22        4       0
                text25                              ACE      ACE       90        4       0
                text24                             1870     1870       18        4       0
                text23                              F18      F18       6E        4       0
                text22                              782      782       C4        4       0
                text21                              846      846       B0        4       0
                text20                             1594     1594       34        4       0
                text19                             1856     1856       1A        4       0
                text18                             19A6     19A6        A        4       0
                text17                              5DA      5DA       D8        4       0
                text16                              2B8      2B8      200        4       0
                text15                             139A     139A       4C        4       0
                text14                             17DE     17DE       1E        4       0
                text13                              DC6      DC6       72        4       0
                text12                              E38      E38       70        4       0
                text11                             14AA     14AA       3C        4       0
                text10                             146E     146E       3C        4       0
                text9                               6B2      6B2       D0        4       0
                text8                              15C8     15C8       32        4       0
                text7                               D52      D52       74        4       0
                text6                               BE0      BE0       7C        4       0
                text5                              124A     124A       5A        4       0
                text4                                1E       1E      29A        4       0
                text3                              1430     1430       3E        4       0
                text2                              12A4     12A4       52        4       0
                text1                               B5E      B5E       82        4       0
                text0                              112E     112E       64        4       0
                cstackCOMRAM                          1        1       30        1       1
                bssBANK1                            100      100       36      100       1
                bssBANK0                             60       60       84       60       1
                bssCOMRAM                            31       31       27        1       1
                cinit                              155E     155E       36        4       0
                nvBANK0                              E4       E4        4       60       1
                nvCOMRAM                             58       58        4        1       1

TOTAL           Name                               Link     Load   Length     Space
        CLASS   CODE           
                init                                 1A       1A        4         0
                reset_vec                             0        0        4         0
                ivt0x8                                8        8       12         0
                text101                            1A6E     1A6E        2         0
                text100                             A36      A36       98         0
                text99                             1522     1522       3C         0
                text98                             11EE     11EE       5C         0
                text97                             17BC     17BC       22         0
                text96                             1A6A     1A6A        4         0
                text95                             18A0     18A0       18         0
                text94                              FF4      FF4       6A         0
                text93                             1776     1776       24         0
                text92                             19EC     19EC        A         0
                text91                             14E6     14E6       3C         0
                text90                             1838     1838       1E         0
                text89                             19E2     19E2        A         0
                text88                             19D8     19D8        A         0
                text87                             19CE     19CE        A         0
                text86                             10C6     10C6       68         0
                text85                             172C     172C       26         0
                text84                             1A16     1A16        8         0
                text83                             199A     199A        C         0
                text82                             181A     181A       1E         0
                text81                             16D8     16D8       2C         0
                text80                             1A54     1A54        6         0
                text79                             1A4E     1A4E        6         0
                text78                             1A48     1A48        6         0
                text77                             193C     193C       16         0
                text76                             1926     1926       16         0
                text75                             1910     1910       16         0
                text74                             1348     1348       52         0
                text73                             1752     1752       24         0
                text72                              F86      F86       6E         0
                text71                             1888     1888       18         0
                text70                             16AC     16AC       2C         0
                text69                             1680     1680       2C         0
                text68                             1654     1654       2C         0
                text67                             1628     1628       2C         0
                text66                             13E6     13E6       4A         0
                text65                             1A66     1A66        4         0
                text64                             1A62     1A62        4         0
                text63                             19C4     19C4        A         0
                text62                             1A42     1A42        6         0
                text61                             1A3C     1A3C        6         0
                text60                             19BA     19BA        A         0
                text59                             19B0     19B0        A         0
                text58                             1A36     1A36        6         0
                text57                             18FA     18FA       16         0
                text56                             1A30     1A30        6         0
                text55                             1A2A     1A2A        6         0
                text54                             1A24     1A24        6         0
                text53                             1A1E     1A1E        6         0
                text52                             18E4     18E4       16         0
                text51                             18CE     18CE       16         0
                text50                             1A0E     1A0E        8         0
                text49                             198E     198E        C         0
                text48                             15FA     15FA       2E         0
                text47                             18B8     18B8       16         0
                text46                              4B8      4B8      122         0
                text45                              998      998       9E         0
                text44                              C5C      C5C       7C         0
                text43                              8F6      8F6       A2         0
                text42                             1980     1980        E         0
                text41                             1A5E     1A5E        4         0
                text40                             1A5A     1A5A        4         0
                text39                             1704     1704       28         0
                text38                             1A06     1A06        8         0
                text37                             1972     1972        E         0
                text36                             19FE     19FE        8         0
                text35                             1962     1962       10         0
                text34                             105E     105E       68         0
                text33                              EA8      EA8       70         0
                text32                             1952     1952       10         0
                text31                              CD8      CD8       7A         0
                text30                             1192     1192       5C         0
                text29                             17FC     17FC       1E         0
                text28                             12F6     12F6       52         0
                text27                             19F6     19F6        8         0
                text26                             179A     179A       22         0
                text25                              ACE      ACE       90         0
                text24                             1870     1870       18         0
                text23                              F18      F18       6E         0
                text22                              782      782       C4         0
                text21                              846      846       B0         0
                text20                             1594     1594       34         0
                text19                             1856     1856       1A         0
                text18                             19A6     19A6        A         0
                text17                              5DA      5DA       D8         0
                text16                              2B8      2B8      200         0
                text15                             139A     139A       4C         0
                text14                             17DE     17DE       1E         0
                text13                              DC6      DC6       72         0
                text12                              E38      E38       70         0
                text11                             14AA     14AA       3C         0
                text10                             146E     146E       3C         0
                text9                               6B2      6B2       D0         0
                text8                              15C8     15C8       32         0
                text7                               D52      D52       74         0
                text6                               BE0      BE0       7C         0
                text5                              124A     124A       5A         0
                text4                                1E       1E      29A         0
                text3                              1430     1430       3E         0
                text2                              12A4     12A4       52         0
                text1                               B5E      B5E       82         0
                text0                              112E     112E       64         0
                cinit                              155E     155E       36         0

        CLASS   CONST          

        CLASS   SMALLCONST     

        CLASS   MEDIUMCONST    
                mediumconst                        FDA4     FDA4      25C         0

        CLASS   COMRAM         
                cstackCOMRAM                          1        1       30         1
                bssCOMRAM                            31       31       27         1
                nvCOMRAM                             58       58        4         1

        CLASS   ABS1           

        CLASS   BIGRAM         

        CLASS   RAM            

        CLASS   BANK0          
                bssBANK0                             60       60       84         1
                nvBANK0                              E4       E4        4         1

        CLASS   BANK1          
                bssBANK1                            100      100       36         1

        CLASS   BANK2          

        CLASS   BANK3          

        CLASS   BANK4          

        CLASS   BANK5          

        CLASS   BANK6          

        CLASS   BANK7          

        CLASS   BANK8          

        CLASS   BANK9          

        CLASS   BANK10         

        CLASS   BANK11         

        CLASS   BANK12         

        CLASS   BANK13         

        CLASS   BANK14         

        CLASS   BANK15         

        CLASS   SFR            

        CLASS   BIGSFR         

        CLASS   CONFIG         
                config                           300000   300000        A         4

        CLASS   IDLOC          
                idloc                            200000   200000       10         5

        CLASS   EEDATA         

        CLASS   FARRAM         

        CLASS   HEAP           

        CLASS   STACK          



SEGMENTS        Name                           Load    Length   Top    Selector   Space  Class

                reset_vec                      000000  000004  000004         0       0  CODE    
                cstackCOMRAM                   000001  00005B  00005C         1       1  COMRAM  
                ivt0x8                         000008  001A68  001A70         4       0  CODE    
                bssBANK0                       000060  000088  0000E8        60       1  BANK0   
                bssBANK1                       000100  000036  000136       100       1  BANK1   
                mediumconst                    00FDA4  00025C  010000      7ED2       0  MEDIUMCO


UNUSED ADDRESS RANGES

        Name                Unused          Largest block    Delta
        BANK0            0000E8-0000FF               18
        BANK1            000136-0001FF               CA
        BANK10           000A00-000AFF              100
        BANK11           000B00-000BFF              100
        BANK12           000C00-000CFF              100
        BANK13           000D00-000DFF              100
        BANK14           000E00-000EFF              100
        BANK15           000F00-000FFF              100
        BANK2            000200-0002FF              100
        BANK3            000300-0003FF              100
        BANK4            000400-0004FF              100
        BANK5            000500-0005FF              100
        BANK6            000600-0006FF              100
        BANK7            000700-0007FF              100
        BANK8            000800-0008FF              100
        BANK9            000900-0009FF              100
        BIGRAM           00005C-00005F                4
                         0000E8-0000FF               18
                         000136-000FFF              ECA
        BIGSFR           003700-003FFF              900
        CODE             000004-000007                4
                         001A70-00FDA3             E334
        COMRAM           00005C-00005F                4
        CONST            000004-000007                4
                         001A70-00FDA3             E334
        EEDATA           310000-3103FF              400
        MEDIUMCONST      001A70-00FDA3             E334
        RAM              0000E8-0000FF               18
                         000136-000FFF              100
        SFR              003700-003FFF              100
        SMALLCONST       001A70-00FDA3              100

                                  Symbol Table

?_ADCC_GetSingleConversion                    cstackCOMRAM 000003
?___awdiv                                     cstackCOMRAM 000003
?___awmod                                     cstackCOMRAM 000003
?___lwdiv                                     cstackCOMRAM 000003
?_abs                                         cstackCOMRAM 000009
?_printf                                      cstackCOMRAM 000023
?_vfprintf                                    cstackCOMRAM 00001C
ADCC_GetSingleConversion@channel              cstackCOMRAM 000007
I2C1_CallbackReturnReset@funPtr               cstackCOMRAM 00000C
I2C1_Close@returnValue                        cstackCOMRAM 000003
I2C1_DO_RX@retFsmState                        cstackCOMRAM 000013
I2C1_DO_TX@dataTx                             cstackCOMRAM 000013
I2C1_DO_TX@retFsmState                        cstackCOMRAM 000014
I2C1_MasterOperation@read                     cstackCOMRAM 000017
I2C1_MasterOperation@returnValue              cstackCOMRAM 000018
I2C1_MasterSendTxData@data                    cstackCOMRAM 000003
I2C1_MasterSetCounter@counter                 cstackCOMRAM 000003
I2C1_Open@address                             cstackCOMRAM 000003
I2C1_Open@returnValue                         cstackCOMRAM 000004
I2C1_SetAddressNackCallback@cb                cstackCOMRAM 000008
I2C1_SetAddressNackCallback@ptr               cstackCOMRAM 00000A
I2C1_SetBuffer@buffer                         cstackCOMRAM 000003
I2C1_SetBuffer@bufferSize                     cstackCOMRAM 000005
I2C1_SetCallback@cb                           cstackCOMRAM 000003
I2C1_SetCallback@idx                          cstackCOMRAM 000007
I2C1_SetCallback@ptr                          cstackCOMRAM 000005
I2C1_SetDataCompleteCallback@cb               cstackCOMRAM 000008
I2C1_SetDataCompleteCallback@ptr              cstackCOMRAM 00000A
I2C1_Write1ByteRegister@address               cstackCOMRAM 00001B
I2C1_Write1ByteRegister@data                  cstackCOMRAM 00001A
I2C1_Write1ByteRegister@reg                   cstackCOMRAM 000019
IO_ConfigPorts@ioStruct                       cstackCOMRAM 00001C
IO_ConfigPorts@port                           cstackCOMRAM 00001D
IO_ResetPin@ioStruct                          cstackCOMRAM 00002A
IO_ResetPin@mask                              cstackCOMRAM 00002E
IO_ResetPin@pin                               cstackCOMRAM 00002B
IO_SetPin@ioStruct                            cstackCOMRAM 00002A
IO_SetPin@mask                                cstackCOMRAM 00002E
IO_SetPin@pin                                 cstackCOMRAM 00002B
IVTBASEH                                      (abs)        003FD6
IVTBASEL                                      (abs)        003FD5
IVTBASEU                                      (abs)        003FD7
TMR0_ISR@counter_1s                           bssCOMRAM    000050
TMR0_SetInterruptHandler@InterruptHandler     cstackCOMRAM 000003
UART2_SetErrorHandler@interruptHandler        cstackCOMRAM 000003
UART2_SetFramingErrorHandler@interruptHandler cstackCOMRAM 000003
UART2_SetOverrunErrorHandler@interruptHandler cstackCOMRAM 000003
UART2_Write@txData                            cstackCOMRAM 000003
_ADACCH                                       (abs)        003EE9
_ADACCL                                       (abs)        003EE8
_ADACCU                                       (abs)        003EEA
_ADACQH                                       (abs)        003EF4
_ADACQL                                       (abs)        003EF3
_ADACT                                        (abs)        003EFE
_ADCAP                                        (abs)        003EF5
_ADCC_GetSingleConversion                     text8        0015C8
_ADCC_Initialize                              text98       0011EE
_ADCLK                                        (abs)        003EFF
_ADCNT                                        (abs)        003EEB
_ADCON0                                       (abs)        003EF8
_ADCON0bits                                   (abs)        003EF8
_ADCON1                                       (abs)        003EF9
_ADCON1bits                                   (abs)        003EF9
_ADCON2                                       (abs)        003EFA
_ADCON2bits                                   (abs)        003EFA
_ADCON3                                       (abs)        003EFB
_ADCON3bits                                   (abs)        003EFB
_ADERRH                                       (abs)        003EE3
_ADERRL                                       (abs)        003EE2
_ADFLTRH                                      (abs)        003EE7
_ADFLTRL                                      (abs)        003EE6
_ADLTHH                                       (abs)        003EDF
_ADLTHL                                       (abs)        003EDE
_ADPCH                                        (abs)        003EF1
_ADPREH                                       (abs)        003EF7
_ADPREL                                       (abs)        003EF6
_ADPREVH                                      (abs)        003EEE
_ADPREVL                                      (abs)        003EED
_ADREF                                        (abs)        003EFD
_ADRESH                                       (abs)        003EF0
_ADRESL                                       (abs)        003EEF
_ADRPT                                        (abs)        003EEC
_ADSTAT                                       (abs)        003EFC
_ADSTATbits                                   (abs)        003EFC
_ADSTPTH                                      (abs)        003EE5
_ADSTPTL                                      (abs)        003EE4
_ADUTHH                                       (abs)        003EE1
_ADUTHL                                       (abs)        003EE0
_ANSELA                                       (abs)        003A40
_ANSELB                                       (abs)        003A50
_ANSELC                                       (abs)        003A60
_I2C1CLK                                      (abs)        003D7B
_I2C1CNT                                      (abs)        003D6C
_I2C1CON0                                     (abs)        003D73
_I2C1CON0bits                                 (abs)        003D73
_I2C1CON1                                     (abs)        003D74
_I2C1CON1bits                                 (abs)        003D74
_I2C1CON2                                     (abs)        003D75
_I2C1ERR                                      (abs)        003D76
_I2C1ERRbits                                  (abs)        003D76
_I2C1PIE                                      (abs)        003D7A
_I2C1PIEbits                                  (abs)        003D7A
_I2C1PIR                                      (abs)        003D79
_I2C1PIRbits                                  (abs)        003D79
_I2C1RXB                                      (abs)        003D6A
_I2C1SCLPPS                                   (abs)        003AE3
_I2C1SDAPPS                                   (abs)        003AE4
_I2C1STAT1bits                                (abs)        003D78
_I2C1TXB                                      (abs)        003D6B
_I2C1_CallbackReturnReset                     text64       001A62
_I2C1_CallbackReturnStop                      text65       001A66
_I2C1_ClearInterruptFlags                     text74       001348
_I2C1_Close                                   text81       0016D8
_I2C1_DO_ADDRESS_NACK                         text34       00105E
_I2C1_DO_BUS_COLLISION                        text33       000EA8
_I2C1_DO_BUS_ERROR                            text32       001952
_I2C1_DO_IDLE                                 text49       00198E
_I2C1_DO_RESET                                text35       001962
_I2C1_DO_RX                                   text45       000998
_I2C1_DO_RX_ACK                               text38       001A06
_I2C1_DO_RX_EMPTY                             text43       0008F6
_I2C1_DO_RX_NACK_RESTART                      text36       0019FE
_I2C1_DO_RX_NACK_STOP                         text37       001972
_I2C1_DO_SEND_ADR_READ                        text48       0015FA
_I2C1_DO_SEND_ADR_WRITE                       text47       0018B8
_I2C1_DO_SEND_RESTART                         text40       001A5A
_I2C1_DO_SEND_RESTART_READ                    text42       001980
_I2C1_DO_SEND_RESTART_WRITE                   text41       001A5E
_I2C1_DO_SEND_STOP                            text39       001704
_I2C1_DO_TX                                   text46       0004B8
_I2C1_DO_TX$1983                              cstackCOMRAM 000011
_I2C1_DO_TX_ACK                               text50       001A0E
_I2C1_DO_TX_EMPTY                             text44       000C5C
_I2C1_Initialize                              text97       0017BC
_I2C1_MasterClearCountFlag                    text80       001A54
_I2C1_MasterClearIrq                          text84       001A16
_I2C1_MasterClearNackFlag                     text79       001A4E
_I2C1_MasterClearStopFlag                     text78       001A48
_I2C1_MasterClose                             text83       00199A
_I2C1_MasterDisableIrq                        text82       00181A
_I2C1_MasterDisableRestart                    text62       001A42
_I2C1_MasterEnableRestart                     text61       001A3C
_I2C1_MasterFsm                               text31       000CD8
_I2C1_MasterGetCounter                        text53       001A1E
_I2C1_MasterGetRxData                         text58       001A36
_I2C1_MasterIsCountFlagSet                    text77       00193C
_I2C1_MasterIsNack                            text52       0018E4
_I2C1_MasterIsNackFlagSet                     text76       001926
_I2C1_MasterIsRxBufFull                       text57       0018FA
_I2C1_MasterIsStopFlagSet                     text75       001910
_I2C1_MasterIsTxBufEmpty                      text51       0018CE
_I2C1_MasterOpen                              text26       00179A
_I2C1_MasterOperation                         text28       0012F6
_I2C1_MasterResetBus                          text63       0019C4
_I2C1_MasterSendAck                           text56       001A30
_I2C1_MasterSendNack                          text55       001A2A
_I2C1_MasterSendTxData                        text59       0019B0
_I2C1_MasterSetCounter                        text60       0019BA
_I2C1_MasterStop                              text54       001A24
_I2C1_MasterWaitForEvent                      text30       001192
_I2C1_MasterWrite                             text27       0019F6
_I2C1_Open                                    text25       000ACE
_I2C1_Poller                                  text29       0017FC
_I2C1_SetAddressNackCallback                  text24       001870
_I2C1_SetBuffer                               text73       001752
_I2C1_SetCallback                             text72       000F86
_I2C1_SetDataCompleteCallback                 text71       001888
_I2C1_Status                                  bssBANK0     000060
_I2C1_Write1ByteRegister                      text23       000F18
_INLVLA                                       (abs)        003A44
_INLVLB                                       (abs)        003A54
_INLVLC                                       (abs)        003A64
_INLVLE                                       (abs)        003A84
_INTCON0bits                                  (abs)        003FD2
_INTERRUPT_Initialize                         text96       001A6A
_INTERRUPT_InterruptManager                   text99       001522
_IO_ConfigPorts                               text2        0012A4
_IO_ResetPin                                  text13       000DC6
_IO_SetPin                                    text12       000E38
_LATA                                         (abs)        003FBA
_LATAbits                                     (abs)        003FBA
_LATB                                         (abs)        003FBB
_LATC                                         (abs)        003FBC
_LATCbits                                     (abs)        003FBC
_NVMADRH                                      (abs)        0039E1
_NVMADRL                                      (abs)        0039E0
_NVMCON1bits                                  (abs)        0039E5
_NVMCON2                                      (abs)        0039E6
_NVMDAT                                       (abs)        0039E3
_ODCONA                                       (abs)        003A42
_ODCONB                                       (abs)        003A52
_ODCONC                                       (abs)        003A62
_OSCCON1                                      (abs)        0039D9
_OSCCON3                                      (abs)        0039DB
_OSCEN                                        (abs)        0039DD
_OSCFRQ                                       (abs)        0039DF
_OSCILLATOR_Initialize                        text95       0018A0
_OSCTUNE                                      (abs)        0039DE
_PIE2bits                                     (abs)        003992
_PIE3bits                                     (abs)        003993
_PIN_MANAGER_Initialize                       text94       000FF4
_PIR0bits                                     (abs)        0039A0
_PIR2bits                                     (abs)        0039A2
_PIR3bits                                     (abs)        0039A3
_PIR4bits                                     (abs)        0039A4
_PIR7bits                                     (abs)        0039A7
_PMD0                                         (abs)        0039C0
_PMD1                                         (abs)        0039C1
_PMD2                                         (abs)        0039C2
_PMD3                                         (abs)        0039C3
_PMD4                                         (abs)        0039C4
_PMD5                                         (abs)        0039C5
_PMD6                                         (abs)        0039C6
_PMD7                                         (abs)        0039C7
_PMD_Initialize                               text93       001776
_PORTCbits                                    (abs)        003FCC
_PR2                                          (abs)        003FAB
_RB0PPS                                       (abs)        003A08
_RB1PPS                                       (abs)        003A09
_RB5PPS                                       (abs)        003A0D
_SLRCONA                                      (abs)        003A43
_SLRCONB                                      (abs)        003A53
_SLRCONC                                      (abs)        003A63
_SYSTEM_Initialize                            text85       00172C
_T0CON0                                       (abs)        003FB8
_T0CON0bits                                   (abs)        003FB8
_T0CON1                                       (abs)        003FB9
_T2CLKCON                                     (abs)        003FAE
_T2CON                                        (abs)        003FAC
_T2CONbits                                    (abs)        003FAC
_T2HLT                                        (abs)        003FAD
_T2HLTbits                                    (abs)        003FAD
_T2PR                                         (abs)        003FAB
_T2RST                                        (abs)        003FAF
_T2RSTbits                                    (abs)        003FAF
_T2TMR                                        (abs)        003FAA
_TABLAT                                       (abs)        003FF5
_TBLPTRH                                      (abs)        003FF7
_TBLPTRL                                      (abs)        003FF6
_TBLPTRU                                      (abs)        003FF8
_TMR0H                                        (abs)        003FB7
_TMR0L                                        (abs)        003FB6
_TMR0_DefaultInterruptHandler                 text101      001A6E
_TMR0_ISR                                     text100      000A36
_TMR0_Initialize                              text91       0014E6
_TMR0_InterruptHandler                        nvCOMRAM     000058
_TMR0_SetInterruptHandler                     text92       0019EC
_TMR2                                         (abs)        003FAA
_TMR2_Initialize                              text90       001838
_TRISA                                        (abs)        003FC2
_TRISB                                        (abs)        003FC3
_TRISC                                        (abs)        003FC4
_U2BRGH                                       (abs)        003DDE
_U2BRGL                                       (abs)        003DDD
_U2CON0                                       (abs)        003DDA
_U2CON0bits                                   (abs)        003DDA
_U2CON1                                       (abs)        003DDB
_U2CON2                                       (abs)        003DDC
_U2ERRIE                                      (abs)        003DE2
_U2ERRIR                                      (abs)        003DE1
_U2ERRIRbits                                  (abs)        003DE1
_U2FIFO                                       (abs)        003DDF
_U2P1H                                        (abs)        003DD5
_U2P1L                                        (abs)        003DD4
_U2P2H                                        (abs)        003DD7
_U2P2L                                        (abs)        003DD6
_U2P3H                                        (abs)        003DD9
_U2P3L                                        (abs)        003DD8
_U2RXB                                        (abs)        003DD0
_U2RXPPS                                      (abs)        003AEA
_U2TXB                                        (abs)        003DD2
_U2UIR                                        (abs)        003DE0
_UART2_DefaultErrorHandler                    (abs)        000000
_UART2_DefaultFramingErrorHandler             (abs)        000000
_UART2_DefaultOverrunErrorHandler             (abs)        000000
_UART2_ErrorHandler                           nvBANK0      0000E4
_UART2_FramingErrorHandler                    nvCOMRAM     00005A
_UART2_Initialize                             text86       0010C6
_UART2_OverrunErrorHandler                    nvBANK0      0000E6
_UART2_SetErrorHandler                        text89       0019E2
_UART2_SetFramingErrorHandler                 text88       0019D8
_UART2_SetOverrunErrorHandler                 text87       0019CE
_UART2_Write                                  text19       001856
_WPUA                                         (abs)        003A41
_WPUB                                         (abs)        003A51
_WPUC                                         (abs)        003A61
_WPUE                                         (abs)        003A81
__HRAM                                        (abs)        000000
__H__absolute__                               __absolute__ 000000
__Habs1                                       abs1         000000
__Hbank0                                      bank0        000000
__Hbank1                                      bank1        000000
__Hbank10                                     bank10       000000
__Hbank11                                     bank11       000000
__Hbank12                                     bank12       000000
__Hbank13                                     bank13       000000
__Hbank14                                     bank14       000000
__Hbank15                                     bank15       000000
__Hbank2                                      bank2        000000
__Hbank3                                      bank3        000000
__Hbank4                                      bank4        000000
__Hbank5                                      bank5        000000
__Hbank6                                      bank6        000000
__Hbank7                                      bank7        000000
__Hbank8                                      bank8        000000
__Hbank9                                      bank9        000000
__Hbigbss                                     bigbss       000000
__Hbigdata                                    bigdata      000000
__Hbigram                                     bigram       000000
__Hbigsfr                                     bigsfr       000000
__Hbss                                        bss          000000
__HbssBANK0                                   bssBANK0     000000
__HbssBANK1                                   bssBANK1     000000
__HbssCOMRAM                                  bssCOMRAM    000000
__Hcinit                                      cinit        000000
__Hclrtext                                    clrtext      000000
__Hcomram                                     comram       000000
__Hconfig                                     config       30000A
__Hconst                                      const        000000
__HcstackCOMRAM                               cstackCOMRAM 000000
__Hdata                                       data         000000
__Heeprom_data                                eeprom_data  000000
__Hfarbss                                     farbss       000000
__Hfardata                                    fardata      000000
__Hheap                                       heap         000000
__Hibigdata                                   ibigdata     000000
__Hidata                                      idata        000000
__Hidloc                                      idloc        200010
__Hifardata                                   ifardata     000000
__Hinit                                       init         00001E
__Hintsave_regs                               intsave_regs 000000
__Hirdata                                     irdata       000000
__Hivt0x8                                     ivt0x8       00001A
__Hmediumconst                                mediumconst  010000
__HnvBANK0                                    nvBANK0      000000
__HnvCOMRAM                                   nvCOMRAM     000000
__HnvFARRAM                                   nvFARRAM     000000
__Hnvbit                                      nvbit        000000
__Hnvrram                                     nvrram       000000
__Hparam                                      rparam       000000
__Hpowerup                                    powerup      000000
__Hram                                        ram          000000
__Hramtop                                     ramtop       001000
__Hrbit                                       rbit         000000
__Hrbss                                       rbss         000000
__Hrdata                                      rdata        000000
__Hreset_vec                                  reset_vec    000004
__Hrparam                                     rparam       000000
__Hsfr                                        sfr          000000
__Hsmallconst                                 smallconst   000000
__Hspace_0                                    (abs)        010000
__Hspace_1                                    (abs)        000136
__Hspace_2                                    (abs)        000000
__Hspace_4                                    (abs)        60000A
__Hstack                                      stack        000000
__Hstruct                                     struct       000000
__Htemp                                       temp         000000
__Htext                                       text         000000
__Htext0                                      text0        000000
__Htext1                                      text1        000000
__Htext10                                     text10       000000
__Htext100                                    text100      000000
__Htext101                                    text101      000000
__Htext102                                    text102      000000
__Htext11                                     text11       000000
__Htext12                                     text12       000000
__Htext13                                     text13       000000
__Htext14                                     text14       000000
__Htext15                                     text15       000000
__Htext16                                     text16       000000
__Htext17                                     text17       000000
__Htext18                                     text18       000000
__Htext19                                     text19       000000
__Htext2                                      text2        000000
__Htext20                                     text20       000000
__Htext21                                     text21       000000
__Htext22                                     text22       000000
__Htext23                                     text23       000000
__Htext24                                     text24       000000
__Htext25                                     text25       000000
__Htext26                                     text26       000000
__Htext27                                     text27       000000
__Htext28                                     text28       000000
__Htext29                                     text29       000000
__Htext3                                      text3        000000
__Htext30                                     text30       000000
__Htext31                                     text31       000000
__Htext32                                     text32       000000
__Htext33                                     text33       000000
__Htext34                                     text34       000000
__Htext35                                     text35       000000
__Htext36                                     text36       000000
__Htext37                                     text37       000000
__Htext38                                     text38       000000
__Htext39                                     text39       000000
__Htext4                                      text4        000000
__Htext40                                     text40       000000
__Htext41                                     text41       000000
__Htext42                                     text42       000000
__Htext43                                     text43       000000
__Htext44                                     text44       000000
__Htext45                                     text45       000000
__Htext46                                     text46       000000
__Htext47                                     text47       000000
__Htext48                                     text48       000000
__Htext49                                     text49       000000
__Htext5                                      text5        000000
__Htext50                                     text50       000000
__Htext51                                     text51       000000
__Htext52                                     text52       000000
__Htext53                                     text53       000000
__Htext54                                     text54       000000
__Htext55                                     text55       000000
__Htext56                                     text56       000000
__Htext57                                     text57       000000
__Htext58                                     text58       000000
__Htext59                                     text59       000000
__Htext6                                      text6        000000
__Htext60                                     text60       000000
__Htext61                                     text61       000000
__Htext62                                     text62       000000
__Htext63                                     text63       000000
__Htext64                                     text64       000000
__Htext65                                     text65       000000
__Htext66                                     text66       000000
__Htext67                                     text67       000000
__Htext68                                     text68       000000
__Htext69                                     text69       000000
__Htext7                                      text7        000000
__Htext70                                     text70       000000
__Htext71                                     text71       000000
__Htext72                                     text72       000000
__Htext73                                     text73       000000
__Htext74                                     text74       000000
__Htext75                                     text75       000000
__Htext76                                     text76       000000
__Htext77                                     text77       000000
__Htext78                                     text78       000000
__Htext79                                     text79       000000
__Htext8                                      text8        000000
__Htext80                                     text80       000000
__Htext81                                     text81       000000
__Htext82                                     text82       000000
__Htext83                                     text83       000000
__Htext84                                     text84       000000
__Htext85                                     text85       000000
__Htext86                                     text86       000000
__Htext87                                     text87       000000
__Htext88                                     text88       000000
__Htext89                                     text89       000000
__Htext9                                      text9        000000
__Htext90                                     text90       000000
__Htext91                                     text91       000000
__Htext92                                     text92       000000
__Htext93                                     text93       000000
__Htext94                                     text94       000000
__Htext95                                     text95       000000
__Htext96                                     text96       000000
__Htext97                                     text97       000000
__Htext98                                     text98       000000
__Htext99                                     text99       000000
__LRAM                                        (abs)        000001
__L__absolute__                               __absolute__ 000000
__Labs1                                       abs1         000000
__Lbank0                                      bank0        000000
__Lbank1                                      bank1        000000
__Lbank10                                     bank10       000000
__Lbank11                                     bank11       000000
__Lbank12                                     bank12       000000
__Lbank13                                     bank13       000000
__Lbank14                                     bank14       000000
__Lbank15                                     bank15       000000
__Lbank2                                      bank2        000000
__Lbank3                                      bank3        000000
__Lbank4                                      bank4        000000
__Lbank5                                      bank5        000000
__Lbank6                                      bank6        000000
__Lbank7                                      bank7        000000
__Lbank8                                      bank8        000000
__Lbank9                                      bank9        000000
__Lbigbss                                     bigbss       000000
__Lbigdata                                    bigdata      000000
__Lbigram                                     bigram       000000
__Lbigsfr                                     bigsfr       000000
__Lbss                                        bss          000000
__LbssBANK0                                   bssBANK0     000000
__LbssBANK1                                   bssBANK1     000000
__LbssCOMRAM                                  bssCOMRAM    000000
__Lcinit                                      cinit        000000
__Lclrtext                                    clrtext      000000
__Lcomram                                     comram       000000
__Lconfig                                     config       000000
__Lconst                                      const        000000
__LcstackCOMRAM                               cstackCOMRAM 000000
__Ldata                                       data         000000
__Leeprom_data                                eeprom_data  000000
__Lfarbss                                     farbss       000000
__Lfardata                                    fardata      000000
__Lheap                                       heap         000000
__Libigdata                                   ibigdata     000000
__Lidata                                      idata        000000
__Lidloc                                      idloc        000000
__Lifardata                                   ifardata     000000
__Linit                                       init         00001A
__Lintsave_regs                               intsave_regs 000000
__Lirdata                                     irdata       000000
__Livt0x8                                     ivt0x8       000008
__Lmediumconst                                mediumconst  00FDA4
__LnvBANK0                                    nvBANK0      000000
__LnvCOMRAM                                   nvCOMRAM     000000
__LnvFARRAM                                   nvFARRAM     000000
__Lnvbit                                      nvbit        000000
__Lnvrram                                     nvrram       000000
__Lparam                                      rparam       000000
__Lpowerup                                    powerup      000000
__Lram                                        ram          000000
__Lramtop                                     ramtop       001000
__Lrbit                                       rbit         000000
__Lrbss                                       rbss         000000
__Lrdata                                      rdata        000000
__Lreset_vec                                  reset_vec    000000
__Lrparam                                     rparam       000000
__Lsfr                                        sfr          000000
__Lsmallconst                                 smallconst   000000
__Lspace_0                                    (abs)        000000
__Lspace_1                                    (abs)        000000
__Lspace_2                                    (abs)        000000
__Lspace_4                                    (abs)        000000
__Lstack                                      stack        000000
__Lstruct                                     struct       000000
__Ltemp                                       temp         000000
__Ltext                                       text         000000
__Ltext0                                      text0        000000
__Ltext1                                      text1        000000
__Ltext10                                     text10       000000
__Ltext100                                    text100      000000
__Ltext101                                    text101      000000
__Ltext102                                    text102      000000
__Ltext11                                     text11       000000
__Ltext12                                     text12       000000
__Ltext13                                     text13       000000
__Ltext14                                     text14       000000
__Ltext15                                     text15       000000
__Ltext16                                     text16       000000
__Ltext17                                     text17       000000
__Ltext18                                     text18       000000
__Ltext19                                     text19       000000
__Ltext2                                      text2        000000
__Ltext20                                     text20       000000
__Ltext21                                     text21       000000
__Ltext22                                     text22       000000
__Ltext23                                     text23       000000
__Ltext24                                     text24       000000
__Ltext25                                     text25       000000
__Ltext26                                     text26       000000
__Ltext27                                     text27       000000
__Ltext28                                     text28       000000
__Ltext29                                     text29       000000
__Ltext3                                      text3        000000
__Ltext30                                     text30       000000
__Ltext31                                     text31       000000
__Ltext32                                     text32       000000
__Ltext33                                     text33       000000
__Ltext34                                     text34       000000
__Ltext35                                     text35       000000
__Ltext36                                     text36       000000
__Ltext37                                     text37       000000
__Ltext38                                     text38       000000
__Ltext39                                     text39       000000
__Ltext4                                      text4        000000
__Ltext40                                     text40       000000
__Ltext41                                     text41       000000
__Ltext42                                     text42       000000
__Ltext43                                     text43       000000
__Ltext44                                     text44       000000
__Ltext45                                     text45       000000
__Ltext46                                     text46       000000
__Ltext47                                     text47       000000
__Ltext48                                     text48       000000
__Ltext49                                     text49       000000
__Ltext5                                      text5        000000
__Ltext50                                     text50       000000
__Ltext51                                     text51       000000
__Ltext52                                     text52       000000
__Ltext53                                     text53       000000
__Ltext54                                     text54       000000
__Ltext55                                     text55       000000
__Ltext56                                     text56       000000
__Ltext57                                     text57       000000
__Ltext58                                     text58       000000
__Ltext59                                     text59       000000
__Ltext6                                      text6        000000
__Ltext60                                     text60       000000
__Ltext61                                     text61       000000
__Ltext62                                     text62       000000
__Ltext63                                     text63       000000
__Ltext64                                     text64       000000
__Ltext65                                     text65       000000
__Ltext66                                     text66       000000
__Ltext67                                     text67       000000
__Ltext68                                     text68       000000
__Ltext69                                     text69       000000
__Ltext7                                      text7        000000
__Ltext70                                     text70       000000
__Ltext71                                     text71       000000
__Ltext72                                     text72       000000
__Ltext73                                     text73       000000
__Ltext74                                     text74       000000
__Ltext75                                     text75       000000
__Ltext76                                     text76       000000
__Ltext77                                     text77       000000
__Ltext78                                     text78       000000
__Ltext79                                     text79       000000
__Ltext8                                      text8        000000
__Ltext80                                     text80       000000
__Ltext81                                     text81       000000
__Ltext82                                     text82       000000
__Ltext83                                     text83       000000
__Ltext84                                     text84       000000
__Ltext85                                     text85       000000
__Ltext86                                     text86       000000
__Ltext87                                     text87       000000
__Ltext88                                     text88       000000
__Ltext89                                     text89       000000
__Ltext9                                      text9        000000
__Ltext90                                     text90       000000
__Ltext91                                     text91       000000
__Ltext92                                     text92       000000
__Ltext93                                     text93       000000
__Ltext94                                     text94       000000
__Ltext95                                     text95       000000
__Ltext96                                     text96       000000
__Ltext97                                     text97       000000
__Ltext98                                     text98       000000
__Ltext99                                     text99       000000
__S0                                          (abs)        010000
__S1                                          (abs)        000136
__S4                                          (abs)        000000
__S5                                          (abs)        000000
___awdiv                                      text22       000782
___awdiv@counter                              cstackCOMRAM 000007
___awdiv@dividend                             cstackCOMRAM 000003
___awdiv@divisor                              cstackCOMRAM 000005
___awdiv@quotient                             cstackCOMRAM 000009
___awdiv@sign                                 cstackCOMRAM 000008
___awmod                                      text21       000846
___awmod@counter                              cstackCOMRAM 000007
___awmod@dividend                             cstackCOMRAM 000003
___awmod@divisor                              cstackCOMRAM 000005
___awmod@sign                                 cstackCOMRAM 000008
___heap_hi                                    (abs)        000000
___heap_lo                                    (abs)        000000
___inthi_sp                                   stack        000000
___inthi_stack_hi                             stack        000000
___inthi_stack_lo                             stack        000000
___intlo_sp                                   stack        000000
___intlo_stack_hi                             stack        000000
___intlo_stack_lo                             stack        000000
___lwdiv                                      text7        000D52
___lwdiv@counter                              cstackCOMRAM 000009
___lwdiv@dividend                             cstackCOMRAM 000003
___lwdiv@divisor                              cstackCOMRAM 000005
___lwdiv@quotient                             cstackCOMRAM 000007
___param_bank                                 (abs)        000000
___rparam_used                                (abs)        000001
___sp                                         stack        000000
___stack_hi                                   stack        000000
___stack_lo                                   stack        000000
__accesstop                                   (abs)        000060
__activetblptr                                (abs)        000003
__end_of_ADCC_GetSingleConversion             text8        0015FA
__end_of_ADCC_Initialize                      text98       00124A
__end_of_I2C1_CallbackReturnReset             text64       001A66
__end_of_I2C1_CallbackReturnStop              text65       001A6A
__end_of_I2C1_ClearInterruptFlags             text74       00139A
__end_of_I2C1_Close                           text81       001704
__end_of_I2C1_DO_ADDRESS_NACK                 text34       0010C6
__end_of_I2C1_DO_BUS_COLLISION                text33       000F18
__end_of_I2C1_DO_BUS_ERROR                    text32       001962
__end_of_I2C1_DO_IDLE                         text49       00199A
__end_of_I2C1_DO_RESET                        text35       001972
__end_of_I2C1_DO_RX                           text45       000A36
__end_of_I2C1_DO_RX_ACK                       text38       001A0E
__end_of_I2C1_DO_RX_EMPTY                     text43       000998
__end_of_I2C1_DO_RX_NACK_RESTART              text36       001A06
__end_of_I2C1_DO_RX_NACK_STOP                 text37       001980
__end_of_I2C1_DO_SEND_ADR_READ                text48       001628
__end_of_I2C1_DO_SEND_ADR_WRITE               text47       0018CE
__end_of_I2C1_DO_SEND_RESTART                 text40       001A5E
__end_of_I2C1_DO_SEND_RESTART_READ            text42       00198E
__end_of_I2C1_DO_SEND_RESTART_WRITE           text41       001A62
__end_of_I2C1_DO_SEND_STOP                    text39       00172C
__end_of_I2C1_DO_TX                           text46       0005DA
__end_of_I2C1_DO_TX_ACK                       text50       001A16
__end_of_I2C1_DO_TX_EMPTY                     text44       000CD8
__end_of_I2C1_Initialize                      text97       0017DE
__end_of_I2C1_MasterClearCountFlag            text80       001A5A
__end_of_I2C1_MasterClearIrq                  text84       001A1E
__end_of_I2C1_MasterClearNackFlag             text79       001A54
__end_of_I2C1_MasterClearStopFlag             text78       001A4E
__end_of_I2C1_MasterClose                     text83       0019A6
__end_of_I2C1_MasterDisableIrq                text82       001838
__end_of_I2C1_MasterDisableRestart            text62       001A48
__end_of_I2C1_MasterEnableRestart             text61       001A42
__end_of_I2C1_MasterFsm                       text31       000D52
__end_of_I2C1_MasterGetCounter                text53       001A24
__end_of_I2C1_MasterGetRxData                 text58       001A3C
__end_of_I2C1_MasterIsCountFlagSet            text77       001952
__end_of_I2C1_MasterIsNack                    text52       0018FA
__end_of_I2C1_MasterIsNackFlagSet             text76       00193C
__end_of_I2C1_MasterIsRxBufFull               text57       001910
__end_of_I2C1_MasterIsStopFlagSet             text75       001926
__end_of_I2C1_MasterIsTxBufEmpty              text51       0018E4
__end_of_I2C1_MasterOpen                      text26       0017BC
__end_of_I2C1_MasterOperation                 text28       001348
__end_of_I2C1_MasterResetBus                  text63       0019CE
__end_of_I2C1_MasterSendAck                   text56       001A36
__end_of_I2C1_MasterSendNack                  text55       001A30
__end_of_I2C1_MasterSendTxData                text59       0019BA
__end_of_I2C1_MasterSetCounter                text60       0019C4
__end_of_I2C1_MasterStop                      text54       001A2A
__end_of_I2C1_MasterWaitForEvent              text30       0011EE
__end_of_I2C1_MasterWrite                     text27       0019FE
__end_of_I2C1_Open                            text25       000B5E
__end_of_I2C1_Poller                          text29       00181A
__end_of_I2C1_SetAddressNackCallback          text24       001888
__end_of_I2C1_SetBuffer                       text73       001776
__end_of_I2C1_SetCallback                     text72       000FF4
__end_of_I2C1_SetDataCompleteCallback         text71       0018A0
__end_of_I2C1_Write1ByteRegister              text23       000F86
__end_of_INTERRUPT_Initialize                 text96       001A6E
__end_of_INTERRUPT_InterruptManager           text99       00155E
__end_of_IO_ConfigPorts                       text2        0012F6
__end_of_IO_ResetPin                          text13       000E38
__end_of_IO_SetPin                            text12       000EA8
__end_of_OSCILLATOR_Initialize                text95       0018B8
__end_of_PIN_MANAGER_Initialize               text94       00105E
__end_of_PMD_Initialize                       text93       00179A
__end_of_SYSTEM_Initialize                    text85       001752
__end_of_TMR0_DefaultInterruptHandler         text101      001A70
__end_of_TMR0_ISR                             text100      000ACE
__end_of_TMR0_Initialize                      text91       001522
__end_of_TMR0_SetInterruptHandler             text92       0019F6
__end_of_TMR2_Initialize                      text90       001856
__end_of_UART2_Initialize                     text86       00112E
__end_of_UART2_SetErrorHandler                text89       0019EC
__end_of_UART2_SetFramingErrorHandler         text88       0019E2
__end_of_UART2_SetOverrunErrorHandler         text87       0019D8
__end_of_UART2_Write                          text19       001870
__end_of___awdiv                              text22       000846
__end_of___awmod                              text21       0008F6
__end_of___lwdiv                              text7        000DC6
__end_of__initialization                      cinit        00158E
__end_of_abs                                  text20       0015C8
__end_of_control_system                       text4        0002B8
__end_of_control_wdt                          text3        00146E
__end_of_fputc                                text17       0006B2
__end_of_fx_led_green_fast                    text11       0014E6
__end_of_fx_led_green_slow                    text10       0014AA
__end_of_fx_led_show_fail                     text9        000782
__end_of_fx_read_adc                          text6        000C5C
__end_of_fx_read_button                       text5        0012A4
__end_of_fx_system_start                      text1        000BE0
__end_of_i2c1_fsmStateTable                   mediumconst  00FDCB
__end_of_main                                 text0        001192
__end_of_printf                               text14       0017FC
__end_of_putch                                text18       0019B0
__end_of_rd1RegCompleteHandler                text69       0016AC
__end_of_rd2RegCompleteHandler                text68       001680
__end_of_rdBlkRegCompleteHandler              text66       001430
__end_of_vfpfcnvrt                            text16       0004B8
__end_of_vfprintf                             text15       0013E6
__end_of_wr1RegCompleteHandler                text67       001654
__end_of_wr2RegCompleteHandler                text70       0016D8
__initialization                              cinit        00155E
__mediumconst                                 mediumconst  00FDA4
__pbssBANK0                                   bssBANK0     000060
__pbssBANK1                                   bssBANK1     000100
__pbssCOMRAM                                  bssCOMRAM    000031
__pcinit                                      cinit        00155E
__pcstackCOMRAM                               cstackCOMRAM 000001
__pivt0x8                                     ivt0x8       000008
__pmediumconst                                mediumconst  00FDA4
__pnvBANK0                                    nvBANK0      0000E4
__pnvCOMRAM                                   nvCOMRAM     000058
__ptext0                                      text0        00112E
__ptext1                                      text1        000B5E
__ptext10                                     text10       00146E
__ptext100                                    text100      000A36
__ptext101                                    text101      001A6E
__ptext102                                    text102      000000
__ptext11                                     text11       0014AA
__ptext12                                     text12       000E38
__ptext13                                     text13       000DC6
__ptext14                                     text14       0017DE
__ptext15                                     text15       00139A
__ptext16                                     text16       0002B8
__ptext17                                     text17       0005DA
__ptext18                                     text18       0019A6
__ptext19                                     text19       001856
__ptext2                                      text2        0012A4
__ptext20                                     text20       001594
__ptext21                                     text21       000846
__ptext22                                     text22       000782
__ptext23                                     text23       000F18
__ptext24                                     text24       001870
__ptext25                                     text25       000ACE
__ptext26                                     text26       00179A
__ptext27                                     text27       0019F6
__ptext28                                     text28       0012F6
__ptext29                                     text29       0017FC
__ptext3                                      text3        001430
__ptext30                                     text30       001192
__ptext31                                     text31       000CD8
__ptext32                                     text32       001952
__ptext33                                     text33       000EA8
__ptext34                                     text34       00105E
__ptext35                                     text35       001962
__ptext36                                     text36       0019FE
__ptext37                                     text37       001972
__ptext38                                     text38       001A06
__ptext39                                     text39       001704
__ptext4                                      text4        00001E
__ptext40                                     text40       001A5A
__ptext41                                     text41       001A5E
__ptext42                                     text42       001980
__ptext43                                     text43       0008F6
__ptext44                                     text44       000C5C
__ptext45                                     text45       000998
__ptext46                                     text46       0004B8
__ptext47                                     text47       0018B8
__ptext48                                     text48       0015FA
__ptext49                                     text49       00198E
__ptext5                                      text5        00124A
__ptext50                                     text50       001A0E
__ptext51                                     text51       0018CE
__ptext52                                     text52       0018E4
__ptext53                                     text53       001A1E
__ptext54                                     text54       001A24
__ptext55                                     text55       001A2A
__ptext56                                     text56       001A30
__ptext57                                     text57       0018FA
__ptext58                                     text58       001A36
__ptext59                                     text59       0019B0
__ptext6                                      text6        000BE0
__ptext60                                     text60       0019BA
__ptext61                                     text61       001A3C
__ptext62                                     text62       001A42
__ptext63                                     text63       0019C4
__ptext64                                     text64       001A62
__ptext65                                     text65       001A66
__ptext66                                     text66       0013E6
__ptext67                                     text67       001628
__ptext68                                     text68       001654
__ptext69                                     text69       001680
__ptext7                                      text7        000D52
__ptext70                                     text70       0016AC
__ptext71                                     text71       001888
__ptext72                                     text72       000F86
__ptext73                                     text73       001752
__ptext74                                     text74       001348
__ptext75                                     text75       001910
__ptext76                                     text76       001926
__ptext77                                     text77       00193C
__ptext78                                     text78       001A48
__ptext79                                     text79       001A4E
__ptext8                                      text8        0015C8
__ptext80                                     text80       001A54
__ptext81                                     text81       0016D8
__ptext82                                     text82       00181A
__ptext83                                     text83       00199A
__ptext84                                     text84       001A16
__ptext85                                     text85       00172C
__ptext86                                     text86       0010C6
__ptext87                                     text87       0019CE
__ptext88                                     text88       0019D8
__ptext89                                     text89       0019E2
__ptext9                                      text9        0006B2
__ptext90                                     text90       001838
__ptext91                                     text91       0014E6
__ptext92                                     text92       0019EC
__ptext93                                     text93       001776
__ptext94                                     text94       000FF4
__ptext95                                     text95       0018A0
__ptext96                                     text96       001A6A
__ptext97                                     text97       0017BC
__ptext98                                     text98       0011EE
__ptext99                                     text99       001522
__ramtop                                      ramtop       001000
__smallconst                                  smallconst   000000
_abs                                          text20       001594
_control_system                               text4        00001E
_control_wdt                                  text3        001430
_dbuf                                         bssBANK0     000084
_flags                                        bssCOMRAM    000045
_fputc                                        text17       0005DA
_fx_led_green_fast                            text11       0014AA
_fx_led_green_slow                            text10       00146E
_fx_led_show_fail                             text9        0006B2
_fx_read_adc                                  text6        000BE0
_fx_read_button                               text5        00124A
_fx_system_start                              text1        000B5E
_g_adc_1                                      bssCOMRAM    00003D
_g_adc_2                                      bssCOMRAM    00003B
_g_bike_status                                bssCOMRAM    00003F
_g_can_messages                               bssBANK1     00011C
_g_can_validation_messages                    bssBANK0     0000BD
_g_fail_code                                  bssCOMRAM    00004F
_g_flag_timer_100ms                           bssCOMRAM    000052
_g_flag_timer_1s                              bssCOMRAM    000051
_g_hall_current                               bssBANK0     0000C9
_g_hall_start                                 bssBANK0     0000D3
_g_io_expander1                               bssCOMRAM    000054
_g_lock_config                                bssBANK0     0000A4
_g_lock_serial                                bssBANK0     0000DD
_g_lock_status                                bssBANK1     000100
_g_state_machine                              bssCOMRAM    00004E
_g_wait_time                                  bssCOMRAM    000043
_i2c1_fsmStateTable                           mediumconst  00FDA5
_main                                         text0        00112E
_prec                                         bssCOMRAM    000033
_printf                                       text14       0017DE
_putch                                        text18       0019A6
_rd1RegCompleteHandler                        text69       001680
_rd2RegCompleteHandler                        text68       001654
_rdBlkRegCompleteHandler                      text66       0013E6
_timer0ReloadVal16bit                         bssCOMRAM    000041
_uart2RxLastError                             bssCOMRAM    000053
_vfpfcnvrt                                    text16       0002B8
_vfprintf                                     text15       00139A
_width                                        bssCOMRAM    000031
_wr1RegCompleteHandler                        text67       001628
_wr2RegCompleteHandler                        text70       0016AC
abs@a                                         cstackCOMRAM 000009
control_system@flag_fail                      bssCOMRAM    00004C
control_wdt@last_flag                         bssCOMRAM    00004B
end_of_initialization                         cinit        00158E
fputc@c                                       cstackCOMRAM 000005
fputc@fp                                      cstackCOMRAM 000007
fx_led_green_fast@flag_led                    bssCOMRAM    000049
fx_led_green_slow@flag_led                    bssCOMRAM    000048
fx_led_show_fail@blink_counter                bssCOMRAM    000035
fx_led_show_fail@fail_code                    cstackCOMRAM 000003
fx_led_show_fail@flag_led                     bssCOMRAM    000047
fx_led_show_fail@flag_time                    bssCOMRAM    000046
fx_led_show_fail@time_led                     bssCOMRAM    000037
fx_read_adc@adc_1                             cstackCOMRAM 00000A
fx_read_adc@adc_2                             cstackCOMRAM 00000C
fx_read_adc@i                                 cstackCOMRAM 00000E
fx_read_button@button_pressed                 bssCOMRAM    00004A
fx_read_button@counter                        bssCOMRAM    000039
intlevel0                                     text         000000
intlevel1                                     text         000000
intlevel2                                     text         000000
intlevel3                                     text         000000
isa$std                                       (abs)        000001
isa$xinst                                     (abs)        000000
ivt0x8_base                                   ivt0x8       000008
main@flag_debug                               bssCOMRAM    00004D
printf@ap                                     cstackCOMRAM 000029
printf@fmt                                    cstackCOMRAM 000023
putch@txData                                  cstackCOMRAM 000004
rd1RegCompleteHandler@ptr                     cstackCOMRAM 00000C
rd2RegCompleteHandler@ptr                     cstackCOMRAM 00000C
rdBlkRegCompleteHandler@ptr                   cstackCOMRAM 00000C
stackhi                                       (abs)        000000
stacklo                                       (abs)        000000
start                                         init         00001A
start_initialization                          cinit        00155E
vfpfcnvrt@ap                                  cstackCOMRAM 000011
vfpfcnvrt@c                                   cstackCOMRAM 00001B
vfpfcnvrt@convarg                             cstackCOMRAM 000017
vfpfcnvrt@cp                                  cstackCOMRAM 000015
vfpfcnvrt@done                                cstackCOMRAM 000014
vfpfcnvrt@fmt                                 cstackCOMRAM 000010
vfpfcnvrt@fp                                  cstackCOMRAM 00000E
vfprintf@ap                                   cstackCOMRAM 000020
vfprintf@cfmt                                 cstackCOMRAM 000021
vfprintf@fmt                                  cstackCOMRAM 00001E
vfprintf@fp                                   cstackCOMRAM 00001C
wr1RegCompleteHandler@ptr                     cstackCOMRAM 00000C
wr2RegCompleteHandler@ptr                     cstackCOMRAM 00000C


MODULE INFORMATION

Module		Function		Class		Link	Load	Size
mcc_generated_files/uart2.c
		_putch         		CODE           	19A6	0000	10
		_UART2_Write   		CODE           	1856	0000	26
		_UART2_SetFramingErrorHandler		CODE           	19D8	0000	10
		_UART2_SetOverrunErrorHandler		CODE           	19CE	0000	10
		_UART2_Initialize		CODE           	10C6	0000	104
		_UART2_SetErrorHandler		CODE           	19E2	0000	10

mcc_generated_files/uart2.c estimated size: 170

mcc_generated_files/examples/i2c1_master_example.c
		_wr1RegCompleteHandler		CODE           	1628	0000	44
		_wr2RegCompleteHandler		CODE           	16AC	0000	44
		_I2C1_Write1ByteRegister		CODE           	0F18	0000	110
		_rdBlkRegCompleteHandler		CODE           	13E6	0000	74
		_rd1RegCompleteHandler		CODE           	1680	0000	44
		_rd2RegCompleteHandler		CODE           	1654	0000	44

mcc_generated_files/examples/i2c1_master_example.c estimated size: 360

mcc_generated_files/i2c1_master.c
		_I2C1_DO_SEND_RESTART		CODE           	1A5A	0000	4
		_I2C1_MasterIsNackFlagSet		CODE           	1926	0000	22
		_I2C1_DO_RX_EMPTY		CODE           	08F6	0000	162
		_I2C1_DO_TX_EMPTY		CODE           	0C5C	0000	124
		_I2C1_DO_SEND_RESTART_READ		CODE           	1980	0000	14
		_I2C1_MasterClearNackFlag		CODE           	1A4E	0000	6
		_I2C1_CallbackReturnStop		CODE           	1A66	0000	4
		_I2C1_DO_RX    		CODE           	0998	0000	158
		_I2C1_DO_TX    		CODE           	04B8	0000	290
		_I2C1_SetAddressNackCallback		CODE           	1870	0000	24
		_I2C1_DO_IDLE  		CODE           	198E	0000	12
		_I2C1_MasterOpen		CODE           	179A	0000	34
		_I2C1_MasterSendTxData		CODE           	19B0	0000	10
		_I2C1_MasterStop		CODE           	1A24	0000	6
		_I2C1_MasterIsStopFlagSet		CODE           	1910	0000	22
		_I2C1_CallbackReturnReset		CODE           	1A62	0000	4
		_I2C1_DO_RESET 		CODE           	1962	0000	16
		_I2C1_Poller   		CODE           	17FC	0000	30
		_I2C1_DO_RX_ACK		CODE           	1A06	0000	8
		_I2C1_DO_TX_ACK		CODE           	1A0E	0000	8
		_I2C1_MasterWaitForEvent		CODE           	1192	0000	92
		_I2C1_MasterSendNack		CODE           	1A2A	0000	6
		_I2C1_DO_RX_NACK_RESTART		CODE           	19FE	0000	8
		_I2C1_MasterDisableIrq		CODE           	181A	0000	30
		_I2C1_ClearInterruptFlags		CODE           	1348	0000	82
		_I2C1_MasterOperation		CODE           	12F6	0000	82
		_I2C1_MasterClearStopFlag		CODE           	1A48	0000	6
		_I2C1_SetCallback		CODE           	0F86	0000	110
		_I2C1_MasterEnableRestart		CODE           	1A3C	0000	6
		_I2C1_MasterGetCounter		CODE           	1A1E	0000	6
		_I2C1_MasterSetCounter		CODE           	19BA	0000	10
		_I2C1_Open     		CODE           	0ACE	0000	144
		_I2C1_DO_ADDRESS_NACK		CODE           	105E	0000	104
		_I2C1_MasterDisableRestart		CODE           	1A42	0000	6
		_I2C1_MasterClearCountFlag		CODE           	1A54	0000	6
		_I2C1_SetBuffer		CODE           	1752	0000	36
		_I2C1_DO_SEND_RESTART_WRITE		CODE           	1A5E	0000	4
		_I2C1_MasterIsTxBufEmpty		CODE           	18CE	0000	22
		_I2C1_MasterClose		CODE           	199A	0000	12
		_I2C1_MasterWrite		CODE           	19F6	0000	8
		_I2C1_Initialize		CODE           	17BC	0000	34
		_I2C1_Close    		CODE           	16D8	0000	44
		_I2C1_MasterIsRxBufFull		CODE           	18FA	0000	22
		_I2C1_MasterIsNack		CODE           	18E4	0000	22
		_I2C1_DO_SEND_ADR_WRITE		CODE           	18B8	0000	22
		_I2C1_MasterClearIrq		CODE           	1A16	0000	8
		_I2C1_SetDataCompleteCallback		CODE           	1888	0000	24
		_I2C1_DO_SEND_STOP		CODE           	1704	0000	40
		_I2C1_DO_BUS_COLLISION		CODE           	0EA8	0000	112
		_I2C1_DO_BUS_ERROR		CODE           	1952	0000	16
		_I2C1_MasterSendAck		CODE           	1A30	0000	6
		_I2C1_MasterFsm		CODE           	0CD8	0000	122
		_I2C1_MasterGetRxData		CODE           	1A36	0000	6
		_I2C1_MasterResetBus		CODE           	19C4	0000	10
		_I2C1_MasterIsCountFlagSet		CODE           	193C	0000	22
		_I2C1_DO_SEND_ADR_READ		CODE           	15FA	0000	46
		_I2C1_DO_RX_NACK_STOP		CODE           	1972	0000	14

mcc_generated_files/i2c1_master.c estimated size: 2308

mcc_generated_files/tmr2.c
		_TMR2_Initialize		CODE           	1838	0000	30

mcc_generated_files/tmr2.c estimated size: 30

mcc_generated_files/interrupt_manager.c
		_INTERRUPT_Initialize		CODE           	1A6A	0000	4
		_INTERRUPT_InterruptManager		CODE           	1522	0000	60

mcc_generated_files/interrupt_manager.c estimated size: 64

mcc_generated_files/tmr0.c
		_TMR0_SetInterruptHandler		CODE           	19EC	0000	10
		_TMR0_DefaultInterruptHandler		CODE           	1A6E	0000	2
		_TMR0_ISR      		CODE           	0A36	0000	152
		_TMR0_Initialize		CODE           	14E6	0000	60

mcc_generated_files/tmr0.c estimated size: 224

mcc_generated_files/pin_manager.c
		_PIN_MANAGER_Initialize		CODE           	0FF4	0000	106

mcc_generated_files/pin_manager.c estimated size: 106

C:\Program Files\Microchip\xc8\v2.45\pic\sources\c99\common\printf.c
		_printf        		CODE           	17DE	0000	30

C:\Program Files\Microchip\xc8\v2.45\pic\sources\c99\common\printf.c estimated size: 30

C:\Program Files\Microchip\xc8\v2.45\pic\sources\c99\common\awmod.c
		___awmod       		CODE           	0846	0000	176

C:\Program Files\Microchip\xc8\v2.45\pic\sources\c99\common\awmod.c estimated size: 176

shared
		__initialization		CODE           	155E	0000	48
		_i2c1_fsmStateTable		MEDIUMCONST    	FDA5	0000	38

shared estimated size: 86

header_files/tca9534.c
		_IO_SetPin     		CODE           	0E38	0000	112
		_IO_ResetPin   		CODE           	0DC6	0000	114
		_IO_ConfigPorts		CODE           	12A4	0000	82

header_files/tca9534.c estimated size: 308

C:\Program Files\Microchip\xc8\v2.45\pic\sources\c99\common\abs.c
		_abs           		CODE           	1594	0000	52

C:\Program Files\Microchip\xc8\v2.45\pic\sources\c99\common\abs.c estimated size: 52

mcc_generated_files/mcc.c
		_PMD_Initialize		CODE           	1776	0000	36
		_OSCILLATOR_Initialize		CODE           	18A0	0000	24
		_SYSTEM_Initialize		CODE           	172C	0000	38

mcc_generated_files/mcc.c estimated size: 98

mcc_generated_files/adcc.c
		_ADCC_GetSingleConversion		CODE           	15C8	0000	50
		_ADCC_Initialize		CODE           	11EE	0000	92

mcc_generated_files/adcc.c estimated size: 142

main.c
		_fx_read_adc   		CODE           	0BE0	0000	124
		_main          		CODE           	112E	0000	100
		_control_wdt   		CODE           	1430	0000	62
		_fx_led_show_fail		CODE           	06B2	0000	208
		_fx_read_button		CODE           	124A	0000	90
		_fx_system_start		CODE           	0B5E	0000	130
		_control_system		CODE           	001E	0000	666
		_fx_led_green_fast		CODE           	14AA	0000	60
		_fx_led_green_slow		CODE           	146E	0000	60

main.c estimated size: 1500

C:\Program Files\Microchip\xc8\v2.45\pic\sources\c99\common\nf_fputc.c
		_fputc         		CODE           	05DA	0000	216

C:\Program Files\Microchip\xc8\v2.45\pic\sources\c99\common\nf_fputc.c estimated size: 216

C:\Program Files\Microchip\xc8\v2.45\pic\sources\c99\common\doprnt.c
		_vfpfcnvrt     		CODE           	02B8	0000	512
		_vfprintf      		CODE           	139A	0000	76

C:\Program Files\Microchip\xc8\v2.45\pic\sources\c99\common\doprnt.c estimated size: 588

C:\Program Files\Microchip\xc8\v2.45\pic\sources\c99\common\lwdiv.c
		___lwdiv       		CODE           	0D52	0000	116

C:\Program Files\Microchip\xc8\v2.45\pic\sources\c99\common\lwdiv.c estimated size: 116

C:\Program Files\Microchip\xc8\v2.45\pic\sources\c99\common\awdiv.c
		___awdiv       		CODE           	0782	0000	196

C:\Program Files\Microchip\xc8\v2.45\pic\sources\c99\common\awdiv.c estimated size: 196

