Microchip MPLAB XC8 Compiler V2.41

Linker command line:

-W-3 \
  --edf=C:\Program Files\Microchip\xc8\v2.41\pic\dat\20230208172133_en.msgs \
  -pivt0x8=08h -cn \
  -h+dist/default/production\TRAVABICI_TEMNFC.X.production.sym \
  --cmf=dist/default/production\TRAVABICI_TEMNFC.X.production.cmf -z \
  -Q18F26K83 -oC:\Users\Fernando\AppData\Local\Temp\xcAs3sk.\driver_tmp_3.o \
  --defsym=__MPLAB_BUILD=1 --fixupoverflow=error \
  -Mdist/default/production/TRAVABICI_TEMNFC.X.production.map \
  --md=C:\Users\Fernando\AppData\Local\Temp\xcAs3sk.\driver_tmp_0.dat -E1 \
  -ver=XC8 Compiler --acfsm=1493 -ACODE=00h-0FFFFh -ACONST=00h-0FFFFh \
  -ASMALLCONST=01000h-010FFhx240 -AMEDIUMCONST=01000h-0FFFFh \
  -ACOMRAM=01h-05Fh -AABS1=00h-0FFFh -ABIGRAM=01h-0FFFh \
  -ARAM=060h-0FFh,0100h-01FFhx15 -ABANK0=060h-0FFh -ABANK1=0100h-01FFh \
  -ABANK2=0200h-02FFh -ABANK3=0300h-03FFh -ABANK4=0400h-04FFh \
  -ABANK5=0500h-05FFh -ABANK6=0600h-06FFh -ABANK7=0700h-07FFh \
  -ABANK8=0800h-08FFh -ABANK9=0900h-09FFh -ABANK10=0A00h-0AFFh \
  -ABANK11=0B00h-0BFFh -ABANK12=0C00h-0CFFh -ABANK13=0D00h-0DFFh \
  -ABANK14=0E00h-0EFFh -ABANK15=0F00h-0FFFh \
  -ASFR=03700h-037FFhx8,03F00h-03F5Fh,03F60h-03FFFh -ABIGSFR=03700h-03FFFh \
  -ACONFIG=0300000h-0300009h -AIDLOC=0200000h-020000Fh \
  -AEEDATA=0310000h-03103FFh -peeprom_data=EEDATA -preset_vec=00h \
  -ppowerup=CODE,init -pramtop=01000h -psmallconst=SMALLCONST \
  -pmediumconst=MEDIUMCONST -pconst=CONST -AFARRAM=00h-00h \
  -prdata=COMRAM,nvrram=COMRAM,nvbit=COMRAM,rbss=COMRAM,rbit=COMRAM \
  -pfarbss=FARRAM,fardata=FARRAM,nvFARRAM=FARRAM \
  -pintsave_regs=BIGRAM,bigbss=BIGRAM,bigdata=BIGRAM -pbss=RAM \
  -pidata=CODE,irdata=CODE,ibigdata=CODE,ifardata=CODE -prparam=COMRAM \
  C:\Users\Fernando\AppData\Local\Temp\xcAs3sk.\driver_tmp_14.o \
  dist/default/production\TRAVABICI_TEMNFC.X.production.o 

Object code version is 3.11

Machine type is 18F26K83



                Name                               Link     Load   Length Selector   Space Scale
C:\Users\Fernando\AppData\Local\Temp\xcAs3sk.\driver_tmp_14.o
                idloc                            200000   200000       10        0       5
                config                           300000   300000        A        0       4
                init                                 1A       1A        4        4       0
                reset_vec                             0        0        4        0       0
dist/default/production\TRAVABICI_TEMNFC.X.production.o
                idloc                            200000   200000       10        0       5
                config                           300000   300000        A        0       4
                mediumconst                        EFFC     EFFC     1004     77FE       0
                ivt0x8                                8        8       12        4       0
                text191                            9160     9160        2        4       0
                text190                            8D94     8D94       20        4       0
                text189                            915E     915E        2        4       0
                text188                            2B2A     2B2A      3DA        4       0
                text187                            8276     8276       60        4       0
                text186                            83EC     83EC       5C        4       0
                text185                            90CC     90CC        A        4       0
                text184                            6DCC     6DCC       D8        4       0
                text183                            8D52     8D52       22        4       0
                text182                            915A     915A        4        4       0
                text181                            8F56     8F56       18        4       0
                text180                            7780     7780       8A        4       0
                text179                            8CC8     8CC8       24        4       0
                text178                            8F3E     8F3E       18        4       0
                text177                            8F26     8F26       18        4       0
                text176                            8E94     8E94       1A        4       0
                text175                            90C2     90C2        A        4       0
                text174                            88BE     88BE       3C        4       0
                text173                            8E0E     8E0E       1E        4       0
                text172                            90B8     90B8        A        4       0
                text171                            90AE     90AE        A        4       0
                text170                            90A4     90A4        A        4       0
                text169                            8010     8010       6A        4       0
                text168                            8932     8932       36        4       0
                text167                            9106     9106        8        4       0
                text166                            9070     9070        C        4       0
                text165                            8DF0     8DF0       1E        4       0
                text164                            8B38     8B38       2C        4       0
                text163                            9144     9144        6        4       0
                text162                            913E     913E        6        4       0
                text161                            9138     9138        6        4       0
                text160                            8FF2     8FF2       16        4       0
                text159                            8FDC     8FDC       16        4       0
                text158                            8FC6     8FC6       16        4       0
                text157                            8598     8598       52        4       0
                text156                            8CA4     8CA4       24        4       0
                text155                            7A14     7A14       7E        4       0
                text154                            8F0E     8F0E       18        4       0
                text153                            8B0C     8B0C       2C        4       0
                text152                            8AE0     8AE0       2C        4       0
                text151                            8AB4     8AB4       2C        4       0
                text150                            8A88     8A88       2C        4       0
                text149                            868A     868A       4C        4       0
                text148                            9156     9156        4        4       0
                text147                            9152     9152        4        4       0
                text146                            909A     909A        A        4       0
                text145                            9132     9132        6        4       0
                text144                            912C     912C        6        4       0
                text143                            9090     9090        A        4       0
                text142                            9086     9086        A        4       0
                text141                            9126     9126        6        4       0
                text140                            8FB0     8FB0       16        4       0
                text139                            9120     9120        6        4       0
                text138                            911A     911A        6        4       0
                text137                            9114     9114        6        4       0
                text136                            910E     910E        6        4       0
                text135                            8F9A     8F9A       16        4       0
                text134                            8F84     8F84       16        4       0
                text133                            90FE     90FE        8        4       0
                text132                            9064     9064        C        4       0
                text131                            8A2E     8A2E       2E        4       0
                text130                            8F6E     8F6E       16        4       0
                text129                            6486     6486      122        4       0
                text128                            752C     752C       9E        4       0
                text127                            7B0E     7B0E       7C        4       0
                text126                            748A     748A       A2        4       0
                text125                            9056     9056        E        4       0
                text124                            914E     914E        4        4       0
                text123                            914A     914A        4        4       0
                text122                            8C32     8C32       28        4       0
                text121                            90F6     90F6        8        4       0
                text120                            9048     9048        E        4       0
                text119                            90EE     90EE        8        4       0
                text118                            902A     902A       10        4       0
                text117                            807A     807A       68        4       0
                text116                            7EC8     7EC8       70        4       0
                text115                            901A     901A       10        4       0
                text114                            7C04     7C04       7A        4       0
                text113                            8390     8390       5C        4       0
                text112                            8DD2     8DD2       1E        4       0
                text111                            8546     8546       52        4       0
                text110                            90E6     90E6        8        4       0
                text109                            8D30     8D30       22        4       0
                text108                            7666     7666       90        4       0
                text107                            8EF6     8EF6       18        4       0
                text106                            7CF6     7CF6       78        4       0
                text105                            903A     903A        E        4       0
                text104                            90DE     90DE        8        4       0
                text103                            5ADE     5ADE      188        4       0
                text102                            5F4C     5F4C      164        4       0
                text101                            887E     887E       40        4       0
                text100                            8E7A     8E7A       1A        4       0
                text99                             907C     907C        A        4       0
                text98                             6CF4     6CF4       D8        4       0
                text97                             87F8     87F8       44        4       0
                text96                             7B8A     7B8A       7A        4       0
                text95                             5056     5056      252        4       0
                text94                             8448     8448       58        4       0
                text93                             6206     6206      146        4       0
                text92                             66AE     66AE      106        4       0
                text91                             67B4     67B4       F0        4       0
                text90                             6EA4     6EA4       D0        4       0
                text89                             57BC     57BC      194        4       0
                text88                             5DE2     5DE2      16A        4       0
                text87                              F20      F20      74C        4       0
                text86                             84A0     84A0       54        4       0
                text85                             8C0A     8C0A       28        4       0
                text84                             7DE2     7DE2       74        4       0
                text83                             6B42     6B42       DA        4       0
                text82                             362A     362A      37C        4       0
                text81                             8E60     8E60       1A        4       0
                text80                             8E46     8E46       1A        4       0
                text79                             8BB8     8BB8       2A        4       0
                text78                             634C     634C      13A        4       0
                text77                             7C7E     7C7E       78        4       0
                text76                             48BE     48BE      2B8        4       0
                text75                             5628     5628      194        4       0
                text74                             39A6     39A6      360        4       0
                text73                             6C1C     6C1C       D8        4       0
                text72                             7E56     7E56       72        4       0
                text71                             7916     7916       80        4       0
                text70                             7996     7996       7E        4       0
                text69                             84F4     84F4       52        4       0
                text68                             8A5C     8A5C       2C        4       0
                text67                             8148     8148       66        4       0
                text66                             8EDE     8EDE       18        4       0
                text65                             9008     9008       12        4       0
                text64                             4048     4048      2F4        4       0
                text63                             883C     883C       42        4       0
                text62                             2F04     2F04      39A        4       0
                text61                             65A8     65A8      106        4       0
                text60                             5474     5474      1B4        4       0
                text59                             8334     8334       5C        4       0
                text58                             87B0     87B0       48        4       0
                text57                             86D6     86D6       4A        4       0
                text56                             8C5A     8C5A       26        4       0
                text55                             8A00     8A00       2E        4       0
                text54                             7890     7890       86        4       0
                text53                             89CE     89CE       32        4       0
                text52                             7D6E     7D6E       74        4       0
                text51                             5950     5950      18E        4       0
                text50                             4DE8     4DE8      26E        4       0
                text49                               1E       1E      F02        4       0
                text48                             1CBA     1CBA      5B2        4       0
                text47                             7A92     7A92       7C        4       0
                text46                             26E6     26E6      444        4       0
                text45                             8968     8968       34        4       0
                text44                             4B76     4B76      272        4       0
                text43                             60B0     60B0      156        4       0
                text42                             7FA6     7FA6       6A        4       0
                text41                             7F38     7F38       6E        4       0
                text40                             75CA     75CA       9C        4       0
                text39                             863A     863A       50        4       0
                text38                             85EA     85EA       50        4       0
                text37                             433C     433C      2C4        4       0
                text36                             8C80     8C80       24        4       0
                text35                             8D0E     8D0E       22        4       0
                text34                             8D74     8D74       20        4       0
                text33                             8B8E     8B8E       2A        4       0
                text32                             8768     8768       48        4       0
                text31                             6A66     6A66       DC        4       0
                text30                             7286     7286       AE        4       0
                text29                             8E2C     8E2C       1A        4       0
                text28                             8720     8720       48        4       0
                text27                             7334     7334       AC        4       0
                text26                             68A4     68A4       E2        4       0
                text25                             8EC6     8EC6       18        4       0
                text24                             3D06     3D06      342        4       0
                text23                             88FA     88FA       38        4       0
                text22                             7100     7100       C4        4       0
                text21                             8EAE     8EAE       18        4       0
                text20                             8212     8212       64        4       0
                text19                             703C     703C       C4        4       0
                text18                             166C     166C      64E        4       0
                text17                             8BE2     8BE2       28        4       0
                text16                             329E     329E      38C        4       0
                text15                             4600     4600      2BE        4       0
                text14                             6986     6986       E0        4       0
                text13                             8B64     8B64       2A        4       0
                text12                             5C66     5C66      17C        4       0
                text11                             226C     226C      47A        4       0
                text10                             780A     780A       86        4       0
                text9                              80E2     80E2       66        4       0
                text8                              8CEC     8CEC       22        4       0
                text7                              6F74     6F74       C8        4       0
                text6                              73E0     73E0       AA        4       0
                text5                              8DB4     8DB4       1E        4       0
                text4                              899C     899C       32        4       0
                text3                              82D6     82D6       5E        4       0
                text2                              52A8     52A8      1CC        4       0
                text1                              71C4     71C4       C2        4       0
                text0                              76F6     76F6       8A        4       0
                cstackCOMRAM                          1        1       57        1       1
                cstackBANK0                          60       60       5F       60       1
                bssBANK2                            200      200       63      200       1
                dataBANK1                           1F6      1F6        8      100       1
                bssBANK1                            100      100       EE      100       1
                bssBANK0                             BF       BF       3E       60       1
                bssCOMRAM                            58       58        6        1       1
                cinit                              81AE     81AE       64        4       0
                nvBANK1                             1EE      1EE        8      100       1
                idataBANK1                         90D6     90D6        8        4       0

TOTAL           Name                               Link     Load   Length     Space
        CLASS   CODE           
                init                                 1A       1A        4         0
                reset_vec                             0        0        4         0
                ivt0x8                                8        8       12         0
                text191                            9160     9160        2         0
                text190                            8D94     8D94       20         0
                text189                            915E     915E        2         0
                text188                            2B2A     2B2A      3DA         0
                text187                            8276     8276       60         0
                text186                            83EC     83EC       5C         0
                text185                            90CC     90CC        A         0
                text184                            6DCC     6DCC       D8         0
                text183                            8D52     8D52       22         0
                text182                            915A     915A        4         0
                text181                            8F56     8F56       18         0
                text180                            7780     7780       8A         0
                text179                            8CC8     8CC8       24         0
                text178                            8F3E     8F3E       18         0
                text177                            8F26     8F26       18         0
                text176                            8E94     8E94       1A         0
                text175                            90C2     90C2        A         0
                text174                            88BE     88BE       3C         0
                text173                            8E0E     8E0E       1E         0
                text172                            90B8     90B8        A         0
                text171                            90AE     90AE        A         0
                text170                            90A4     90A4        A         0
                text169                            8010     8010       6A         0
                text168                            8932     8932       36         0
                text167                            9106     9106        8         0
                text166                            9070     9070        C         0
                text165                            8DF0     8DF0       1E         0
                text164                            8B38     8B38       2C         0
                text163                            9144     9144        6         0
                text162                            913E     913E        6         0
                text161                            9138     9138        6         0
                text160                            8FF2     8FF2       16         0
                text159                            8FDC     8FDC       16         0
                text158                            8FC6     8FC6       16         0
                text157                            8598     8598       52         0
                text156                            8CA4     8CA4       24         0
                text155                            7A14     7A14       7E         0
                text154                            8F0E     8F0E       18         0
                text153                            8B0C     8B0C       2C         0
                text152                            8AE0     8AE0       2C         0
                text151                            8AB4     8AB4       2C         0
                text150                            8A88     8A88       2C         0
                text149                            868A     868A       4C         0
                text148                            9156     9156        4         0
                text147                            9152     9152        4         0
                text146                            909A     909A        A         0
                text145                            9132     9132        6         0
                text144                            912C     912C        6         0
                text143                            9090     9090        A         0
                text142                            9086     9086        A         0
                text141                            9126     9126        6         0
                text140                            8FB0     8FB0       16         0
                text139                            9120     9120        6         0
                text138                            911A     911A        6         0
                text137                            9114     9114        6         0
                text136                            910E     910E        6         0
                text135                            8F9A     8F9A       16         0
                text134                            8F84     8F84       16         0
                text133                            90FE     90FE        8         0
                text132                            9064     9064        C         0
                text131                            8A2E     8A2E       2E         0
                text130                            8F6E     8F6E       16         0
                text129                            6486     6486      122         0
                text128                            752C     752C       9E         0
                text127                            7B0E     7B0E       7C         0
                text126                            748A     748A       A2         0
                text125                            9056     9056        E         0
                text124                            914E     914E        4         0
                text123                            914A     914A        4         0
                text122                            8C32     8C32       28         0
                text121                            90F6     90F6        8         0
                text120                            9048     9048        E         0
                text119                            90EE     90EE        8         0
                text118                            902A     902A       10         0
                text117                            807A     807A       68         0
                text116                            7EC8     7EC8       70         0
                text115                            901A     901A       10         0
                text114                            7C04     7C04       7A         0
                text113                            8390     8390       5C         0
                text112                            8DD2     8DD2       1E         0
                text111                            8546     8546       52         0
                text110                            90E6     90E6        8         0
                text109                            8D30     8D30       22         0
                text108                            7666     7666       90         0
                text107                            8EF6     8EF6       18         0
                text106                            7CF6     7CF6       78         0
                text105                            903A     903A        E         0
                text104                            90DE     90DE        8         0
                text103                            5ADE     5ADE      188         0
                text102                            5F4C     5F4C      164         0
                text101                            887E     887E       40         0
                text100                            8E7A     8E7A       1A         0
                text99                             907C     907C        A         0
                text98                             6CF4     6CF4       D8         0
                text97                             87F8     87F8       44         0
                text96                             7B8A     7B8A       7A         0
                text95                             5056     5056      252         0
                text94                             8448     8448       58         0
                text93                             6206     6206      146         0
                text92                             66AE     66AE      106         0
                text91                             67B4     67B4       F0         0
                text90                             6EA4     6EA4       D0         0
                text89                             57BC     57BC      194         0
                text88                             5DE2     5DE2      16A         0
                text87                              F20      F20      74C         0
                text86                             84A0     84A0       54         0
                text85                             8C0A     8C0A       28         0
                text84                             7DE2     7DE2       74         0
                text83                             6B42     6B42       DA         0
                text82                             362A     362A      37C         0
                text81                             8E60     8E60       1A         0
                text80                             8E46     8E46       1A         0
                text79                             8BB8     8BB8       2A         0
                text78                             634C     634C      13A         0
                text77                             7C7E     7C7E       78         0
                text76                             48BE     48BE      2B8         0
                text75                             5628     5628      194         0
                text74                             39A6     39A6      360         0
                text73                             6C1C     6C1C       D8         0
                text72                             7E56     7E56       72         0
                text71                             7916     7916       80         0
                text70                             7996     7996       7E         0
                text69                             84F4     84F4       52         0
                text68                             8A5C     8A5C       2C         0
                text67                             8148     8148       66         0
                text66                             8EDE     8EDE       18         0
                text65                             9008     9008       12         0
                text64                             4048     4048      2F4         0
                text63                             883C     883C       42         0
                text62                             2F04     2F04      39A         0
                text61                             65A8     65A8      106         0
                text60                             5474     5474      1B4         0
                text59                             8334     8334       5C         0
                text58                             87B0     87B0       48         0
                text57                             86D6     86D6       4A         0
                text56                             8C5A     8C5A       26         0
                text55                             8A00     8A00       2E         0
                text54                             7890     7890       86         0
                text53                             89CE     89CE       32         0
                text52                             7D6E     7D6E       74         0
                text51                             5950     5950      18E         0
                text50                             4DE8     4DE8      26E         0
                text49                               1E       1E      F02         0
                text48                             1CBA     1CBA      5B2         0
                text47                             7A92     7A92       7C         0
                text46                             26E6     26E6      444         0
                text45                             8968     8968       34         0
                text44                             4B76     4B76      272         0
                text43                             60B0     60B0      156         0
                text42                             7FA6     7FA6       6A         0
                text41                             7F38     7F38       6E         0
                text40                             75CA     75CA       9C         0
                text39                             863A     863A       50         0
                text38                             85EA     85EA       50         0
                text37                             433C     433C      2C4         0
                text36                             8C80     8C80       24         0
                text35                             8D0E     8D0E       22         0
                text34                             8D74     8D74       20         0
                text33                             8B8E     8B8E       2A         0
                text32                             8768     8768       48         0
                text31                             6A66     6A66       DC         0
                text30                             7286     7286       AE         0
                text29                             8E2C     8E2C       1A         0
                text28                             8720     8720       48         0
                text27                             7334     7334       AC         0
                text26                             68A4     68A4       E2         0
                text25                             8EC6     8EC6       18         0
                text24                             3D06     3D06      342         0
                text23                             88FA     88FA       38         0
                text22                             7100     7100       C4         0
                text21                             8EAE     8EAE       18         0
                text20                             8212     8212       64         0
                text19                             703C     703C       C4         0
                text18                             166C     166C      64E         0
                text17                             8BE2     8BE2       28         0
                text16                             329E     329E      38C         0
                text15                             4600     4600      2BE         0
                text14                             6986     6986       E0         0
                text13                             8B64     8B64       2A         0
                text12                             5C66     5C66      17C         0
                text11                             226C     226C      47A         0
                text10                             780A     780A       86         0
                text9                              80E2     80E2       66         0
                text8                              8CEC     8CEC       22         0
                text7                              6F74     6F74       C8         0
                text6                              73E0     73E0       AA         0
                text5                              8DB4     8DB4       1E         0
                text4                              899C     899C       32         0
                text3                              82D6     82D6       5E         0
                text2                              52A8     52A8      1CC         0
                text1                              71C4     71C4       C2         0
                text0                              76F6     76F6       8A         0
                cinit                              81AE     81AE       64         0
                idataBANK1                         90D6     90D6        8         0

        CLASS   CONST          

        CLASS   SMALLCONST     

        CLASS   MEDIUMCONST    
                mediumconst                        EFFC     EFFC     1004         0

        CLASS   COMRAM         
                cstackCOMRAM                          1        1       57         1
                bssCOMRAM                            58       58        6         1

        CLASS   ABS1           

        CLASS   BIGRAM         

        CLASS   RAM            

        CLASS   BANK0          
                cstackBANK0                          60       60       5F         1
                bssBANK0                             BF       BF       3E         1

        CLASS   BANK1          
                dataBANK1                           1F6      1F6        8         1
                bssBANK1                            100      100       EE         1
                nvBANK1                             1EE      1EE        8         1

        CLASS   BANK2          
                bssBANK2                            200      200       63         1

        CLASS   BANK3          

        CLASS   BANK4          

        CLASS   BANK5          

        CLASS   BANK6          

        CLASS   BANK7          

        CLASS   BANK8          

        CLASS   BANK9          

        CLASS   BANK10         

        CLASS   BANK11         

        CLASS   BANK12         

        CLASS   BANK13         

        CLASS   BANK14         

        CLASS   BANK15         

        CLASS   SFR            

        CLASS   BIGSFR         

        CLASS   CONFIG         
                config                           300000   300000        A         4

        CLASS   IDLOC          
                idloc                            200000   200000       10         5

        CLASS   EEDATA         

        CLASS   FARRAM         

        CLASS   HEAP           

        CLASS   STACK          



SEGMENTS        Name                           Load    Length   Top    Selector   Space  Class

                reset_vec                      000000  000004  000004         0       0  CODE    
                cstackCOMRAM                   000001  00005D  00005E         1       1  COMRAM  
                ivt0x8                         000008  00915A  009162         4       0  CODE    
                cstackBANK0                    000060  00009D  0000FD        60       1  BANK0   
                bssBANK1                       000100  0000FE  0001FE       100       1  BANK1   
                bssBANK2                       000200  000063  000263       200       1  BANK2   
                mediumconst                    00EFFC  001004  010000      77FE       0  MEDIUMCO


UNUSED ADDRESS RANGES

        Name                Unused          Largest block    Delta
        BANK0            0000FD-0000FF                3
        BANK1            0001FE-0001FF                2
        BANK10           000A00-000AFF              100
        BANK11           000B00-000BFF              100
        BANK12           000C00-000CFF              100
        BANK13           000D00-000DFF              100
        BANK14           000E00-000EFF              100
        BANK15           000F00-000FFF              100
        BANK2            000263-0002FF               9D
        BANK3            000300-0003FF              100
        BANK4            000400-0004FF              100
        BANK5            000500-0005FF              100
        BANK6            000600-0006FF              100
        BANK7            000700-0007FF              100
        BANK8            000800-0008FF              100
        BANK9            000900-0009FF              100
        BIGRAM           00005E-00005F                2
                         0000FD-0000FF                3
                         0001FE-0001FF                2
                         000263-000FFF              D9D
        BIGSFR           003700-003FFF              900
        CODE             000004-000007                4
                         009162-00EFFB             5E9A
        COMRAM           00005E-00005F                2
        CONST            000004-000007                4
                         009162-00EFFB             5E9A
        EEDATA           310000-3103FF              400
        MEDIUMCONST      009162-00EFFB             5E9A
        RAM              0000FD-0000FF                3
                         0001FE-0001FF                2
                         000263-000FFF              100
        SFR              003700-003FFF              100
        SMALLCONST       009162-00EFFB              100

                                  Symbol Table

?_ADCC_GetSingleConversion                         cstackCOMRAM 000003
?___aodiv                                          cstackCOMRAM 000003
?___aomod                                          cstackCOMRAM 000003
?___awdiv                                          cstackCOMRAM 000003
?___fldiv                                          cstackCOMRAM 000011
?___fltol                                          cstackCOMRAM 00002A
?___lmul                                           cstackCOMRAM 000003
?___lodiv                                          cstackCOMRAM 000003
?___lomod                                          cstackCOMRAM 000003
?___lwdiv                                          cstackCOMRAM 000003
?___xxtofl                                         cstackCOMRAM 000003
?_abs                                              cstackCOMRAM 000015
?_convertReg2ExtendedCANid                         cstackCOMRAM 000003
?_convertReg2StandardCANid                         cstackCOMRAM 000003
?_fx_eeprom_read_int16                             cstackCOMRAM 000005
?_fx_eeprom_read_int32                             cstackCOMRAM 00000C
?_fx_head_light_calc_potency                       cstackCOMRAM 000034
?_fx_random_generate                               cstackCOMRAM 000015
?_fx_serial_get_uid                                cstackBANK0  00007B
?_printf                                           cstackBANK0  00006D
?_rand                                             cstackCOMRAM 00000F
?_strlen                                           cstackCOMRAM 000003
?_strncmp                                          cstackCOMRAM 000003
?_vfprintf                                         cstackCOMRAM 00004F
ADCC_GetSingleConversion@channel                   cstackCOMRAM 000007
Accel_Config@threshold                             cstackBANK0  00007C
Accel_Config@value                                 cstackBANK0  00007B
Accel_ReadRegister@reg                             cstackCOMRAM 00001B
CAN_isRXErrorPassive@returnValue                   cstackCOMRAM 000003
CAN_isTXErrorPassive@returnValue                   cstackCOMRAM 000003
CAN_messagesInBuffer@messageCount                  cstackCOMRAM 000003
CAN_receive@returnValue                            cstackCOMRAM 000018
CAN_receive@tempCanMsg                             cstackCOMRAM 000016
CAN_transmit@returnValue                           cstackCOMRAM 000017
CAN_transmit@tempCanMsg                            cstackCOMRAM 000015
CAN_transmit@tempEIDH                              cstackCOMRAM 000018
CAN_transmit@tempEIDL                              cstackCOMRAM 000019
CAN_transmit@tempSIDH                              cstackCOMRAM 00001A
CAN_transmit@tempSIDL                              cstackCOMRAM 00001B
DATAEE_ReadByte@bAdd                               cstackCOMRAM 000003
DATAEE_WriteByte@GIEBitValue                       cstackCOMRAM 000006
DATAEE_WriteByte@bAdd                              cstackCOMRAM 000003
DATAEE_WriteByte@bData                             cstackCOMRAM 000005
ECAN_SetWakeUpInterruptHandler@handler             cstackCOMRAM 000003
FLASH_ReadByte@flashAddr                           cstackCOMRAM 000003
I2C1_CallbackReturnReset@funPtr                    cstackCOMRAM 00000C
I2C1_Close@returnValue                             cstackCOMRAM 000003
I2C1_DO_RX@retFsmState                             cstackCOMRAM 000012
I2C1_DO_TX@dataTx                                  cstackCOMRAM 000012
I2C1_DO_TX@retFsmState                             cstackCOMRAM 000013
I2C1_MasterOperation@read                          cstackCOMRAM 000016
I2C1_MasterOperation@returnValue                   cstackCOMRAM 000017
I2C1_MasterSendTxData@data                         cstackCOMRAM 000003
I2C1_MasterSetCounter@counter                      cstackCOMRAM 000003
I2C1_Open@address                                  cstackCOMRAM 000003
I2C1_Open@returnValue                              cstackCOMRAM 000004
I2C1_Read1ByteRegister@address                     cstackCOMRAM 000019
I2C1_Read1ByteRegister@reg                         cstackCOMRAM 000018
I2C1_Read1ByteRegister@returnValue                 cstackCOMRAM 00001A
I2C1_SetAddressNackCallback@cb                     cstackCOMRAM 000008
I2C1_SetAddressNackCallback@ptr                    cstackCOMRAM 00000A
I2C1_SetBuffer@buffer                              cstackCOMRAM 000003
I2C1_SetBuffer@bufferSize                          cstackCOMRAM 000005
I2C1_SetCallback@cb                                cstackCOMRAM 000003
I2C1_SetCallback@idx                               cstackCOMRAM 000007
I2C1_SetCallback@ptr                               cstackCOMRAM 000005
I2C1_SetDataCompleteCallback@cb                    cstackCOMRAM 000008
I2C1_SetDataCompleteCallback@ptr                   cstackCOMRAM 00000A
I2C1_Write1ByteRegister@address                    cstackCOMRAM 00001A
I2C1_Write1ByteRegister@data                       cstackCOMRAM 000019
I2C1_Write1ByteRegister@reg                        cstackCOMRAM 000018
IO_ConfigPorts@ioStruct                            cstackCOMRAM 00001B
IO_ConfigPorts@port                                cstackCOMRAM 00001D
IO_ReadPin@ioStruct                                cstackBANK0  00007B
IO_ReadPin@mask                                    cstackBANK0  000080
IO_ReadPin@pin                                     cstackBANK0  00007D
IO_ReadPin@registerValue                           cstackBANK0  000081
IO_ResetPin@ioStruct                               cstackBANK0  00007B
IO_ResetPin@mask                                   cstackCOMRAM 000057
IO_ResetPin@pin                                    cstackBANK0  00007D
IO_SetPin@ioStruct                                 cstackBANK0  00007B
IO_SetPin@mask                                     cstackCOMRAM 000057
IO_SetPin@pin                                      cstackBANK0  00007D
IVTBASEH                                           (abs)        003FD6
IVTBASEL                                           (abs)        003FD5
IVTBASEU                                           (abs)        003FD7
PCD_AntennaOn@value                                cstackCOMRAM 000006
PCD_CalculateCRC@data                              cstackCOMRAM 000009
PCD_CalculateCRC@i                                 cstackCOMRAM 00000F
PCD_CalculateCRC@length                            cstackCOMRAM 00000B
PCD_CalculateCRC@n                                 cstackCOMRAM 00000E
PCD_CalculateCRC@result                            cstackCOMRAM 00000C
PCD_ClearRegisterBitMask@mask                      cstackCOMRAM 000006
PCD_ClearRegisterBitMask@reg                       cstackCOMRAM 000008
PCD_ClearRegisterBitMask@tmp                       cstackCOMRAM 000007
PCD_CommunicateWithPICC@_validBits                 cstackCOMRAM 00002E
PCD_CommunicateWithPICC@backData                   cstackCOMRAM 000015
PCD_CommunicateWithPICC@backLen                    cstackCOMRAM 000017
PCD_CommunicateWithPICC@bitFraming                 cstackCOMRAM 000024
PCD_CommunicateWithPICC@checkCRC                   cstackCOMRAM 00001C
PCD_CommunicateWithPICC@command                    cstackCOMRAM 000027
PCD_CommunicateWithPICC@controlBuffer              cstackCOMRAM 000025
PCD_CommunicateWithPICC@errorRegValue              cstackCOMRAM 000029
PCD_CommunicateWithPICC@i                          cstackCOMRAM 00002B
PCD_CommunicateWithPICC@n                          cstackCOMRAM 000028
PCD_CommunicateWithPICC@n_4646                     cstackCOMRAM 00002D
PCD_CommunicateWithPICC@rxAlign                    cstackCOMRAM 00001B
PCD_CommunicateWithPICC@sendData                   cstackCOMRAM 000012
PCD_CommunicateWithPICC@sendLen                    cstackCOMRAM 000014
PCD_CommunicateWithPICC@status                     cstackCOMRAM 00002A
PCD_CommunicateWithPICC@txLastBits                 cstackCOMRAM 000023
PCD_CommunicateWithPICC@validBits                  cstackCOMRAM 000019
PCD_CommunicateWithPICC@waitIRq                    cstackCOMRAM 000011
PCD_Init@hardReset                                 cstackCOMRAM 000009
PCD_ReadRegister@addr                              cstackCOMRAM 000004
PCD_ReadRegister@value                             cstackCOMRAM 000005
PCD_ReadRegisters@addr                             cstackCOMRAM 00000C
PCD_ReadRegisters@count                            cstackCOMRAM 000004
PCD_ReadRegisters@index                            cstackCOMRAM 00000D
PCD_ReadRegisters@mask                             cstackCOMRAM 00000B
PCD_ReadRegisters@rxAlign                          cstackCOMRAM 000007
PCD_ReadRegisters@value                            cstackCOMRAM 00000A
PCD_ReadRegisters@values                           cstackCOMRAM 000005
PCD_Reset@count                                    cstackCOMRAM 000007
PCD_SetRegisterBitMask@mask                        cstackCOMRAM 000006
PCD_SetRegisterBitMask@reg                         cstackCOMRAM 000008
PCD_SetRegisterBitMask@tmp                         cstackCOMRAM 000007
PCD_TransceiveData@backData                        cstackCOMRAM 000032
PCD_TransceiveData@backLen                         cstackCOMRAM 000034
PCD_TransceiveData@checkCRC                        cstackCOMRAM 000039
PCD_TransceiveData@rxAlign                         cstackCOMRAM 000038
PCD_TransceiveData@sendData                        cstackCOMRAM 00002F
PCD_TransceiveData@sendLen                         cstackCOMRAM 000031
PCD_TransceiveData@validBits                       cstackCOMRAM 000036
PCD_WriteRegister@addr                             cstackCOMRAM 000005
PCD_WriteRegister@value                            cstackCOMRAM 000004
PCD_WriteRegisters@addr                            cstackCOMRAM 000007
PCD_WriteRegisters@count                           cstackCOMRAM 000004
PCD_WriteRegisters@index                           cstackCOMRAM 000008
PCD_WriteRegisters@values                          cstackCOMRAM 000005
PICC_IsNewCardPresent@bufferATQA                   cstackCOMRAM 000046
PICC_IsNewCardPresent@bufferSize                   cstackCOMRAM 000049
PICC_IsNewCardPresent@result                       cstackCOMRAM 000048
PICC_REQA_or_WUPA@bufferATQA                       cstackCOMRAM 00003A
PICC_REQA_or_WUPA@bufferSize                       cstackCOMRAM 00003C
PICC_REQA_or_WUPA@command                          cstackCOMRAM 00003F
PICC_REQA_or_WUPA@status                           cstackCOMRAM 000040
PICC_REQA_or_WUPA@validBits                        cstackCOMRAM 000041
PICC_ReadCardSerial@result                         cstackCOMRAM 000042
PICC_RequestA@bufferATQA                           cstackCOMRAM 000042
PICC_RequestA@bufferSize                           cstackCOMRAM 000044
PICC_Select@buffer                                 cstackBANK0  000070
PICC_Select@bufferUsed                             cstackBANK0  000069
PICC_Select@bytesToCopy                            cstackBANK0  00007D
PICC_Select@cascadeLevel                           cstackBANK0  00006F
PICC_Select@checkBit                               cstackBANK0  000066
PICC_Select@collisionPos                           cstackBANK0  000079
PICC_Select@count                                  cstackBANK0  000081
PICC_Select@currentLevelKnownBits                  cstackBANK0  000084
PICC_Select@index                                  cstackBANK0  000083
PICC_Select@maxBytes                               cstackBANK0  00006D
PICC_Select@responseBuffer                         cstackBANK0  00007E
PICC_Select@responseLength                         cstackBANK0  00007C
PICC_Select@result                                 cstackBANK0  000082
PICC_Select@rxAlign                                cstackBANK0  00006C
PICC_Select@selectDone                             cstackBANK0  000068
PICC_Select@txLastBits                             cstackBANK0  000080
PICC_Select@uid                                    cstackCOMRAM 00003A
PICC_Select@uidComplete                            cstackBANK0  000067
PICC_Select@uidIndex                               cstackBANK0  00007B
PICC_Select@useCascadeTag                          cstackBANK0  00007A
PICC_Select@validBits                              cstackCOMRAM 00003C
PICC_Select@valueOfCollReg                         cstackBANK0  00006E
PWM5_LoadDutyValue@dutyValue                       cstackCOMRAM 000003
SPI1_ExchangeByte@data                             cstackCOMRAM 000003
SPI1_Open@spi1UniqueConfiguration                  cstackCOMRAM 000004
TMR0_ISR@counter_1s                                bssBANK1     0001C9
TMR0_SetInterruptHandler@InterruptHandler          cstackCOMRAM 000003
UART2_SetErrorHandler@interruptHandler             cstackCOMRAM 000003
UART2_SetFramingErrorHandler@interruptHandler      cstackCOMRAM 000003
UART2_SetOverrunErrorHandler@interruptHandler      cstackCOMRAM 000003
UART2_Write@txData                                 cstackCOMRAM 000003
_ADACCH                                            (abs)        003EE9
_ADACCL                                            (abs)        003EE8
_ADACCU                                            (abs)        003EEA
_ADACQH                                            (abs)        003EF4
_ADACQL                                            (abs)        003EF3
_ADACT                                             (abs)        003EFE
_ADCAP                                             (abs)        003EF5
_ADCC_GetSingleConversion                          text53       0089CE
_ADCC_Initialize                                   text186      0083EC
_ADCLK                                             (abs)        003EFF
_ADCNT                                             (abs)        003EEB
_ADCON0                                            (abs)        003EF8
_ADCON0bits                                        (abs)        003EF8
_ADCON1                                            (abs)        003EF9
_ADCON1bits                                        (abs)        003EF9
_ADCON2                                            (abs)        003EFA
_ADCON2bits                                        (abs)        003EFA
_ADCON3                                            (abs)        003EFB
_ADCON3bits                                        (abs)        003EFB
_ADERRH                                            (abs)        003EE3
_ADERRL                                            (abs)        003EE2
_ADFLTRH                                           (abs)        003EE7
_ADFLTRL                                           (abs)        003EE6
_ADLTHH                                            (abs)        003EDF
_ADLTHL                                            (abs)        003EDE
_ADPCH                                             (abs)        003EF1
_ADPREH                                            (abs)        003EF7
_ADPREL                                            (abs)        003EF6
_ADPREVH                                           (abs)        003EEE
_ADPREVL                                           (abs)        003EED
_ADREF                                             (abs)        003EFD
_ADRESH                                            (abs)        003EF0
_ADRESL                                            (abs)        003EEF
_ADRPT                                             (abs)        003EEC
_ADSTAT                                            (abs)        003EFC
_ADSTATbits                                        (abs)        003EFC
_ADSTPTH                                           (abs)        003EE5
_ADSTPTL                                           (abs)        003EE4
_ADUTHH                                            (abs)        003EE1
_ADUTHL                                            (abs)        003EE0
_ANSELA                                            (abs)        003A40
_ANSELB                                            (abs)        003A50
_ANSELC                                            (abs)        003A60
_Accel_ClearInterrupt                              text104      0090DE
_Accel_Config                                      text14       006986
_Accel_ReadRegister                                text105      00903A
_BRGCON1                                           (abs)        003703
_BRGCON2                                           (abs)        003704
_BRGCON3                                           (abs)        003705
_CANCON                                            (abs)        003F8F
_CANRXPPS                                          (abs)        003AED
_CANSTAT                                           (abs)        003F8E
_CAN_ID_TX_VALIDATION_M4                           mediumconst  00F030
_CAN_ID_TX_VALIDATION_M6                           mediumconst  00F028
_CAN_isRXErrorPassive                              text81       008E60
_CAN_isTXErrorPassive                              text80       008E46
_CAN_messagesInBuffer                              text79       008BB8
_CAN_receive                                       text76       0048BE
_CAN_transmit                                      text74       0039A6
_CCPTMRS1bits                                      (abs)        003F5F
_CIOCON                                            (abs)        003700
_COMSTATbits                                       (abs)        003F90
_DATAEE_ReadByte                                   text5        008DB4
_DATAEE_WriteByte                                  text57       0086D6
_ECANCON                                           (abs)        003F91
_ECAN_Initialize                                   text184      006DCC
_ECAN_SetWakeUpInterruptHandler                    text185      0090CC
_ECAN_WAKI_ISR                                     text190      008D94
_FLASH_ReadByte                                    text8        008CEC
_FM17522_firmware_reference                        mediumconst  00F068
_I2C1CLK                                           (abs)        003D7B
_I2C1CNT                                           (abs)        003D6C
_I2C1CON0                                          (abs)        003D73
_I2C1CON0bits                                      (abs)        003D73
_I2C1CON1                                          (abs)        003D74
_I2C1CON1bits                                      (abs)        003D74
_I2C1CON2                                          (abs)        003D75
_I2C1ERR                                           (abs)        003D76
_I2C1ERRbits                                       (abs)        003D76
_I2C1PIE                                           (abs)        003D7A
_I2C1PIEbits                                       (abs)        003D7A
_I2C1PIR                                           (abs)        003D79
_I2C1PIRbits                                       (abs)        003D79
_I2C1RXB                                           (abs)        003D6A
_I2C1SCLPPS                                        (abs)        003AE3
_I2C1SDAPPS                                        (abs)        003AE4
_I2C1STAT1bits                                     (abs)        003D78
_I2C1TXB                                           (abs)        003D6B
_I2C1_CallbackReturnReset                          text147      009152
_I2C1_CallbackReturnStop                           text148      009156
_I2C1_ClearInterruptFlags                          text157      008598
_I2C1_Close                                        text164      008B38
_I2C1_DO_ADDRESS_NACK                              text117      00807A
_I2C1_DO_BUS_COLLISION                             text116      007EC8
_I2C1_DO_BUS_ERROR                                 text115      00901A
_I2C1_DO_IDLE                                      text132      009064
_I2C1_DO_RESET                                     text118      00902A
_I2C1_DO_RX                                        text128      00752C
_I2C1_DO_RX_ACK                                    text121      0090F6
_I2C1_DO_RX_EMPTY                                  text126      00748A
_I2C1_DO_RX_NACK_RESTART                           text119      0090EE
_I2C1_DO_RX_NACK_STOP                              text120      009048
_I2C1_DO_SEND_ADR_READ                             text131      008A2E
_I2C1_DO_SEND_ADR_WRITE                            text130      008F6E
_I2C1_DO_SEND_RESTART                              text123      00914A
_I2C1_DO_SEND_RESTART_READ                         text125      009056
_I2C1_DO_SEND_RESTART_WRITE                        text124      00914E
_I2C1_DO_SEND_STOP                                 text122      008C32
_I2C1_DO_TX                                        text129      006486
_I2C1_DO_TX$2868                                   cstackCOMRAM 000010
_I2C1_DO_TX_ACK                                    text133      0090FE
_I2C1_DO_TX_EMPTY                                  text127      007B0E
_I2C1_Initialize                                   text183      008D52
_I2C1_MasterClearCountFlag                         text163      009144
_I2C1_MasterClearIrq                               text167      009106
_I2C1_MasterClearNackFlag                          text162      00913E
_I2C1_MasterClearStopFlag                          text161      009138
_I2C1_MasterClose                                  text166      009070
_I2C1_MasterDisableIrq                             text165      008DF0
_I2C1_MasterDisableRestart                         text145      009132
_I2C1_MasterEnableRestart                          text144      00912C
_I2C1_MasterFsm                                    text114      007C04
_I2C1_MasterGetCounter                             text136      00910E
_I2C1_MasterGetRxData                              text141      009126
_I2C1_MasterIsCountFlagSet                         text160      008FF2
_I2C1_MasterIsNack                                 text135      008F9A
_I2C1_MasterIsNackFlagSet                          text159      008FDC
_I2C1_MasterIsRxBufFull                            text140      008FB0
_I2C1_MasterIsStopFlagSet                          text158      008FC6
_I2C1_MasterIsTxBufEmpty                           text134      008F84
_I2C1_MasterOpen                                   text109      008D30
_I2C1_MasterOperation                              text111      008546
_I2C1_MasterResetBus                               text146      00909A
_I2C1_MasterSendAck                                text139      009120
_I2C1_MasterSendNack                               text138      00911A
_I2C1_MasterSendTxData                             text142      009086
_I2C1_MasterSetCounter                             text143      009090
_I2C1_MasterStop                                   text137      009114
_I2C1_MasterWaitForEvent                           text113      008390
_I2C1_MasterWrite                                  text110      0090E6
_I2C1_Open                                         text108      007666
_I2C1_Poller                                       text112      008DD2
_I2C1_Read1ByteRegister                            text106      007CF6
_I2C1_SetAddressNackCallback                       text107      008EF6
_I2C1_SetBuffer                                    text156      008CA4
_I2C1_SetCallback                                  text155      007A14
_I2C1_SetDataCompleteCallback                      text154      008F0E
_I2C1_Status                                       bssBANK1     000100
_I2C1_Write1ByteRegister                           text72       007E56
_INLVLA                                            (abs)        003A44
_INLVLB                                            (abs)        003A54
_INLVLC                                            (abs)        003A64
_INLVLE                                            (abs)        003A84
_INTCON0bits                                       (abs)        003FD2
_INTERRUPT_Initialize                              text182      00915A
_INTERRUPT_InterruptManager                        text187      008276
_IO_ConfigPorts                                    text9        0080E2
_IO_ReadPin                                        text84       007DE2
_IO_ResetPin                                       text71       007916
_IO_SetPin                                         text70       007996
_LATA                                              (abs)        003FBA
_LATAbits                                          (abs)        003FBA
_LATB                                              (abs)        003FBB
_LATC                                              (abs)        003FBC
_LATCbits                                          (abs)        003FBC
_MFRC522_firmware_referenceV0_0                    mediumconst  00F128
_MFRC522_firmware_referenceV1_0                    mediumconst  00F0E8
_MFRC522_firmware_referenceV2_0                    mediumconst  00F0A8
_NVMADRH                                           (abs)        0039E1
_NVMADRL                                           (abs)        0039E0
_NVMCON1bits                                       (abs)        0039E5
_NVMCON2                                           (abs)        0039E6
_NVMDAT                                            (abs)        0039E3
_ODCONA                                            (abs)        003A42
_ODCONB                                            (abs)        003A52
_ODCONC                                            (abs)        003A62
_OSCCON1                                           (abs)        0039D9
_OSCCON3                                           (abs)        0039DB
_OSCEN                                             (abs)        0039DD
_OSCFRQ                                            (abs)        0039DF
_OSCILLATOR_Initialize                             text181      008F56
_OSCTUNE                                           (abs)        0039DE
_PCD_AntennaOn                                     text33       008B8E
_PCD_CalculateCRC                                  text27       007334
_PCD_ClearRegisterBitMask                          text29       008E2C
_PCD_CommunicateWithPICC                           text24       003D06
_PCD_CommunicateWithPICC$4640                      cstackCOMRAM 000021
_PCD_Init                                          text30       007286
_PCD_ReadRegister                                  text35       008D0E
_PCD_ReadRegisters                                 text26       0068A4
_PCD_Reset                                         text32       008768
_PCD_SetRegisterBitMask                            text25       008EC6
_PCD_TransceiveData                                text23       0088FA
_PCD_WriteRegister                                 text34       008D74
_PCD_WriteRegisters                                text28       008720
_PICC_IsNewCardPresent                             text20       008212
_PICC_REQA_or_WUPA                                 text22       007100
_PICC_ReadCardSerial                               text17       008BE2
_PICC_RequestA                                     text21       008EAE
_PICC_Select                                       text18       00166C
_PICC_Select$4685                                  cstackBANK0  00006A
_PICC_Select$4686                                  cstackBANK0  00006B
_PICC_Select$4689                                  cstackBANK0  000060
_PICC_Select$4692                                  cstackBANK0  000062
_PICC_Select$4693                                  cstackBANK0  000064
_PIE2bits                                          (abs)        003992
_PIE3bits                                          (abs)        003993
_PIE5bits                                          (abs)        003995
_PIN_MANAGER_Initialize                            text180      007780
_PIR0bits                                          (abs)        0039A0
_PIR2bits                                          (abs)        0039A2
_PIR3bits                                          (abs)        0039A3
_PIR4bits                                          (abs)        0039A4
_PIR5bits                                          (abs)        0039A5
_PIR7bits                                          (abs)        0039A7
_PMD0                                              (abs)        0039C0
_PMD1                                              (abs)        0039C1
_PMD2                                              (abs)        0039C2
_PMD3                                              (abs)        0039C3
_PMD4                                              (abs)        0039C4
_PMD5                                              (abs)        0039C5
_PMD6                                              (abs)        0039C6
_PMD7                                              (abs)        0039C7
_PMD_Initialize                                    text179      008CC8
_PORTBbits                                         (abs)        003FCB
_PORTCbits                                         (abs)        003FCC
_PR2                                               (abs)        003FAB
_PWM5CON                                           (abs)        003F6E
_PWM5DCH                                           (abs)        003F6D
_PWM5DCL                                           (abs)        003F6C
_PWM5_Initialize                                   text178      008F3E
_PWM5_LoadDutyValue                                text45       008968
_PWM6CON                                           (abs)        003F6A
_PWM6DCH                                           (abs)        003F69
_PWM6DCL                                           (abs)        003F68
_PWM6_Initialize                                   text177      008F26
_RA6PPS                                            (abs)        003A06
_RB0PPS                                            (abs)        003A08
_RB1PPS                                            (abs)        003A09
_RB2PPS                                            (abs)        003A0A
_RB5PPS                                            (abs)        003A0D
_RC2PPS                                            (abs)        003A12
_RC3PPS                                            (abs)        003A13
_RC5PPS                                            (abs)        003A15
_RXB0CONbits                                       (abs)        003F80
_RXB0D0                                            (abs)        003F86
_RXB0D1                                            (abs)        003F87
_RXB0D2                                            (abs)        003F88
_RXB0D3                                            (abs)        003F89
_RXB0D4                                            (abs)        003F8A
_RXB0D5                                            (abs)        003F8B
_RXB0D6                                            (abs)        003F8C
_RXB0D7                                            (abs)        003F8D
_RXB0DLC                                           (abs)        003F85
_RXB0EIDH                                          (abs)        003F83
_RXB0EIDL                                          (abs)        003F84
_RXB0SIDH                                          (abs)        003F81
_RXB0SIDL                                          (abs)        003F82
_RXB1CONbits                                       (abs)        0037F0
_RXB1D0                                            (abs)        0037F6
_RXB1D1                                            (abs)        0037F7
_RXB1D2                                            (abs)        0037F8
_RXB1D3                                            (abs)        0037F9
_RXB1D4                                            (abs)        0037FA
_RXB1D5                                            (abs)        0037FB
_RXB1D6                                            (abs)        0037FC
_RXB1D7                                            (abs)        0037FD
_RXB1DLC                                           (abs)        0037F5
_RXB1EIDH                                          (abs)        0037F3
_RXB1EIDL                                          (abs)        0037F4
_RXB1SIDH                                          (abs)        0037F1
_RXB1SIDL                                          (abs)        0037F2
_RXF0EIDH                                          (abs)        0037A2
_RXF0EIDL                                          (abs)        0037A3
_RXF0SIDH                                          (abs)        0037A0
_RXF0SIDL                                          (abs)        0037A1
_RXF1EIDH                                          (abs)        0037A6
_RXF1EIDL                                          (abs)        0037A7
_RXF1SIDH                                          (abs)        0037A4
_RXF1SIDL                                          (abs)        0037A5
_RXF2EIDH                                          (abs)        0037AA
_RXF2EIDL                                          (abs)        0037AB
_RXF2SIDH                                          (abs)        0037A8
_RXF2SIDL                                          (abs)        0037A9
_RXF3EIDH                                          (abs)        0037AE
_RXF3EIDL                                          (abs)        0037AF
_RXF3SIDH                                          (abs)        0037AC
_RXF3SIDL                                          (abs)        0037AD
_RXF4EIDH                                          (abs)        0037B2
_RXF4EIDL                                          (abs)        0037B3
_RXF4SIDH                                          (abs)        0037B0
_RXF4SIDL                                          (abs)        0037B1
_RXF5EIDH                                          (abs)        0037B6
_RXF5EIDL                                          (abs)        0037B7
_RXF5SIDH                                          (abs)        0037B4
_RXF5SIDL                                          (abs)        0037B5
_RXM0EIDH                                          (abs)        0037BA
_RXM0EIDL                                          (abs)        0037BB
_RXM0SIDH                                          (abs)        0037B8
_RXM0SIDL                                          (abs)        0037B9
_RXM1EIDH                                          (abs)        0037BE
_RXM1EIDL                                          (abs)        0037BF
_RXM1SIDH                                          (abs)        0037BC
_RXM1SIDL                                          (abs)        0037BD
_SLRCONA                                           (abs)        003A43
_SLRCONB                                           (abs)        003A53
_SLRCONC                                           (abs)        003A63
_SPI1BAUD                                          (abs)        003D19
_SPI1CLK                                           (abs)        003D1C
_SPI1CON0                                          (abs)        003D14
_SPI1CON0bits                                      (abs)        003D14
_SPI1CON1                                          (abs)        003D15
_SPI1CON2                                          (abs)        003D16
_SPI1RXB                                           (abs)        003D10
_SPI1SCKPPS                                        (abs)        003AE0
_SPI1SDIPPS                                        (abs)        003AE1
_SPI1TCNTL                                         (abs)        003D12
_SPI1TXB                                           (abs)        003D11
_SPI1_ExchangeByte                                 text36       008C80
_SPI1_Initialize                                   text176      008E94
_SPI1_Open                                         text31       006A66
_SYSTEM_Initialize                                 text168      008932
_T0CON0                                            (abs)        003FB8
_T0CON0bits                                        (abs)        003FB8
_T0CON1                                            (abs)        003FB9
_T2CLKCON                                          (abs)        003FAE
_T2CON                                             (abs)        003FAC
_T2CONbits                                         (abs)        003FAC
_T2HLT                                             (abs)        003FAD
_T2HLTbits                                         (abs)        003FAD
_T2PR                                              (abs)        003FAB
_T2RST                                             (abs)        003FAF
_T2RSTbits                                         (abs)        003FAF
_T2TMR                                             (abs)        003FAA
_TABLAT                                            (abs)        003FF5
_TBLPTRH                                           (abs)        003FF7
_TBLPTRL                                           (abs)        003FF6
_TBLPTRU                                           (abs)        003FF8
_TMR0H                                             (abs)        003FB7
_TMR0L                                             (abs)        003FB6
_TMR0_DefaultInterruptHandler                      text189      00915E
_TMR0_ISR                                          text188      002B2A
_TMR0_Initialize                                   text174      0088BE
_TMR0_InterruptHandler                             nvBANK1      0001EE
[...]
intlevel1                                          text         000000
intlevel2                                          text         000000
intlevel3                                          text         000000
isa$std                                            (abs)        000001
isa$xinst                                          (abs)        000000
ivt0x8_base                                        ivt0x8       000008
main@flag_debug                                    bssBANK1     0001C2
pad@buf                                            cstackCOMRAM 000017
pad@fp                                             cstackCOMRAM 000015
pad@i                                              cstackCOMRAM 00001C
pad@p                                              cstackCOMRAM 000019
pad@w                                              cstackCOMRAM 00001E
printf@ap                                          cstackBANK0  000079
printf@fmt                                         cstackBANK0  00006D
putch@txData                                       cstackCOMRAM 000004
rd1RegCompleteHandler@ptr                          cstackCOMRAM 00000C
rd2RegCompleteHandler@ptr                          cstackCOMRAM 00000C
rdBlkRegCompleteHandler@ptr                        cstackCOMRAM 00000C
stackhi                                            (abs)        000000
stacklo                                            (abs)        000000
start                                              init         00001A
start_initialization                               cinit        0081AE
stoa@F1156                                         dataBANK1    0001F6
stoa@cp                                            cstackCOMRAM 00001E
stoa@fp                                            cstackCOMRAM 00000E
stoa@i                                             cstackCOMRAM 00001C
stoa@l                                             cstackCOMRAM 000020
stoa@nuls                                          cstackCOMRAM 000013
stoa@p                                             cstackCOMRAM 000022
stoa@s                                             cstackCOMRAM 000010
stoa@w                                             cstackCOMRAM 00001A
strlen@a                                           cstackCOMRAM 000005
strlen@s                                           cstackCOMRAM 000003
strncmp@_l                                         cstackCOMRAM 000003
strncmp@_r                                         cstackCOMRAM 000005
strncmp@l                                          cstackCOMRAM 00000A
strncmp@n                                          cstackCOMRAM 000007
strncmp@r                                          cstackCOMRAM 00000C
utoa@d                                             cstackCOMRAM 000022
utoa@fp                                            cstackCOMRAM 000020
utoa@i                                             cstackCOMRAM 000036
utoa@p                                             cstackCOMRAM 000034
utoa@w                                             cstackCOMRAM 000032
vfpfcnvrt@ap                                       cstackCOMRAM 00003F
vfpfcnvrt@c                                        cstackBANK0  000062
vfpfcnvrt@convarg                                  cstackBANK0  000063
vfpfcnvrt@cp                                       cstackBANK0  00006B
vfpfcnvrt@fmt                                      cstackCOMRAM 00003D
vfpfcnvrt@fp                                       cstackCOMRAM 00003B
vfprintf@ap                                        cstackCOMRAM 000053
vfprintf@cfmt                                      cstackCOMRAM 000055
vfprintf@fmt                                       cstackCOMRAM 000051
vfprintf@fp                                        cstackCOMRAM 00004F
wr1RegCompleteHandler@ptr                          cstackCOMRAM 00000C
wr2RegCompleteHandler@ptr                          cstackCOMRAM 00000C
xtoa@c                                             cstackCOMRAM 00003A
xtoa@d                                             cstackCOMRAM 000022
xtoa@fp                                            cstackCOMRAM 000020
xtoa@i                                             cstackCOMRAM 000038
xtoa@p                                             cstackCOMRAM 000036
xtoa@w                                             cstackCOMRAM 000032


MODULE INFORMATION

Module		Function		Class		Link	Load	Size
mcc_generated_files/uart2.c
		_putch         		CODE           	907C	0000	10
		_UART2_Write   		CODE           	8E7A	0000	26
		_UART2_SetFramingErrorHandler		CODE           	90AE	0000	10
		_UART2_SetOverrunErrorHandler		CODE           	90A4	0000	10
		_UART2_Initialize		CODE           	8010	0000	106
		_UART2_SetErrorHandler		CODE           	90B8	0000	10

mcc_generated_files/uart2.c estimated size: 172

mcc_generated_files/examples/i2c1_master_example.c
		_wr1RegCompleteHandler		CODE           	8A88	0000	44
		_wr2RegCompleteHandler		CODE           	8B0C	0000	44
		_I2C1_Write1ByteRegister		CODE           	7E56	0000	114
		_rdBlkRegCompleteHandler		CODE           	868A	0000	76
		_rd1RegCompleteHandler		CODE           	8AE0	0000	44
		_rd2RegCompleteHandler		CODE           	8AB4	0000	44
		_I2C1_Read1ByteRegister		CODE           	7CF6	0000	120

mcc_generated_files/examples/i2c1_master_example.c estimated size: 486

C:\Program Files\Microchip\xc8\v2.41\pic\sources\c99\common\Umul32.c
		___lmul        		CODE           	7FA6	0000	106

C:\Program Files\Microchip\xc8\v2.41\pic\sources\c99\common\Umul32.c estimated size: 106

mcc_generated_files/pwm6.c
		_PWM6_Initialize		CODE           	8F26	0000	24

mcc_generated_files/pwm6.c estimated size: 24

C:\Program Files\Microchip\xc8\v2.41\pic\sources\c99\common\fltol.c
		___fltol       		CODE           	65A8	0000	262

C:\Program Files\Microchip\xc8\v2.41\pic\sources\c99\common\fltol.c estimated size: 262

mcc_generated_files/i2c1_master.c
		_I2C1_DO_SEND_RESTART		CODE           	914A	0000	4
		_I2C1_MasterIsNackFlagSet		CODE           	8FDC	0000	22
		_I2C1_DO_RX_EMPTY		CODE           	748A	0000	162
		_I2C1_DO_TX_EMPTY		CODE           	7B0E	0000	124
		_I2C1_DO_SEND_RESTART_READ		CODE           	9056	0000	14
		_I2C1_MasterClearNackFlag		CODE           	913E	0000	6
		_I2C1_CallbackReturnStop		CODE           	9156	0000	4
		_I2C1_DO_RX    		CODE           	752C	0000	158
		_I2C1_DO_TX    		CODE           	6486	0000	290
		_I2C1_SetAddressNackCallback		CODE           	8EF6	0000	24
		_I2C1_DO_IDLE  		CODE           	9064	0000	12
		_I2C1_MasterOpen		CODE           	8D30	0000	34
		_I2C1_MasterSendTxData		CODE           	9086	0000	10
		_I2C1_MasterStop		CODE           	9114	0000	6
		_I2C1_MasterIsStopFlagSet		CODE           	8FC6	0000	22
		_I2C1_CallbackReturnReset		CODE           	9152	0000	4
		_I2C1_DO_RESET 		CODE           	902A	0000	16
		_I2C1_Poller   		CODE           	8DD2	0000	30
		_I2C1_DO_RX_ACK		CODE           	90F6	0000	8
		_I2C1_DO_TX_ACK		CODE           	90FE	0000	8
		_I2C1_MasterWaitForEvent		CODE           	8390	0000	92
		_I2C1_MasterSendNack		CODE           	911A	0000	6
		_I2C1_DO_RX_NACK_RESTART		CODE           	90EE	0000	8
		_I2C1_MasterDisableIrq		CODE           	8DF0	0000	30
		_I2C1_ClearInterruptFlags		CODE           	8598	0000	82
		_I2C1_MasterOperation		CODE           	8546	0000	82
		_I2C1_MasterClearStopFlag		CODE           	9138	0000	6
		_I2C1_SetCallback		CODE           	7A14	0000	126
		_I2C1_MasterEnableRestart		CODE           	912C	0000	6
		_I2C1_MasterGetCounter		CODE           	910E	0000	6
		_I2C1_MasterSetCounter		CODE           	9090	0000	10
		_I2C1_Open     		CODE           	7666	0000	144
		_I2C1_DO_ADDRESS_NACK		CODE           	807A	0000	104
		_I2C1_MasterDisableRestart		CODE           	9132	0000	6
		_I2C1_MasterClearCountFlag		CODE           	9144	0000	6
		_I2C1_SetBuffer		CODE           	8CA4	0000	36
		_I2C1_DO_SEND_RESTART_WRITE		CODE           	914E	0000	4
		_I2C1_MasterIsTxBufEmpty		CODE           	8F84	0000	22
		_I2C1_MasterClose		CODE           	9070	0000	12
		_I2C1_MasterWrite		CODE           	90E6	0000	8
		_I2C1_Initialize		CODE           	8D52	0000	34
		_I2C1_Close    		CODE           	8B38	0000	44
		_I2C1_MasterIsRxBufFull		CODE           	8FB0	0000	22
		_I2C1_MasterIsNack		CODE           	8F9A	0000	22
		_I2C1_DO_SEND_ADR_WRITE		CODE           	8F6E	0000	22
		_I2C1_MasterClearIrq		CODE           	9106	0000	8
		_I2C1_SetDataCompleteCallback		CODE           	8F0E	0000	24
		_I2C1_DO_SEND_STOP		CODE           	8C32	0000	40
		_I2C1_DO_BUS_COLLISION		CODE           	7EC8	0000	112
		_I2C1_DO_BUS_ERROR		CODE           	901A	0000	16
		_I2C1_MasterSendAck		CODE           	9120	0000	6
		_I2C1_MasterFsm		CODE           	7C04	0000	122
		_I2C1_MasterGetRxData		CODE           	9126	0000	6
		_I2C1_MasterResetBus		CODE           	909A	0000	10
		_I2C1_MasterIsCountFlagSet		CODE           	8FF2	0000	22
		_I2C1_DO_SEND_ADR_READ		CODE           	8A2E	0000	46
		_I2C1_DO_RX_NACK_STOP		CODE           	9048	0000	14

mcc_generated_files/i2c1_master.c estimated size: 2324

C:\Program Files\Microchip\xc8\v2.41\pic\sources\c99\common\xxtofl.c
		___xxtofl      		CODE           	5474	0000	436

C:\Program Files\Microchip\xc8\v2.41\pic\sources\c99\common\xxtofl.c estimated size: 436

mcc_generated_files/tmr2.c
		_TMR2_Initialize		CODE           	8E0E	0000	30

mcc_generated_files/tmr2.c estimated size: 30

C:\Program Files\Microchip\xc8\v2.41\pic\sources\c99\common\lodiv.c
		___lodiv       		CODE           	67B4	0000	240

C:\Program Files\Microchip\xc8\v2.41\pic\sources\c99\common\lodiv.c estimated size: 240

mcc_generated_files/interrupt_manager.c
		_INTERRUPT_Initialize		CODE           	915A	0000	4
		_INTERRUPT_InterruptManager		CODE           	8276	0000	96

mcc_generated_files/interrupt_manager.c estimated size: 100

C:\Program Files\Microchip\xc8\v2.41\pic\sources\c99\common\aodiv.c
		___aodiv       		CODE           	5ADE	0000	392

C:\Program Files\Microchip\xc8\v2.41\pic\sources\c99\common\aodiv.c estimated size: 392

C:\Program Files\Microchip\xc8\v2.41\pic\sources\c99\common\rand.c
		_rand          		CODE           	7F38	0000	110

C:\Program Files\Microchip\xc8\v2.41\pic\sources\c99\common\rand.c estimated size: 110

C:\Program Files\Microchip\xc8\v2.41\pic\sources\c99\common\strlen.c
		_strlen        		CODE           	8448	0000	88

C:\Program Files\Microchip\xc8\v2.41\pic\sources\c99\common\strlen.c estimated size: 88

C:\Program Files\Microchip\xc8\v2.41\pic\sources\c99\common\nf_fputc.c
		_fputc         		CODE           	6CF4	0000	216

C:\Program Files\Microchip\xc8\v2.41\pic\sources\c99\common\nf_fputc.c estimated size: 216

mcc_generated_files/tmr0.c
		_TMR0_SetInterruptHandler		CODE           	90C2	0000	10
		_TMR0_DefaultInterruptHandler		CODE           	915E	0000	2
		_TMR0_ISR      		CODE           	2B2A	0000	986
		_TMR0_Initialize		CODE           	88BE	0000	60

mcc_generated_files/tmr0.c estimated size: 1058

mcc_generated_files/pin_manager.c
		_PIN_MANAGER_Initialize		CODE           	7780	0000	138

mcc_generated_files/pin_manager.c estimated size: 138

C:\Program Files\Microchip\xc8\v2.41\pic\sources\c99\common\lwdiv.c
		___lwdiv       		CODE           	7D6E	0000	116

C:\Program Files\Microchip\xc8\v2.41\pic\sources\c99\common\lwdiv.c estimated size: 116

C:\Program Files\Microchip\xc8\v2.41\pic\sources\c99\common\awdiv.c
		___awdiv       		CODE           	703C	0000	196

C:\Program Files\Microchip\xc8\v2.41\pic\sources\c99\common\awdiv.c estimated size: 196

mcc_generated_files/spi1.c
		_SPI1_Open     		CODE           	6A66	0000	220
		_SPI1_Initialize		CODE           	8E94	0000	26
		_SPI1_ExchangeByte		CODE           	8C80	0000	36

mcc_generated_files/spi1.c estimated size: 282

C:\Program Files\Microchip\xc8\v2.41\pic\sources\c99\common\abs.c
		_abs           		CODE           	887E	0000	64

C:\Program Files\Microchip\xc8\v2.41\pic\sources\c99\common\abs.c estimated size: 64

C:\Program Files\Microchip\xc8\v2.41\pic\sources\c99\common\doprnt.c
		_vfpfcnvrt     		CODE           	0F20	0000	1868
		_pad           		CODE           	7B8A	0000	122
		_dtoa          		CODE           	5056	0000	594
		_vfprintf      		CODE           	84A0	0000	84
		_stoa          		CODE           	6206	0000	326
		_utoa          		CODE           	57BC	0000	404
		_xtoa          		CODE           	5DE2	0000	362

C:\Program Files\Microchip\xc8\v2.41\pic\sources\c99\common\doprnt.c estimated size: 3760

header_files/LIS2DW12.c
		_Accel_ReadRegister		CODE           	903A	0000	14
		_Accel_Config  		CODE           	6986	0000	224
		_Accel_ClearInterrupt		CODE           	90DE	0000	8

header_files/LIS2DW12.c estimated size: 246

mcc_generated_files/ecan.c
		_ECAN_SetWakeUpInterruptHandler		CODE           	90CC	0000	10
		_CAN_isRXErrorPassive		CODE           	8E60	0000	26
		_CAN_receive   		CODE           	48BE	0000	696
		_ECAN_Initialize		CODE           	6DCC	0000	216
		_convertReg2ExtendedCANid		CODE           	634C	0000	314
		_CAN_isTXErrorPassive		CODE           	8E46	0000	26
		_CAN_transmit  		CODE           	39A6	0000	864
		_convertReg2StandardCANid		CODE           	7C7E	0000	120
		_WakeUpDefaultInterruptHandler		CODE           	9160	0000	2
		_convertCANid2Reg		CODE           	5628	0000	404
		_CAN_messagesInBuffer		CODE           	8BB8	0000	42
		_ECAN_WAKI_ISR 		CODE           	8D94	0000	32

mcc_generated_files/ecan.c estimated size: 2752

shared
		_CAN_ID_TX_TAG_RFID		MEDIUMCONST    	0000	0000	0
		_CAN_ID_TX_ALARM_LOW		MEDIUMCONST    	0000	0000	0
		_CAN_ID_TX_BEAT		MEDIUMCONST    	0000	0000	0
		_CAN_ID_TX_VALIDATION_M3		MEDIUMCONST    	0000	0000	0
		_CAN_ID_TX_FAIL_HIGH		MEDIUMCONST    	0000	0000	0
		_CAN_ID_TX_FAIL_IHM		MEDIUMCONST    	0000	0000	0
		_CAN_ID_TX_VALIDATION_M6		MEDIUMCONST    	F028	0000	4
		_MFRC522_firmware_referenceV0_0		MEDIUMCONST    	F128	0000	64
		_MFRC522_firmware_referenceV1_0		MEDIUMCONST    	F0E8	0000	64
		_MFRC522_firmware_referenceV2_0		MEDIUMCONST    	F0A8	0000	64
		__initialization		CODE           	81AE	0000	94
		_CAN_ID_TX_ALARM_HIGH		MEDIUMCONST    	0000	0000	0
		_CAN_ID_TX_VALIDATION_M2		MEDIUMCONST    	0000	0000	0
		_CAN_ID_TX_ALARM_IHM		MEDIUMCONST    	0000	0000	0
		_CAN_ID_TX_FAIL_LOW		MEDIUMCONST    	0000	0000	0
		_CAN_ID_TX_VALIDATION_M5		MEDIUMCONST    	0000	0000	0
		_i2c1_fsmStateTable		MEDIUMCONST    	EFFD	0000	38
		_CAN_ID_TX_SERIAL		MEDIUMCONST    	0000	0000	0
		_FM17522_firmware_reference		MEDIUMCONST    	F068	0000	64
		_CAN_ID_TX_VALIDATION_M1		MEDIUMCONST    	0000	0000	0
		_CAN_ID_TX_STATUS		MEDIUMCONST    	0000	0000	0
		_spi1_configuration		MEDIUMCONST    	F023	0000	5
		_CAN_ID_TX_VALIDATION_M4		MEDIUMCONST    	F030	0000	4

shared estimated size: 401

header_files/tca9534.c
		_IO_SetPin     		CODE           	7996	0000	126
		_IO_ResetPin   		CODE           	7916	0000	128
		_IO_ReadPin    		CODE           	7DE2	0000	116
		_IO_ConfigPorts		CODE           	80E2	0000	102

header_files/tca9534.c estimated size: 472

mcc_generated_files/pwm5.c
		_PWM5_LoadDutyValue		CODE           	8968	0000	52
		_PWM5_Initialize		CODE           	8F3E	0000	24

mcc_generated_files/pwm5.c estimated size: 76

mcc_generated_files/mcc.c
		_PMD_Initialize		CODE           	8CC8	0000	36
		_OSCILLATOR_Initialize		CODE           	8F56	0000	24
		_SYSTEM_Initialize		CODE           	8932	0000	54

mcc_generated_files/mcc.c estimated size: 114

mcc_generated_files/memory.c
		_FLASH_ReadByte		CODE           	8CEC	0000	34
		_DATAEE_WriteByte		CODE           	86D6	0000	74
		_DATAEE_ReadByte		CODE           	8DB4	0000	30

mcc_generated_files/memory.c estimated size: 138

header_files/RC552.c
		_PCD_SetRegisterBitMask		CODE           	8EC6	0000	24
		_PCD_Init      		CODE           	7286	0000	174
		_PICC_IsNewCardPresent		CODE           	8212	0000	100
		_PICC_ReadCardSerial		CODE           	8BE2	0000	40
		_PCD_TransceiveData		CODE           	88FA	0000	56
		_PCD_ReadRegister		CODE           	8D0E	0000	34
		_PCD_WriteRegister		CODE           	8D74	0000	32
		_PICC_RequestA 		CODE           	8EAE	0000	24
		_PCD_AntennaOn 		CODE           	8B8E	0000	42
		_PCD_Reset     		CODE           	8768	0000	72
		_PCD_ReadRegisters		CODE           	68A4	0000	226
		_PCD_CalculateCRC		CODE           	7334	0000	172
		_PICC_Select   		CODE           	166C	0000	1614
		_PCD_ClearRegisterBitMask		CODE           	8E2C	0000	26
		_PCD_WriteRegisters		CODE           	8720	0000	72
		_PICC_REQA_or_WUPA		CODE           	7100	0000	196
		_PCD_CommunicateWithPICC		CODE           	3D06	0000	834

header_files/RC552.c estimated size: 3738

C:\Program Files\Microchip\xc8\v2.41\pic\sources\c99\common\nf_fputs.c
		_fputs         		CODE           	87F8	0000	68

C:\Program Files\Microchip\xc8\v2.41\pic\sources\c99\common\nf_fputs.c estimated size: 68

mcc_generated_files/adcc.c
		_ADCC_GetSingleConversion		CODE           	89CE	0000	50
		_ADCC_Initialize		CODE           	83EC	0000	92

mcc_generated_files/adcc.c estimated size: 142

C:\Program Files\Microchip\xc8\v2.41\pic\sources\c99\common\lomod.c
		___lomod       		CODE           	6EA4	0000	208

C:\Program Files\Microchip\xc8\v2.41\pic\sources\c99\common\lomod.c estimated size: 208

C:\Program Files\Microchip\xc8\v2.41\pic\sources\c99\common\aomod.c
		___aomod       		CODE           	5F4C	0000	356

C:\Program Files\Microchip\xc8\v2.41\pic\sources\c99\common\aomod.c estimated size: 356

main.c
		_fx_eeprom_read_int32		CODE           	82D6	0000	94
		_fx_power_supply_request		CODE           	9008	0000	18
		_control_power_supply		CODE           	60B0	0000	342
		_fx_accel_config		CODE           	8B64	0000	42
		_main          		CODE           	76F6	0000	138
		_control_wdt   		CODE           	883C	0000	66
		_fx_eeprom_read_int16		CODE           	899C	0000	50
		_fx_can_config 		CODE           	780A	0000	134
		_fx_eeprom_write_int32		CODE           	8A00	0000	46
		_fx_random_validate		CODE           	87B0	0000	72
		_fx_eeprom_start		CODE           	52A8	0000	460
		_control_accel 		CODE           	6B42	0000	218
		_control_motor 		CODE           	4048	0000	756
		_fx_hall_read_sensors		CODE           	5950	0000	398
		_fx_random_generate		CODE           	75CA	0000	156
		_fx_hall_Manager		CODE           	433C	0000	708
		_fx_system_start		CODE           	71C4	0000	194
		_fx_pin_check_status		CODE           	85EA	0000	80
		_fx_power_supply_release		CODE           	8EDE	0000	24
		_control_random_number		CODE           	863A	0000	80
		_control_system		CODE           	226C	0000	1146
		_fx_start_lock 		CODE           	4DE8	0000	622
		_control_alarms		CODE           	362A	0000	892
		_control_canbus		CODE           	1CBA	0000	1458
		_control_lights		CODE           	4B76	0000	626
		_control_faults		CODE           	26E6	0000	1092
		_fx_motor_off  		CODE           	8A5C	0000	44
		_fx_default_values_start		CODE           	73E0	0000	170
		_fx_can_process_message		CODE           	001E	0000	3842
		_fx_rfid_manager		CODE           	329E	0000	908
		_fx_selftest_manager		CODE           	5C66	0000	380
		_fx_serial_set 		CODE           	7890	0000	134
		_fx_motor_open 		CODE           	8148	0000	102
		_fx_head_manager_sensor		CODE           	7A92	0000	124
		_fx_serial_get_uid		CODE           	6F74	0000	200
		_fx_can_config_buffer		CODE           	6C1C	0000	216
		_fx_motor_close		CODE           	84F4	0000	82
		_fx_head_light_calc_potency		CODE           	8334	0000	92
		_fx_eeprom_write_int16		CODE           	8C5A	0000	38
		_control_sensors		CODE           	4600	0000	702

main.c estimated size: 16946

C:\Program Files\Microchip\xc8\v2.41\pic\sources\c99\common\strncmp.c
		_strncmp       		CODE           	66AE	0000	262

C:\Program Files\Microchip\xc8\v2.41\pic\sources\c99\common\strncmp.c estimated size: 262

C:\Program Files\Microchip\xc8\v2.41\pic\sources\c99\common\printf.c
		_printf        		CODE           	8C0A	0000	40

C:\Program Files\Microchip\xc8\v2.41\pic\sources\c99\common\printf.c estimated size: 40

C:\Program Files\Microchip\xc8\v2.41\pic\sources\c99\common\sprcdiv.c
		___fldiv       		CODE           	2F04	0000	922

C:\Program Files\Microchip\xc8\v2.41\pic\sources\c99\common\sprcdiv.c estimated size: 922

